Archive member included to satisfy reference by file (symbol)

/opt/stm32cubeide/plugins/com.st.stm32cube.ide.mcu.externaltools.gnu-tools-for-stm32.13.3.rel1.linux64_1.0.0.202410170706/tools/bin/../lib/gcc/arm-none-eabi/13.3.1/../../../../arm-none-eabi/lib/thumb/v7e-m+fp/hard/libc_nano.a(libc_a-exit.o)
                              /opt/stm32cubeide/plugins/com.st.stm32cube.ide.mcu.externaltools.gnu-tools-for-stm32.13.3.rel1.linux64_1.0.0.202410170706/tools/bin/../lib/gcc/arm-none-eabi/13.3.1/../../../../arm-none-eabi/lib/thumb/v7e-m+fp/hard/crt0.o (exit)
/opt/stm32cubeide/plugins/com.st.stm32cube.ide.mcu.externaltools.gnu-tools-for-stm32.13.3.rel1.linux64_1.0.0.202410170706/tools/bin/../lib/gcc/arm-none-eabi/13.3.1/../../../../arm-none-eabi/lib/thumb/v7e-m+fp/hard/libc_nano.a(libc_a-nano-vfprintf_float.o)
                              (_printf_float)
/opt/stm32cubeide/plugins/com.st.stm32cube.ide.mcu.externaltools.gnu-tools-for-stm32.13.3.rel1.linux64_1.0.0.202410170706/tools/bin/../lib/gcc/arm-none-eabi/13.3.1/../../../../arm-none-eabi/lib/thumb/v7e-m+fp/hard/libc_nano.a(libc_a-nano-vfprintf_i.o)
                              /opt/stm32cubeide/plugins/com.st.stm32cube.ide.mcu.externaltools.gnu-tools-for-stm32.13.3.rel1.linux64_1.0.0.202410170706/tools/bin/../lib/gcc/arm-none-eabi/13.3.1/../../../../arm-none-eabi/lib/thumb/v7e-m+fp/hard/libc_nano.a(libc_a-nano-vfprintf_float.o) (_printf_common)
/opt/stm32cubeide/plugins/com.st.stm32cube.ide.mcu.externaltools.gnu-tools-for-stm32.13.3.rel1.linux64_1.0.0.202410170706/tools/bin/../lib/gcc/arm-none-eabi/13.3.1/../../../../arm-none-eabi/lib/thumb/v7e-m+fp/hard/libc_nano.a(libc_a-findfp.o)
                              ./Middlewares/Third_Party/FreeRTOS/Source/tasks.o (__sf)
/opt/stm32cubeide/plugins/com.st.stm32cube.ide.mcu.externaltools.gnu-tools-for-stm32.13.3.rel1.linux64_1.0.0.202410170706/tools/bin/../lib/gcc/arm-none-eabi/13.3.1/../../../../arm-none-eabi/lib/thumb/v7e-m+fp/hard/libc_nano.a(libc_a-fwalk.o)
                              /opt/stm32cubeide/plugins/com.st.stm32cube.ide.mcu.externaltools.gnu-tools-for-stm32.13.3.rel1.linux64_1.0.0.202410170706/tools/bin/../lib/gcc/arm-none-eabi/13.3.1/../../../../arm-none-eabi/lib/thumb/v7e-m+fp/hard/libc_nano.a(libc_a-findfp.o) (_fwalk_sglue)
/opt/stm32cubeide/plugins/com.st.stm32cube.ide.mcu.externaltools.gnu-tools-for-stm32.13.3.rel1.linux64_1.0.0.202410170706/tools/bin/../lib/gcc/arm-none-eabi/13.3.1/../../../../arm-none-eabi/lib/thumb/v7e-m+fp/hard/libc_nano.a(libc_a-stdio.o)
                              /opt/stm32cubeide/plugins/com.st.stm32cube.ide.mcu.externaltools.gnu-tools-for-stm32.13.3.rel1.linux64_1.0.0.202410170706/tools/bin/../lib/gcc/arm-none-eabi/13.3.1/../../../../arm-none-eabi/lib/thumb/v7e-m+fp/hard/libc_nano.a(libc_a-findfp.o) (__sread)
/opt/stm32cubeide/plugins/com.st.stm32cube.ide.mcu.externaltools.gnu-tools-for-stm32.13.3.rel1.linux64_1.0.0.202410170706/tools/bin/../lib/gcc/arm-none-eabi/13.3.1/../../../../arm-none-eabi/lib/thumb/v7e-m+fp/hard/libc_nano.a(libc_a-memset.o)
                              /opt/stm32cubeide/plugins/com.st.stm32cube.ide.mcu.externaltools.gnu-tools-for-stm32.13.3.rel1.linux64_1.0.0.202410170706/tools/bin/../lib/gcc/arm-none-eabi/13.3.1/../../../../arm-none-eabi/lib/thumb/v7e-m+fp/hard/crt0.o (memset)
/opt/stm32cubeide/plugins/com.st.stm32cube.ide.mcu.externaltools.gnu-tools-for-stm32.13.3.rel1.linux64_1.0.0.202410170706/tools/bin/../lib/gcc/arm-none-eabi/13.3.1/../../../../arm-none-eabi/lib/thumb/v7e-m+fp/hard/libc_nano.a(libc_a-localeconv.o)
                              /opt/stm32cubeide/plugins/com.st.stm32cube.ide.mcu.externaltools.gnu-tools-for-stm32.13.3.rel1.linux64_1.0.0.202410170706/tools/bin/../lib/gcc/arm-none-eabi/13.3.1/../../../../arm-none-eabi/lib/thumb/v7e-m+fp/hard/libc_nano.a(libc_a-nano-vfprintf_float.o) (_localeconv_r)
/opt/stm32cubeide/plugins/com.st.stm32cube.ide.mcu.externaltools.gnu-tools-for-stm32.13.3.rel1.linux64_1.0.0.202410170706/tools/bin/../lib/gcc/arm-none-eabi/13.3.1/../../../../arm-none-eabi/lib/thumb/v7e-m+fp/hard/libc_nano.a(libc_a-closer.o)
                              /opt/stm32cubeide/plugins/com.st.stm32cube.ide.mcu.externaltools.gnu-tools-for-stm32.13.3.rel1.linux64_1.0.0.202410170706/tools/bin/../lib/gcc/arm-none-eabi/13.3.1/../../../../arm-none-eabi/lib/thumb/v7e-m+fp/hard/libc_nano.a(libc_a-stdio.o) (_close_r)
/opt/stm32cubeide/plugins/com.st.stm32cube.ide.mcu.externaltools.gnu-tools-for-stm32.13.3.rel1.linux64_1.0.0.202410170706/tools/bin/../lib/gcc/arm-none-eabi/13.3.1/../../../../arm-none-eabi/lib/thumb/v7e-m+fp/hard/libc_nano.a(libc_a-reent.o)
                              ./Middlewares/Third_Party/FreeRTOS/Source/tasks.o (_reclaim_reent)
/opt/stm32cubeide/plugins/com.st.stm32cube.ide.mcu.externaltools.gnu-tools-for-stm32.13.3.rel1.linux64_1.0.0.202410170706/tools/bin/../lib/gcc/arm-none-eabi/13.3.1/../../../../arm-none-eabi/lib/thumb/v7e-m+fp/hard/libc_nano.a(libc_a-impure.o)
[...]
Memory Configuration

Name             Origin             Length             Attributes
RAM              0x20000000         0x00050000         xrw
RAM2             0x10000000         0x00010000         xrw
FLASH            0x08000000         0x00100000         xr
*default*        0x00000000         0xffffffff

Linker script and memory map

LOAD /opt/stm32cubeide/plugins/com.st.stm32cube.ide.mcu.externaltools.gnu-tools-for-stm32.13.3.rel1.linux64_1.0.0.202410170706/tools/bin/../lib/gcc/arm-none-eabi/13.3.1/thumb/v7e-m+fp/hard/crti.o
LOAD /opt/stm32cubeide/plugins/com.st.stm32cube.ide.mcu.externaltools.gnu-tools-for-stm32.13.3.rel1.linux64_1.0.0.202410170706/tools/bin/../lib/gcc/arm-none-eabi/13.3.1/thumb/v7e-m+fp/hard/crtbegin.o
LOAD /opt/stm32cubeide/plugins/com.st.stm32cube.ide.mcu.externaltools.gnu-tools-for-stm32.13.3.rel1.linux64_1.0.0.202410170706/tools/bin/../lib/gcc/arm-none-eabi/13.3.1/../../../../arm-none-eabi/lib/thumb/v7e-m+fp/hard/crt0.o
LOAD ./Core/Src/ADS7138.o
LOAD ./Core/Src/BMS.o
LOAD ./Core/Src/BQ76952.o
LOAD ./Core/Src/BQChips.o
LOAD ./Core/Src/User.o
LOAD ./Core/Src/freertos.o
LOAD ./Core/Src/main.o
LOAD ./Core/Src/stm32l4xx_hal_msp.o
LOAD ./Core/Src/stm32l4xx_hal_timebase_tim.o
LOAD ./Core/Src/stm32l4xx_it.o
LOAD ./Core/Src/syscalls.o
LOAD ./Core/Src/sysmem.o
LOAD ./Core/Src/system_stm32l4xx.o
LOAD ./Core/Startup/startup_stm32l496rgtx.o
LOAD ./Drivers/STM32L4xx_HAL_Driver/Src/stm32l4xx_hal.o
LOAD ./Drivers/STM32L4xx_HAL_Driver/Src/stm32l4xx_hal_can.o
LOAD ./Drivers/STM32L4xx_HAL_Driver/Src/stm32l4xx_hal_cortex.o
LOAD ./Drivers/STM32L4xx_HAL_Driver/Src/stm32l4xx_hal_dma.o
LOAD ./Drivers/STM32L4xx_HAL_Driver/Src/stm32l4xx_hal_dma_ex.o
LOAD ./Drivers/STM32L4xx_HAL_Driver/Src/stm32l4xx_hal_exti.o
LOAD ./Drivers/STM32L4xx_HAL_Driver/Src/stm32l4xx_hal_flash.o
LOAD ./Drivers/STM32L4xx_HAL_Driver/Src/stm32l4xx_hal_flash_ex.o
LOAD ./Drivers/STM32L4xx_HAL_Driver/Src/stm32l4xx_hal_flash_ramfunc.o
LOAD ./Drivers/STM32L4xx_HAL_Driver/Src/stm32l4xx_hal_gpio.o
LOAD ./Drivers/STM32L4xx_HAL_Driver/Src/stm32l4xx_hal_i2c.o
LOAD ./Drivers/STM32L4xx_HAL_Driver/Src/stm32l4xx_hal_i2c_ex.o
LOAD ./Drivers/STM32L4xx_HAL_Driver/Src/stm32l4xx_hal_pcd.o
LOAD ./Drivers/STM32L4xx_HAL_Driver/Src/stm32l4xx_hal_pcd_ex.o
LOAD ./Drivers/STM32L4xx_HAL_Driver/Src/stm32l4xx_hal_pwr.o
LOAD ./Drivers/STM32L4xx_HAL_Driver/Src/stm32l4xx_hal_pwr_ex.o
LOAD ./Drivers/STM32L4xx_HAL_Driver/Src/stm32l4xx_hal_rcc.o
LOAD ./Drivers/STM32L4xx_HAL_Driver/Src/stm32l4xx_hal_rcc_ex.o
LOAD ./Drivers/STM32L4xx_HAL_Driver/Src/stm32l4xx_hal_tim.o
LOAD ./Drivers/STM32L4xx_HAL_Driver/Src/stm32l4xx_hal_tim_ex.o
LOAD ./Drivers/STM32L4xx_HAL_Driver/Src/stm32l4xx_ll_usb.o
LOAD ./Middlewares/ST/STM32_USB_Device_Library/Class/CDC/Src/usbd_cdc.o
LOAD ./Middlewares/ST/STM32_USB_Device_Library/Core/Src/usbd_core.o
LOAD ./Middlewares/ST/STM32_USB_Device_Library/Core/Src/usbd_ctlreq.o
LOAD ./Middlewares/ST/STM32_USB_Device_Library/Core/Src/usbd_ioreq.o
LOAD ./Middlewares/Third_Party/FreeRTOS/Source/CMSIS_RTOS_V2/cmsis_os2.o
LOAD ./Middlewares/Third_Party/FreeRTOS/Source/croutine.o
LOAD ./Middlewares/Third_Party/FreeRTOS/Source/event_groups.o
LOAD ./Middlewares/Third_Party/FreeRTOS/Source/list.o
LOAD ./Middlewares/Third_Party/FreeRTOS/Source/queue.o
LOAD ./Middlewares/Third_Party/FreeRTOS/Source/stream_buffer.o
LOAD ./Middlewares/Third_Party/FreeRTOS/Source/tasks.o
LOAD ./Middlewares/Third_Party/FreeRTOS/Source/timers.o
LOAD ./Middlewares/Third_Party/FreeRTOS/Source/portable/GCC/ARM_CM4F/port.o
LOAD ./Middlewares/Third_Party/FreeRTOS/Source/portable/MemMang/heap_4.o
LOAD ./USB_DEVICE/App/usb_device.o
LOAD ./USB_DEVICE/App/usbd_cdc_if.o
LOAD ./USB_DEVICE/App/usbd_desc.o
LOAD ./USB_DEVICE/Target/usbd_conf.o
START GROUP
LOAD /opt/stm32cubeide/plugins/com.st.stm32cube.ide.mcu.externaltools.gnu-tools-for-stm32.13.3.rel1.linux64_1.0.0.202410170706/tools/bin/../lib/gcc/arm-none-eabi/13.3.1/../../../../arm-none-eabi/lib/thumb/v7e-m+fp/hard/libstdc++_nano.a
LOAD /opt/stm32cubeide/plugins/com.st.stm32cube.ide.mcu.externaltools.gnu-tools-for-stm32.13.3.rel1.linux64_1.0.0.202410170706/tools/bin/../lib/gcc/arm-none-eabi/13.3.1/../../../../arm-none-eabi/lib/thumb/v7e-m+fp/hard/libsupc++_nano.a
END GROUP
LOAD /opt/stm32cubeide/plugins/com.st.stm32cube.ide.mcu.externaltools.gnu-tools-for-stm32.13.3.rel1.linux64_1.0.0.202410170706/tools/bin/../lib/gcc/arm-none-eabi/13.3.1/../../../../arm-none-eabi/lib/thumb/v7e-m+fp/hard/libstdc++_nano.a
LOAD /opt/stm32cubeide/plugins/com.st.stm32cube.ide.mcu.externaltools.gnu-tools-for-stm32.13.3.rel1.linux64_1.0.0.202410170706/tools/bin/../lib/gcc/arm-none-eabi/13.3.1/../../../../arm-none-eabi/lib/thumb/v7e-m+fp/hard/libm.a
LOAD /opt/stm32cubeide/plugins/com.st.stm32cube.ide.mcu.externaltools.gnu-tools-for-stm32.13.3.rel1.linux64_1.0.0.202410170706/tools/bin/../lib/gcc/arm-none-eabi/13.3.1/../../../../arm-none-eabi/lib/thumb/v7e-m+fp/hard/libc_nano.a
START GROUP
LOAD /opt/stm32cubeide/plugins/com.st.stm32cube.ide.mcu.externaltools.gnu-tools-for-stm32.13.3.rel1.linux64_1.0.0.202410170706/tools/bin/../lib/gcc/arm-none-eabi/13.3.1/thumb/v7e-m+fp/hard/libgcc.a
LOAD /opt/stm32cubeide/plugins/com.st.stm32cube.ide.mcu.externaltools.gnu-tools-for-stm32.13.3.rel1.linux64_1.0.0.202410170706/tools/bin/../lib/gcc/arm-none-eabi/13.3.1/../../../../arm-none-eabi/lib/thumb/v7e-m+fp/hard/libc_nano.a
END GROUP
START GROUP
LOAD /opt/stm32cubeide/plugins/com.st.stm32cube.ide.mcu.externaltools.gnu-tools-for-stm32.13.3.rel1.linux64_1.0.0.202410170706/tools/bin/../lib/gcc/arm-none-eabi/13.3.1/thumb/v7e-m+fp/hard/libgcc.a
LOAD /opt/stm32cubeide/plugins/com.st.stm32cube.ide.mcu.externaltools.gnu-tools-for-stm32.13.3.rel1.linux64_1.0.0.202410170706/tools/bin/../lib/gcc/arm-none-eabi/13.3.1/../../../../arm-none-eabi/lib/thumb/v7e-m+fp/hard/libc_nano.a
LOAD /opt/stm32cubeide/plugins/com.st.stm32cube.ide.mcu.externaltools.gnu-tools-for-stm32.13.3.rel1.linux64_1.0.0.202410170706/tools/bin/../lib/gcc/arm-none-eabi/13.3.1/../../../../arm-none-eabi/lib/thumb/v7e-m+fp/hard/libnosys.a
END GROUP
START GROUP
LOAD /opt/stm32cubeide/plugins/com.st.stm32cube.ide.mcu.externaltools.gnu-tools-for-stm32.13.3.rel1.linux64_1.0.0.202410170706/tools/bin/../lib/gcc/arm-none-eabi/13.3.1/thumb/v7e-m+fp/hard/libgcc.a
LOAD /opt/stm32cubeide/plugins/com.st.stm32cube.ide.mcu.externaltools.gnu-tools-for-stm32.13.3.rel1.linux64_1.0.0.202410170706/tools/bin/../lib/gcc/arm-none-eabi/13.3.1/../../../../arm-none-eabi/lib/thumb/v7e-m+fp/hard/libc_nano.a
LOAD /opt/stm32cubeide/plugins/com.st.stm32cube.ide.mcu.externaltools.gnu-tools-for-stm32.13.3.rel1.linux64_1.0.0.202410170706/tools/bin/../lib/gcc/arm-none-eabi/13.3.1/../../../../arm-none-eabi/lib/thumb/v7e-m+fp/hard/libnosys.a
END GROUP
LOAD /opt/stm32cubeide/plugins/com.st.stm32cube.ide.mcu.externaltools.gnu-tools-for-stm32.13.3.rel1.linux64_1.0.0.202410170706/tools/bin/../lib/gcc/arm-none-eabi/13.3.1/thumb/v7e-m+fp/hard/crtend.o
LOAD /opt/stm32cubeide/plugins/com.st.stm32cube.ide.mcu.externaltools.gnu-tools-for-stm32.13.3.rel1.linux64_1.0.0.202410170706/tools/bin/../lib/gcc/arm-none-eabi/13.3.1/thumb/v7e-m+fp/hard/crtn.o
                0x20050000                        _estack = (ORIGIN (RAM) + LENGTH (RAM))
                0x00000200                        _Min_Heap_Size = 0x200
                0x00000400                        _Min_Stack_Size = 0x400

.isr_vector     0x08000000      0x1ac
                0x08000000                        . = ALIGN (0x4)
 *(.isr_vector)
 .isr_vector    0x08000000      0x1ac ./Core/Startup/startup_stm32l496rgtx.o
                0x08000000                g_pfnVectors
                0x080001ac                        . = ALIGN (0x4)

.text           0x080001b0    0x121bc
                0x080001b0                        . = ALIGN (0x4)
 *(.text)
 .text          0x080001b0       0x40 /opt/stm32cubeide/plugins/com.st.stm32cube.ide.mcu.externaltools.gnu-tools-for-stm32.13.3.rel1.linux64_1.0.0.202410170706/tools/bin/../lib/gcc/arm-none-eabi/13.3.1/thumb/v7e-m+fp/hard/crtbegin.o
 .text          0x080001f0       0xa0 /opt/stm32cubeide/plugins/com.st.stm32cube.ide.mcu.externaltools.gnu-tools-for-stm32.13.3.rel1.linux64_1.0.0.202410170706/tools/bin/../lib/gcc/arm-none-eabi/13.3.1/../../../../arm-none-eabi/lib/thumb/v7e-m+fp/hard/libc_nano.a(libc_a-memchr.o)
                0x080001f0                memchr
 .text          0x08000290       0x10 /opt/stm32cubeide/plugins/com.st.stm32cube.ide.mcu.externaltools.gnu-tools-for-stm32.13.3.rel1.linux64_1.0.0.202410170706/tools/bin/../lib/gcc/arm-none-eabi/13.3.1/../../../../arm-none-eabi/lib/thumb/v7e-m+fp/hard/libc_nano.a(libc_a-strlen.o)
                0x08000290                strlen
 .text          0x080002a0      0x378 /opt/stm32cubeide/plugins/com.st.stm32cube.ide.mcu.externaltools.gnu-tools-for-stm32.13.3.rel1.linux64_1.0.0.202410170706/tools/bin/../lib/gcc/arm-none-eabi/13.3.1/thumb/v7e-m+fp/hard/libgcc.a(_arm_addsubdf3.o)
                0x080002a0                __aeabi_drsub
                0x080002a8                __aeabi_dsub
                0x080002a8                __subdf3
                0x080002ac                __adddf3
                0x080002ac                __aeabi_dadd
                0x08000524                __aeabi_ui2d
                0x08000524                __floatunsidf
                0x08000544                __floatsidf
                0x08000544                __aeabi_i2d
                0x08000568                __extendsfdf2
                0x08000568                __aeabi_f2d
                0x080005ac                __aeabi_ul2d
                0x080005ac                __floatundidf
                0x080005bc                __floatdidf
                0x080005bc                __aeabi_l2d
 .text          0x08000618      0x424 /opt/stm32cubeide/plugins/com.st.stm32cube.ide.mcu.externaltools.gnu-tools-for-stm32.13.3.rel1.linux64_1.0.0.202410170706/tools/bin/../lib/gcc/arm-none-eabi/13.3.1/thumb/v7e-m+fp/hard/libgcc.a(_arm_muldivdf3.o)
                0x08000618                __aeabi_dmul
                0x08000618                __muldf3
                0x0800086c                __aeabi_ddiv
                0x0800086c                __divdf3
 .text          0x08000a3c      0x110 /opt/stm32cubeide/plugins/com.st.stm32cube.ide.mcu.externaltools.gnu-tools-for-stm32.13.3.rel1.linux64_1.0.0.202410170706/tools/bin/../lib/gcc/arm-none-eabi/13.3.1/thumb/v7e-m+fp/hard/libgcc.a(_arm_cmpdf2.o)
                0x08000a3c                __gtdf2
                0x08000a3c                __gedf2
                0x08000a44                __ltdf2
                0x08000a44                __ledf2
                0x08000a4c                __cmpdf2
                0x08000a4c                __eqdf2
                0x08000a4c                __nedf2
                0x08000ac8                __aeabi_cdrcmple
                0x08000ad8                __aeabi_cdcmple
                0x08000ad8                __aeabi_cdcmpeq
                0x08000ae8                __aeabi_dcmpeq
                0x08000afc                __aeabi_dcmplt
                0x08000b10                __aeabi_dcmple
                0x08000b24                __aeabi_dcmpge
                0x08000b38                __aeabi_dcmpgt
 .text          0x08000b4c       0x2c /opt/stm32cubeide/plugins/com.st.stm32cube.ide.mcu.externaltools.gnu-tools-for-stm32.13.3.rel1.linux64_1.0.0.202410170706/tools/bin/../lib/gcc/arm-none-eabi/13.3.1/thumb/v7e-m+fp/hard/libgcc.a(_arm_unorddf2.o)
                0x08000b4c                __aeabi_dcmpun
                0x08000b4c                __unorddf2
 .text          0x08000b78       0x50 /opt/stm32cubeide/plugins/com.st.stm32cube.ide.mcu.externaltools.gnu-tools-for-stm32.13.3.rel1.linux64_1.0.0.202410170706/tools/bin/../lib/gcc/arm-none-eabi/13.3.1/thumb/v7e-m+fp/hard/libgcc.a(_arm_fixdfsi.o)
                0x08000b78                __fixdfsi
                0x08000b78                __aeabi_d2iz
 .text          0x08000bc8       0x40 /opt/stm32cubeide/plugins/com.st.stm32cube.ide.mcu.externaltools.gnu-tools-for-stm32.13.3.rel1.linux64_1.0.0.202410170706/tools/bin/../lib/gcc/arm-none-eabi/13.3.1/thumb/v7e-m+fp/hard/libgcc.a(_arm_fixunsdfsi.o)
                0x08000bc8                __fixunsdfsi
                0x08000bc8                __aeabi_d2uiz
 *(.text*)
 .text._ZN7ADS7138C2Ev
                0x08000c08       0x16 ./Core/Src/ADS7138.o
                0x08000c08                ADS7138::ADS7138()
                0x08000c08                ADS7138::ADS7138()
 .text._ZN7ADS71385beginEP19__I2C_HandleTypeDefh
                0x08000c1e       0x48 ./Core/Src/ADS7138.o
                0x08000c1e                ADS7138::begin(__I2C_HandleTypeDef*, unsigned char)
 .text._ZN7ADS713819setReferenceVoltageEm
                0x08000c66       0x1c ./Core/Src/ADS7138.o
                0x08000c66                ADS7138::setReferenceVoltage(unsigned long)
 .text._ZN7ADS713814writeRegister8Ehh
                0x08000c82       0x4c ./Core/Src/ADS7138.o
                0x08000c82                ADS7138::writeRegister8(unsigned char, unsigned char)
 .text._ZN7ADS713815configureOpModeE16ADS7138__OSC_SEL18ADS7138__CONV_MODE20ADS7138__CONV_ON_ERR
                0x08000cce       0x56 ./Core/Src/ADS7138.o
                0x08000cce                ADS7138::configureOpMode(ADS7138__OSC_SEL, ADS7138__CONV_MODE, ADS7138__CONV_ON_ERR)
 .text._ZN7ADS713821configureSequenceModeE17ADS7138__SEQ_MODE18ADS7138__SEQ_START
                0x08000d24       0x38 ./Core/Src/ADS7138.o
                0x08000d24                ADS7138::configureSequenceMode(ADS7138__SEQ_MODE, ADS7138__SEQ_START)
 .text._ZN7ADS713812configureOsrE12ADS7138__OSR
                0x08000d5c       0x2c ./Core/Src/ADS7138.o
                0x08000d5c                ADS7138::configureOsr(ADS7138__OSR)
 .text._ZN7ADS713813selectChannelE20ADS7138__MANUAL_CHID
                0x08000d88       0x2c ./Core/Src/ADS7138.o
                0x08000d88                ADS7138::selectChannel(ADS7138__MANUAL_CHID)
 .text._ZN7ADS71384readEv
                0x08000db4       0x66 ./Core/Src/ADS7138.o
                0x08000db4                ADS7138::read()
 *fill*         0x08000e1a        0x2 
 .text._ZN7ADS713811readVoltageEv
                0x08000e1c       0x38 ./Core/Src/ADS7138.o
                0x08000e1c                ADS7138::readVoltage()
 .text._ZN7ADS713818readChannelVoltageE20ADS7138__MANUAL_CHID
                0x08000e54       0x30 ./Core/Src/ADS7138.o
                0x08000e54                ADS7138::readChannelVoltage(ADS7138__MANUAL_CHID)
 .text._ZN7BQ7695215CELL_NO_TO_ADDREh
                0x08000e84       0x22 ./Core/Src/BQ76952.o
                0x08000e84                BQ76952::CELL_NO_TO_ADDR(unsigned char)
 .text._ZN7BQ76952C2Ev
                0x08000ea6       0xb2 ./Core/Src/BQ76952.o
                0x08000ea6                BQ76952::BQ76952()
                0x08000ea6                BQ76952::BQ76952()
 .text._ZN7BQ7695212ReadVoltagesEv
                0x08000f58      0x1f2 ./Core/Src/BQ76952.o
                0x08000f58                BQ76952::ReadVoltages()
 .text._ZN7BQ769529ReadBytesEhPhj
                0x0800114a       0x4e ./Core/Src/BQ76952.o
                0x0800114a                BQ76952::ReadBytes(unsigned char, unsigned char*, unsigned int)
 .text._ZN7BQ7695212DirectReadI2EhPs
                0x08001198       0x48 ./Core/Src/BQ76952.o
                0x08001198                BQ76952::DirectReadI2(unsigned char, short*)
 .text._ZN7BQChipsC2EP7BQ76952S1_
                0x080011e0       0x50 ./Core/Src/BQChips.o
                0x080011e0                BQChips::BQChips(BQ76952*, BQ76952*)
                0x080011e0                BQChips::BQChips(BQ76952*, BQ76952*)
 .text._ZN7BQChips12readVoltagesEv
                0x08001230      0x11c ./Core/Src/BQChips.o
                0x08001230                BQChips::readVoltages()
 .text._ZN7BQChips14getCellVoltageEi
                0x0800134c       0x1e ./Core/Src/BQChips.o
                0x0800134c                BQChips::getCellVoltage(int)
 .text._ZN7BQChips20getAll32CellVoltagesEPs
                0x0800136a       0x3c ./Core/Src/BQChips.o
                0x0800136a                BQChips::getAll32CellVoltages(short*)
 .text._ZSt3absf
                0x080013a6       0x20 ./Core/Src/User.o
                0x080013a6                std::abs(float)
 .text._ZN7BMSDataC2Ev
                0x080013c6       0x62 ./Core/Src/User.o
                0x080013c6                BMSData::BMSData()
                0x080013c6                BMSData::BMSData()
 .text._Z13CPP_UserSetupv
                0x08001428      0x164 ./Core/Src/User.o
                0x08001428                CPP_UserSetup()
 .text._Z16StartDefaultTaskPv
                0x0800158c       0x1e ./Core/Src/User.o
                0x0800158c                StartDefaultTask(void*)
 *fill*         0x080015aa        0x2 
 .text._Z11StartTask02Pv
                0x080015ac       0xd8 ./Core/Src/User.o
                0x080015ac                StartTask02(void*)
 .text._Z11StartTask03Pv
                0x08001684      0x17c ./Core/Src/User.o
                0x08001684                StartTask03(void*)
 .text._Z11StartTask04Pv
                0x08001800      0x264 ./Core/Src/User.o
                0x08001800                StartTask04(void*)
 .text._Z11StartTask05Pv
                0x08001a64      0x108 ./Core/Src/User.o
                0x08001a64                StartTask05(void*)
 .text._Z11StartTask06Pv
                0x08001b6c      0x138 ./Core/Src/User.o
                0x08001b6c                StartTask06(void*)
 .text.HAL_CAN_RxFifo0MsgPendingCallback
                0x08001ca4       0x88 ./Core/Src/User.o
                0x08001ca4                HAL_CAN_RxFifo0MsgPendingCallback
 .text._Z13ADCToCurrentLm
                0x08001d2c       0x38 ./Core/Src/User.o
                0x08001d2c                ADCToCurrentL(unsigned long)
 .text._Z9ADCToTempm
                0x08001d64       0x38 ./Core/Src/User.o
                0x08001d64                ADCToTemp(unsigned long)
 .text._Z9setUpCAN1R19CAN_TxHeaderTypeDefPh
                0x08001d9c       0x84 ./Core/Src/User.o
                0x08001d9c                setUpCAN1(CAN_TxHeaderTypeDef&, unsigned char*)
 .text._Z9setUpCAN2R19CAN_TxHeaderTypeDefPh
                0x08001e20       0xd8 ./Core/Src/User.o
                0x08001e20                setUpCAN2(CAN_TxHeaderTypeDef&, unsigned char*)
 .text._Z9setUpCAN3R19CAN_TxHeaderTypeDefPh
                0x08001ef8       0x68 ./Core/Src/User.o
                0x08001ef8                setUpCAN3(CAN_TxHeaderTypeDef&, unsigned char*)
 .text._Z13send_bms_dataPtPff
                0x08001f60       0x64 ./Core/Src/User.o
                0x08001f60                send_bms_data(unsigned short*, float*, float)
 .text._Z41__static_initialization_and_destruction_0v
                0x08001fc4       0x58 ./Core/Src/User.o
 .text._GLOBAL__sub_I_RxHeader
                0x0800201c        0xa ./Core/Src/User.o
 *fill*         0x08002026        0x2 
 .text.main     0x08002028      0x14c ./Core/Src/main.o
                0x08002028                main
 .text._Z18SystemClock_Configv
                0x08002174       0xae ./Core/Src/main.o
                0x08002174                SystemClock_Config()
 *fill*         0x08002222        0x2 
 .text._ZL12MX_CAN1_Initv
                0x08002224       0x74 ./Core/Src/main.o
 .text._ZL12MX_CAN2_Initv
                0x08002298       0x74 ./Core/Src/main.o
 .text._ZL12MX_I2C2_Initv
                0x0800230c       0x9c ./Core/Src/main.o
 .text._ZL12MX_I2C3_Initv
                0x080023a8       0x9c ./Core/Src/main.o
 .text._ZL12MX_I2C4_Initv
                0x08002444       0x9c ./Core/Src/main.o
 .text._ZL12MX_TIM2_Initv
                0x080024e0       0xd0 ./Core/Src/main.o
 .text._ZL12MX_TIM3_Initv
                0x080025b0       0xd0 ./Core/Src/main.o
 .text._ZL12MX_GPIO_Initv
                0x08002680      0x17c ./Core/Src/main.o
 .text.HAL_TIM_PeriodElapsedCallback
                0x080027fc       0x24 ./Core/Src/main.o
                0x080027fc                HAL_TIM_PeriodElapsedCallback
 .text.Error_Handler
                0x08002820        0xc ./Core/Src/main.o
                0x08002820                Error_Handler
 .text.HAL_MspInit
                0x0800282c       0x50 ./Core/Src/stm32l4xx_hal_msp.o
                0x0800282c                HAL_MspInit
 .text.HAL_CAN_MspInit
                0x0800287c      0x158 ./Core/Src/stm32l4xx_hal_msp.o
                0x0800287c                HAL_CAN_MspInit
 .text.HAL_I2C_MspInit
                0x080029d4      0x1d4 ./Core/Src/stm32l4xx_hal_msp.o
                0x080029d4                HAL_I2C_MspInit
 .text.HAL_TIM_PWM_MspInit
                0x08002ba8       0x64 ./Core/Src/stm32l4xx_hal_msp.o
                0x08002ba8                HAL_TIM_PWM_MspInit
 .text.HAL_TIM_MspPostInit
                0x08002c0c       0xb8 ./Core/Src/stm32l4xx_hal_msp.o
                0x08002c0c                HAL_TIM_MspPostInit
 .text.HAL_InitTick
                0x08002cc4       0xdc ./Core/Src/stm32l4xx_hal_timebase_tim.o
                0x08002cc4                HAL_InitTick
 .text.NMI_Handler
                0x08002da0        0x8 ./Core/Src/stm32l4xx_it.o
                0x08002da0                NMI_Handler
 .text.HardFault_Handler
                0x08002da8        0x8 ./Core/Src/stm32l4xx_it.o
                0x08002da8                HardFault_Handler
 .text.MemManage_Handler
                0x08002db0        0x8 ./Core/Src/stm32l4xx_it.o
                0x08002db0                MemManage_Handler
 .text.BusFault_Handler
                0x08002db8        0x8 ./Core/Src/stm32l4xx_it.o
                0x08002db8                BusFault_Handler
 .text.UsageFault_Handler
                0x08002dc0        0x8 ./Core/Src/stm32l4xx_it.o
                0x08002dc0                UsageFault_Handler
 .text.DebugMon_Handler
                0x08002dc8        0xe ./Core/Src/stm32l4xx_it.o
                0x08002dc8                DebugMon_Handler
 .text.EXTI3_IRQHandler
                0x08002dd6        0xe ./Core/Src/stm32l4xx_it.o
                0x08002dd6                EXTI3_IRQHandler
 .text.CAN1_RX0_IRQHandler
                0x08002de4       0x14 ./Core/Src/stm32l4xx_it.o
                0x08002de4                CAN1_RX0_IRQHandler
 .text.EXTI9_5_IRQHandler
                0x08002df8        0xe ./Core/Src/stm32l4xx_it.o
                0x08002df8                EXTI9_5_IRQHandler
 *fill*         0x08002e06        0x2 
 .text.TIM1_UP_TIM16_IRQHandler
                0x08002e08       0x14 ./Core/Src/stm32l4xx_it.o
                0x08002e08                TIM1_UP_TIM16_IRQHandler
 .text.OTG_FS_IRQHandler
                0x08002e1c       0x14 ./Core/Src/stm32l4xx_it.o
                0x08002e1c                OTG_FS_IRQHandler
 .text._getpid  0x08002e30       0x10 ./Core/Src/syscalls.o
                0x08002e30                _getpid
 .text._kill    0x08002e40       0x20 ./Core/Src/syscalls.o
                0x08002e40                _kill
 .text._exit    0x08002e60       0x16 ./Core/Src/syscalls.o
                0x08002e60                _exit
 .text._read    0x08002e76       0x3a ./Core/Src/syscalls.o
                0x08002e76                _read
 .text._write   0x08002eb0       0x38 ./Core/Src/syscalls.o
                0x08002eb0                _write
 .text._close   0x08002ee8       0x18 ./Core/Src/syscalls.o
                0x08002ee8                _close
 .text._fstat   0x08002f00       0x20 ./Core/Src/syscalls.o
                0x08002f00                _fstat
 .text._isatty  0x08002f20       0x16 ./Core/Src/syscalls.o
                0x08002f20                _isatty
 .text._lseek   0x08002f36       0x1a ./Core/Src/syscalls.o
                0x08002f36                _lseek
 .text._sbrk    0x08002f50       0x6c ./Core/Src/sysmem.o
                0x08002f50                _sbrk
 .text.SystemInit
                0x08002fbc       0x24 ./Core/Src/system_stm32l4xx.o
                0x08002fbc                SystemInit
 .text.Reset_Handler
                0x08002fe0       0x50 ./Core/Startup/startup_stm32l496rgtx.o
                0x08002fe0                Reset_Handler
 .text.Default_Handler
                0x08003030        0x2 ./Core/Startup/startup_stm32l496rgtx.o
                0x08003030                RTC_Alarm_IRQHandler
                0x08003030                EXTI2_IRQHandler
                0x08003030                TIM8_TRG_COM_IRQHandler
                0x08003030                TIM8_CC_IRQHandler
                0x08003030                TIM1_CC_IRQHandler
                0x08003030                TSC_IRQHandler
                0x08003030                TAMP_STAMP_IRQHandler
                0x08003030                CAN2_RX1_IRQHandler
                0x08003030                LPTIM2_IRQHandler
                0x08003030                DFSDM1_FLT1_IRQHandler
                0x08003030                I2C3_ER_IRQHandler
                0x08003030                DFSDM1_FLT2_IRQHandler
                0x08003030                EXTI0_IRQHandler
                0x08003030                I2C2_EV_IRQHandler
                0x08003030                FPU_IRQHandler
                0x08003030                CAN2_SCE_IRQHandler
                0x08003030                ADC1_2_IRQHandler
                0x08003030                SPI1_IRQHandler
                0x08003030                TIM6_DAC_IRQHandler
                0x08003030                DCMI_IRQHandler
                0x08003030                CAN2_RX0_IRQHandler
                0x08003030                TIM8_UP_IRQHandler
                0x08003030                DMA2_Channel2_IRQHandler
                0x08003030                DMA1_Channel4_IRQHandler
                0x08003030                SAI2_IRQHandler
                0x08003030                DFSDM1_FLT3_IRQHandler
                0x08003030                USART3_IRQHandler
                0x08003030                DMA1_Channel7_IRQHandler
                0x08003030                CAN1_RX1_IRQHandler
                0x08003030                LCD_IRQHandler
                0x08003030                UART5_IRQHandler
                0x08003030                ADC3_IRQHandler
                0x08003030                TIM4_IRQHandler
                0x08003030                DMA2_Channel1_IRQHandler
                0x08003030                QUADSPI_IRQHandler
                0x08003030                I2C1_EV_IRQHandler
                0x08003030                DMA1_Channel6_IRQHandler
                0x08003030                UART4_IRQHandler
                0x08003030                DMA2_Channel4_IRQHandler
                0x08003030                TIM3_IRQHandler
                0x08003030                RCC_IRQHandler
                0x08003030                DMA1_Channel1_IRQHandler
                0x08003030                Default_Handler
                0x08003030                DMA2_Channel7_IRQHandler
                0x08003030                EXTI15_10_IRQHandler
                0x08003030                TIM7_IRQHandler
                0x08003030                SDMMC1_IRQHandler
                0x08003030                CAN2_TX_IRQHandler
                0x08003030                TIM5_IRQHandler
                0x08003030                I2C3_EV_IRQHandler
                0x08003030                RTC_WKUP_IRQHandler
                0x08003030                PVD_PVM_IRQHandler
                0x08003030                SPI2_IRQHandler
                0x08003030                CAN1_TX_IRQHandler
                0x08003030                DMA2_Channel5_IRQHandler
                0x08003030                CRS_IRQHandler
                0x08003030                DMA1_Channel5_IRQHandler
                0x08003030                EXTI4_IRQHandler
                0x08003030                RNG_IRQHandler
                0x08003030                TIM1_TRG_COM_TIM17_IRQHandler
                0x08003030                DMA1_Channel3_IRQHandler
                0x08003030                COMP_IRQHandler
                0x08003030                WWDG_IRQHandler
                0x08003030                I2C4_EV_IRQHandler
                0x08003030                LPUART1_IRQHandler
                0x08003030                DMA2_Channel6_IRQHandler
                0x08003030                TIM2_IRQHandler
                0x08003030                EXTI1_IRQHandler
                0x08003030                USART2_IRQHandler
                0x08003030                DFSDM1_FLT0_IRQHandler
                0x08003030                I2C2_ER_IRQHandler
                0x08003030                DMA1_Channel2_IRQHandler
                0x08003030                TIM8_BRK_IRQHandler
                0x08003030                CAN1_SCE_IRQHandler
                0x08003030                FLASH_IRQHandler
                0x08003030                USART1_IRQHandler
                0x08003030                SPI3_IRQHandler
                0x08003030                I2C1_ER_IRQHandler
                0x08003030                FMC_IRQHandler
                0x08003030                SWPMI1_IRQHandler
                0x08003030                LPTIM1_IRQHandler
                0x08003030                I2C4_ER_IRQHandler
                0x08003030                SAI1_IRQHandler
                0x08003030                DMA2_Channel3_IRQHandler
                0x08003030                TIM1_BRK_TIM15_IRQHandler
 .text.HAL_Init
                0x08003032       0x30 ./Drivers/STM32L4xx_HAL_Driver/Src/stm32l4xx_hal.o
                0x08003032                HAL_Init
 *fill*         0x08003062        0x2 
 .text.HAL_IncTick
                0x08003064       0x28 ./Drivers/STM32L4xx_HAL_Driver/Src/stm32l4xx_hal.o
                0x08003064                HAL_IncTick
 .text.HAL_GetTick
                0x0800308c       0x18 ./Drivers/STM32L4xx_HAL_Driver/Src/stm32l4xx_hal.o
                0x0800308c                HAL_GetTick
 .text.HAL_Delay
                0x080030a4       0x48 ./Drivers/STM32L4xx_HAL_Driver/Src/stm32l4xx_hal.o
                0x080030a4                HAL_Delay
 .text.HAL_CAN_Init
                0x080030ec      0x1f6 ./Drivers/STM32L4xx_HAL_Driver/Src/stm32l4xx_hal_can.o
                0x080030ec                HAL_CAN_Init
 *fill*         0x080032e2        0x2 
 .text.HAL_CAN_ConfigFilter
                0x080032e4      0x1c0 ./Drivers/STM32L4xx_HAL_Driver/Src/stm32l4xx_hal_can.o
                0x080032e4                HAL_CAN_ConfigFilter
 .text.HAL_CAN_Start
                0x080034a4       0x88 ./Drivers/STM32L4xx_HAL_Driver/Src/stm32l4xx_hal_can.o
                0x080034a4                HAL_CAN_Start
 .text.HAL_CAN_AddTxMessage
                0x0800352c      0x1a0 ./Drivers/STM32L4xx_HAL_Driver/Src/stm32l4xx_hal_can.o
                0x0800352c                HAL_CAN_AddTxMessage
 .text.HAL_CAN_GetTxMailboxesFreeLevel
                0x080036cc       0x6a ./Drivers/STM32L4xx_HAL_Driver/Src/stm32l4xx_hal_can.o
                0x080036cc                HAL_CAN_GetTxMailboxesFreeLevel
 .text.HAL_CAN_GetRxMessage
                0x08003736      0x244 ./Drivers/STM32L4xx_HAL_Driver/Src/stm32l4xx_hal_can.o
                0x08003736                HAL_CAN_GetRxMessage
 .text.HAL_CAN_ActivateNotification
                0x0800397a       0x4c ./Drivers/STM32L4xx_HAL_Driver/Src/stm32l4xx_hal_can.o
                0x0800397a                HAL_CAN_ActivateNotification
 .text.HAL_CAN_IRQHandler
                0x080039c6      0x36e ./Drivers/STM32L4xx_HAL_Driver/Src/stm32l4xx_hal_can.o
                0x080039c6                HAL_CAN_IRQHandler
 .text.HAL_CAN_TxMailbox0CompleteCallback
                0x08003d34       0x14 ./Drivers/STM32L4xx_HAL_Driver/Src/stm32l4xx_hal_can.o
                0x08003d34                HAL_CAN_TxMailbox0CompleteCallback
 .text.HAL_CAN_TxMailbox1CompleteCallback
                0x08003d48       0x14 ./Drivers/STM32L4xx_HAL_Driver/Src/stm32l4xx_hal_can.o
                0x08003d48                HAL_CAN_TxMailbox1CompleteCallback
 .text.HAL_CAN_TxMailbox2CompleteCallback
                0x08003d5c       0x14 ./Drivers/STM32L4xx_HAL_Driver/Src/stm32l4xx_hal_can.o
                0x08003d5c                HAL_CAN_TxMailbox2CompleteCallback
 .text.HAL_CAN_TxMailbox0AbortCallback
                0x08003d70       0x14 ./Drivers/STM32L4xx_HAL_Driver/Src/stm32l4xx_hal_can.o
                0x08003d70                HAL_CAN_TxMailbox0AbortCallback
 .text.HAL_CAN_TxMailbox1AbortCallback
                0x08003d84       0x14 ./Drivers/STM32L4xx_HAL_Driver/Src/stm32l4xx_hal_can.o
                0x08003d84                HAL_CAN_TxMailbox1AbortCallback
 .text.HAL_CAN_TxMailbox2AbortCallback
                0x08003d98       0x14 ./Drivers/STM32L4xx_HAL_Driver/Src/stm32l4xx_hal_can.o
                0x08003d98                HAL_CAN_TxMailbox2AbortCallback
 .text.HAL_CAN_RxFifo0FullCallback
                0x08003dac       0x14 ./Drivers/STM32L4xx_HAL_Driver/Src/stm32l4xx_hal_can.o
                0x08003dac                HAL_CAN_RxFifo0FullCallback
 .text.HAL_CAN_RxFifo1MsgPendingCallback
                0x08003dc0       0x14 ./Drivers/STM32L4xx_HAL_Driver/Src/stm32l4xx_hal_can.o
                0x08003dc0                HAL_CAN_RxFifo1MsgPendingCallback
 .text.HAL_CAN_RxFifo1FullCallback
                0x08003dd4       0x14 ./Drivers/STM32L4xx_HAL_Driver/Src/stm32l4xx_hal_can.o
                0x08003dd4                HAL_CAN_RxFifo1FullCallback
 .text.HAL_CAN_SleepCallback
                0x08003de8       0x14 ./Drivers/STM32L4xx_HAL_Driver/Src/stm32l4xx_hal_can.o
                0x08003de8                HAL_CAN_SleepCallback
 .text.HAL_CAN_WakeUpFromRxMsgCallback
                0x08003dfc       0x14 ./Drivers/STM32L4xx_HAL_Driver/Src/stm32l4xx_hal_can.o
                0x08003dfc                HAL_CAN_WakeUpFromRxMsgCallback
 .text.HAL_CAN_ErrorCallback
                0x08003e10       0x14 ./Drivers/STM32L4xx_HAL_Driver/Src/stm32l4xx_hal_can.o
                0x08003e10                HAL_CAN_ErrorCallback
 .text.__NVIC_SetPriorityGrouping
                0x08003e24       0x48 ./Drivers/STM32L4xx_HAL_Driver/Src/stm32l4xx_hal_cortex.o
 .text.__NVIC_GetPriorityGrouping
                0x08003e6c       0x1c ./Drivers/STM32L4xx_HAL_Driver/Src/stm32l4xx_hal_cortex.o
 .text.__NVIC_EnableIRQ
                0x08003e88       0x3c ./Drivers/STM32L4xx_HAL_Driver/Src/stm32l4xx_hal_cortex.o
 .text.__NVIC_SetPriority
                0x08003ec4       0x54 ./Drivers/STM32L4xx_HAL_Driver/Src/stm32l4xx_hal_cortex.o
 .text.NVIC_EncodePriority
                0x08003f18       0x66 ./Drivers/STM32L4xx_HAL_Driver/Src/stm32l4xx_hal_cortex.o
 .text.HAL_NVIC_SetPriorityGrouping
                0x08003f7e       0x16 ./Drivers/STM32L4xx_HAL_Driver/Src/stm32l4xx_hal_cortex.o
                0x08003f7e                HAL_NVIC_SetPriorityGrouping
 .text.HAL_NVIC_SetPriority
                0x08003f94       0x38 ./Drivers/STM32L4xx_HAL_Driver/Src/stm32l4xx_hal_cortex.o
                0x08003f94                HAL_NVIC_SetPriority
 .text.HAL_NVIC_EnableIRQ
                0x08003fcc       0x1c ./Drivers/STM32L4xx_HAL_Driver/Src/stm32l4xx_hal_cortex.o
                0x08003fcc                HAL_NVIC_EnableIRQ
 .text.HAL_GPIO_Init
                0x08003fe8      0x324 ./Drivers/STM32L4xx_HAL_Driver/Src/stm32l4xx_hal_gpio.o
                0x08003fe8                HAL_GPIO_Init
 .text.HAL_GPIO_WritePin
                0x0800430c       0x30 ./Drivers/STM32L4xx_HAL_Driver/Src/stm32l4xx_hal_gpio.o
                0x0800430c                HAL_GPIO_WritePin
 .text.HAL_GPIO_TogglePin
                0x0800433c       0x34 ./Drivers/STM32L4xx_HAL_Driver/Src/stm32l4xx_hal_gpio.o
                0x0800433c                HAL_GPIO_TogglePin
 .text.HAL_GPIO_EXTI_IRQHandler
                0x08004370       0x30 ./Drivers/STM32L4xx_HAL_Driver/Src/stm32l4xx_hal_gpio.o
                0x08004370                HAL_GPIO_EXTI_IRQHandler
 .text.HAL_GPIO_EXTI_Callback
                0x080043a0       0x16 ./Drivers/STM32L4xx_HAL_Driver/Src/stm32l4xx_hal_gpio.o
                0x080043a0                HAL_GPIO_EXTI_Callback
 .text.HAL_I2C_Init
                0x080043b6      0x136 ./Drivers/STM32L4xx_HAL_Driver/Src/stm32l4xx_hal_i2c.o
                0x080043b6                HAL_I2C_Init
 .text.HAL_I2C_Master_Transmit
                0x080044ec      0x230 ./Drivers/STM32L4xx_HAL_Driver/Src/stm32l4xx_hal_i2c.o
                0x080044ec                HAL_I2C_Master_Transmit
 .text.HAL_I2C_Master_Receive
                0x0800471c      0x1ec ./Drivers/STM32L4xx_HAL_Driver/Src/stm32l4xx_hal_i2c.o
                0x0800471c                HAL_I2C_Master_Receive
 .text.I2C_Flush_TXDR
                0x08004908       0x48 ./Drivers/STM32L4xx_HAL_Driver/Src/stm32l4xx_hal_i2c.o
 .text.I2C_WaitOnFlagUntilTimeout
                0x08004950       0xb2 ./Drivers/STM32L4xx_HAL_Driver/Src/stm32l4xx_hal_i2c.o
 .text.I2C_WaitOnTXISFlagUntilTimeout
                0x08004a02       0x8e ./Drivers/STM32L4xx_HAL_Driver/Src/stm32l4xx_hal_i2c.o
 .text.I2C_WaitOnSTOPFlagUntilTimeout
                0x08004a90       0x86 ./Drivers/STM32L4xx_HAL_Driver/Src/stm32l4xx_hal_i2c.o
 *fill*         0x08004b16        0x2 
 .text.I2C_WaitOnRXNEFlagUntilTimeout
                0x08004b18      0x118 ./Drivers/STM32L4xx_HAL_Driver/Src/stm32l4xx_hal_i2c.o
 .text.I2C_IsErrorOccurred
                0x08004c30      0x1c0 ./Drivers/STM32L4xx_HAL_Driver/Src/stm32l4xx_hal_i2c.o
 .text.I2C_TransferConfig
                0x08004df0       0x64 ./Drivers/STM32L4xx_HAL_Driver/Src/stm32l4xx_hal_i2c.o
 .text.HAL_I2CEx_ConfigAnalogFilter
                0x08004e54       0x96 ./Drivers/STM32L4xx_HAL_Driver/Src/stm32l4xx_hal_i2c_ex.o
                0x08004e54                HAL_I2CEx_ConfigAnalogFilter
 .text.HAL_I2CEx_ConfigDigitalFilter
                0x08004eea       0x98 ./Drivers/STM32L4xx_HAL_Driver/Src/stm32l4xx_hal_i2c_ex.o
                0x08004eea                HAL_I2CEx_ConfigDigitalFilter
 .text.HAL_PCD_Init
                0x08004f82      0x21e ./Drivers/STM32L4xx_HAL_Driver/Src/stm32l4xx_hal_pcd.o
                0x08004f82                HAL_PCD_Init
 .text.HAL_PCD_Start
                0x080051a0       0x5e ./Drivers/STM32L4xx_HAL_Driver/Src/stm32l4xx_hal_pcd.o
                0x080051a0                HAL_PCD_Start
 .text.HAL_PCD_IRQHandler
                0x080051fe      0x92c ./Drivers/STM32L4xx_HAL_Driver/Src/stm32l4xx_hal_pcd.o
                0x080051fe                HAL_PCD_IRQHandler
 .text.HAL_PCD_SetAddress
                0x08005b2a       0x48 ./Drivers/STM32L4xx_HAL_Driver/Src/stm32l4xx_hal_pcd.o
                0x08005b2a                HAL_PCD_SetAddress
 .text.HAL_PCD_EP_Open
                0x08005b72       0xd4 ./Drivers/STM32L4xx_HAL_Driver/Src/stm32l4xx_hal_pcd.o
                0x08005b72                HAL_PCD_EP_Open
 .text.HAL_PCD_EP_Close
                0x08005c46       0x94 ./Drivers/STM32L4xx_HAL_Driver/Src/stm32l4xx_hal_pcd.o
                0x08005c46                HAL_PCD_EP_Close
 .text.HAL_PCD_EP_Receive
                0x08005cda       0x64 ./Drivers/STM32L4xx_HAL_Driver/Src/stm32l4xx_hal_pcd.o
                0x08005cda                HAL_PCD_EP_Receive
 .text.HAL_PCD_EP_GetRxCount
                0x08005d3e       0x30 ./Drivers/STM32L4xx_HAL_Driver/Src/stm32l4xx_hal_pcd.o
                0x08005d3e                HAL_PCD_EP_GetRxCount
 .text.HAL_PCD_EP_Transmit
                0x08005d6e       0x62 ./Drivers/STM32L4xx_HAL_Driver/Src/stm32l4xx_hal_pcd.o
                0x08005d6e                HAL_PCD_EP_Transmit
 .text.HAL_PCD_EP_SetStall
                0x08005dd0       0xc4 ./Drivers/STM32L4xx_HAL_Driver/Src/stm32l4xx_hal_pcd.o
                0x08005dd0                HAL_PCD_EP_SetStall
 .text.HAL_PCD_EP_ClrStall
                0x08005e94       0xac ./Drivers/STM32L4xx_HAL_Driver/Src/stm32l4xx_hal_pcd.o
                0x08005e94                HAL_PCD_EP_ClrStall
 .text.HAL_PCD_EP_Abort
                0x08005f40       0x62 ./Drivers/STM32L4xx_HAL_Driver/Src/stm32l4xx_hal_pcd.o
                0x08005f40                HAL_PCD_EP_Abort
 .text.PCD_WriteEmptyTxFifo
                0x08005fa2      0x110 ./Drivers/STM32L4xx_HAL_Driver/Src/stm32l4xx_hal_pcd.o
 *fill*         0x080060b2        0x2 
 .text.PCD_EP_OutXfrComplete_int
                0x080060b4       0x9c ./Drivers/STM32L4xx_HAL_Driver/Src/stm32l4xx_hal_pcd.o
 .text.PCD_EP_OutSetupPacket_int
                0x08006150       0x68 ./Drivers/STM32L4xx_HAL_Driver/Src/stm32l4xx_hal_pcd.o
 .text.HAL_PCDEx_SetTxFiFo
                0x080061b8       0x8e ./Drivers/STM32L4xx_HAL_Driver/Src/stm32l4xx_hal_pcd_ex.o
                0x080061b8                HAL_PCDEx_SetTxFiFo
 .text.HAL_PCDEx_SetRxFiFo
                0x08006246       0x22 ./Drivers/STM32L4xx_HAL_Driver/Src/stm32l4xx_hal_pcd_ex.o
                0x08006246                HAL_PCDEx_SetRxFiFo
 .text.HAL_PCDEx_ActivateLPM
                0x08006268       0x48 ./Drivers/STM32L4xx_HAL_Driver/Src/stm32l4xx_hal_pcd_ex.o
                0x08006268                HAL_PCDEx_ActivateLPM
 .text.HAL_PWREx_GetVoltageRange
                0x080062b0       0x1c ./Drivers/STM32L4xx_HAL_Driver/Src/stm32l4xx_hal_pwr_ex.o
                0x080062b0                HAL_PWREx_GetVoltageRange
 .text.HAL_PWREx_ControlVoltageScaling
                0x080062cc       0xac ./Drivers/STM32L4xx_HAL_Driver/Src/stm32l4xx_hal_pwr_ex.o
                0x080062cc                HAL_PWREx_ControlVoltageScaling
 .text.HAL_PWREx_EnableVddUSB
                0x08006378       0x20 ./Drivers/STM32L4xx_HAL_Driver/Src/stm32l4xx_hal_pwr_ex.o
                0x08006378                HAL_PWREx_EnableVddUSB
 .text.HAL_RCC_OscConfig
                0x08006398      0x834 ./Drivers/STM32L4xx_HAL_Driver/Src/stm32l4xx_hal_rcc.o
                0x08006398                HAL_RCC_OscConfig
 .text.HAL_RCC_ClockConfig
                0x08006bcc      0x200 ./Drivers/STM32L4xx_HAL_Driver/Src/stm32l4xx_hal_rcc.o
                0x08006bcc                HAL_RCC_ClockConfig
 .text.HAL_RCC_GetSysClockFreq
                0x08006dcc      0x114 ./Drivers/STM32L4xx_HAL_Driver/Src/stm32l4xx_hal_rcc.o
                0x08006dcc                HAL_RCC_GetSysClockFreq
 .text.HAL_RCC_GetHCLKFreq
                0x08006ee0       0x18 ./Drivers/STM32L4xx_HAL_Driver/Src/stm32l4xx_hal_rcc.o
                0x08006ee0                HAL_RCC_GetHCLKFreq
 .text.HAL_RCC_GetPCLK2Freq
                0x08006ef8       0x2c ./Drivers/STM32L4xx_HAL_Driver/Src/stm32l4xx_hal_rcc.o
                0x08006ef8                HAL_RCC_GetPCLK2Freq
 .text.HAL_RCC_GetClockConfig
                0x08006f24       0x64 ./Drivers/STM32L4xx_HAL_Driver/Src/stm32l4xx_hal_rcc.o
                0x08006f24                HAL_RCC_GetClockConfig
 .text.RCC_SetFlashLatencyFromMSIRange
                0x08006f88       0xc0 ./Drivers/STM32L4xx_HAL_Driver/Src/stm32l4xx_hal_rcc.o
 .text.HAL_RCCEx_PeriphCLKConfig
                0x08007048      0x5f8 ./Drivers/STM32L4xx_HAL_Driver/Src/stm32l4xx_hal_rcc_ex.o
                0x08007048                HAL_RCCEx_PeriphCLKConfig
 .text.RCCEx_PLLSAI1_Config
                0x08007640      0x1e4 ./Drivers/STM32L4xx_HAL_Driver/Src/stm32l4xx_hal_rcc_ex.o
 .text.RCCEx_PLLSAI2_Config
                0x08007824      0x1b8 ./Drivers/STM32L4xx_HAL_Driver/Src/stm32l4xx_hal_rcc_ex.o
 .text.HAL_TIM_Base_Init
                0x080079dc       0xae ./Drivers/STM32L4xx_HAL_Driver/Src/stm32l4xx_hal_tim.o
                0x080079dc                HAL_TIM_Base_Init
 .text.HAL_TIM_Base_MspInit
                0x08007a8a       0x14 ./Drivers/STM32L4xx_HAL_Driver/Src/stm32l4xx_hal_tim.o
                0x08007a8a                HAL_TIM_Base_MspInit
 *fill*         0x08007a9e        0x2 
 .text.HAL_TIM_Base_Start
                0x08007aa0       0xd0 ./Drivers/STM32L4xx_HAL_Driver/Src/stm32l4xx_hal_tim.o
                0x08007aa0                HAL_TIM_Base_Start
 .text.HAL_TIM_Base_Start_IT
                0x08007b70       0xe0 ./Drivers/STM32L4xx_HAL_Driver/Src/stm32l4xx_hal_tim.o
                0x08007b70                HAL_TIM_Base_Start_IT
 .text.HAL_TIM_PWM_Init
                0x08007c50       0xae ./Drivers/STM32L4xx_HAL_Driver/Src/stm32l4xx_hal_tim.o
                0x08007c50                HAL_TIM_PWM_Init
 *fill*         0x08007cfe        0x2 
 .text.HAL_TIM_PWM_Start
                0x08007d00      0x20c ./Drivers/STM32L4xx_HAL_Driver/Src/stm32l4xx_hal_tim.o
                0x08007d00                HAL_TIM_PWM_Start
 .text.HAL_TIM_IRQHandler
                0x08007f0c      0x20e ./Drivers/STM32L4xx_HAL_Driver/Src/stm32l4xx_hal_tim.o
                0x08007f0c                HAL_TIM_IRQHandler
 *fill*         0x0800811a        0x2 
 .text.HAL_TIM_PWM_ConfigChannel
                0x0800811c      0x228 ./Drivers/STM32L4xx_HAL_Driver/Src/stm32l4xx_hal_tim.o
                0x0800811c                HAL_TIM_PWM_ConfigChannel
 .text.HAL_TIM_OC_DelayElapsedCallback
                0x08008344       0x14 ./Drivers/STM32L4xx_HAL_Driver/Src/stm32l4xx_hal_tim.o
                0x08008344                HAL_TIM_OC_DelayElapsedCallback
 .text.HAL_TIM_IC_CaptureCallback
                0x08008358       0x14 ./Drivers/STM32L4xx_HAL_Driver/Src/stm32l4xx_hal_tim.o
                0x08008358                HAL_TIM_IC_CaptureCallback
 .text.HAL_TIM_PWM_PulseFinishedCallback
                0x0800836c       0x14 ./Drivers/STM32L4xx_HAL_Driver/Src/stm32l4xx_hal_tim.o
                0x0800836c                HAL_TIM_PWM_PulseFinishedCallback
 .text.HAL_TIM_TriggerCallback
                0x08008380       0x14 ./Drivers/STM32L4xx_HAL_Driver/Src/stm32l4xx_hal_tim.o
                0x08008380                HAL_TIM_TriggerCallback
 .text.TIM_Base_SetConfig
                0x08008394      0x14c ./Drivers/STM32L4xx_HAL_Driver/Src/stm32l4xx_hal_tim.o
                0x08008394                TIM_Base_SetConfig
 .text.TIM_OC1_SetConfig
                0x080084e0      0x120 ./Drivers/STM32L4xx_HAL_Driver/Src/stm32l4xx_hal_tim.o
 .text.TIM_OC2_SetConfig
                0x08008600      0x114 ./Drivers/STM32L4xx_HAL_Driver/Src/stm32l4xx_hal_tim.o
                0x08008600                TIM_OC2_SetConfig
 .text.TIM_OC3_SetConfig
                0x08008714      0x110 ./Drivers/STM32L4xx_HAL_Driver/Src/stm32l4xx_hal_tim.o
 .text.TIM_OC4_SetConfig
                0x08008824       0xd4 ./Drivers/STM32L4xx_HAL_Driver/Src/stm32l4xx_hal_tim.o
 .text.TIM_OC5_SetConfig
                0x080088f8       0xc8 ./Drivers/STM32L4xx_HAL_Driver/Src/stm32l4xx_hal_tim.o
 .text.TIM_OC6_SetConfig
                0x080089c0       0xcc ./Drivers/STM32L4xx_HAL_Driver/Src/stm32l4xx_hal_tim.o
 .text.TIM_CCxChannelCmd
                0x08008a8c       0x4a ./Drivers/STM32L4xx_HAL_Driver/Src/stm32l4xx_hal_tim.o
                0x08008a8c                TIM_CCxChannelCmd
 *fill*         0x08008ad6        0x2 
 .text.HAL_TIMEx_MasterConfigSynchronization
                0x08008ad8      0x110 ./Drivers/STM32L4xx_HAL_Driver/Src/stm32l4xx_hal_tim_ex.o
                0x08008ad8                HAL_TIMEx_MasterConfigSynchronization
 .text.HAL_TIMEx_CommutCallback
                0x08008be8       0x14 ./Drivers/STM32L4xx_HAL_Driver/Src/stm32l4xx_hal_tim_ex.o
                0x08008be8                HAL_TIMEx_CommutCallback
 .text.HAL_TIMEx_BreakCallback
                0x08008bfc       0x14 ./Drivers/STM32L4xx_HAL_Driver/Src/stm32l4xx_hal_tim_ex.o
                0x08008bfc                HAL_TIMEx_BreakCallback
 .text.HAL_TIMEx_Break2Callback
                0x08008c10       0x14 ./Drivers/STM32L4xx_HAL_Driver/Src/stm32l4xx_hal_tim_ex.o
                0x08008c10                HAL_TIMEx_Break2Callback
 .text.USB_CoreInit
                0x08008c24       0x5a ./Drivers/STM32L4xx_HAL_Driver/Src/stm32l4xx_ll_usb.o
                0x08008c24                USB_CoreInit
 *fill*         0x08008c7e        0x2 
 .text.USB_SetTurnaroundTime
                0x08008c80      0x138 ./Drivers/STM32L4xx_HAL_Driver/Src/stm32l4xx_ll_usb.o
                0x08008c80                USB_SetTurnaroundTime
 .text.USB_EnableGlobalInt
                0x08008db8       0x22 ./Drivers/STM32L4xx_HAL_Driver/Src/stm32l4xx_ll_usb.o
                0x08008db8                USB_EnableGlobalInt
 .text.USB_DisableGlobalInt
                0x08008dda       0x22 ./Drivers/STM32L4xx_HAL_Driver/Src/stm32l4xx_ll_usb.o
                0x08008dda                USB_DisableGlobalInt
 .text.USB_SetCurrentMode
                0x08008dfc       0x98 ./Drivers/STM32L4xx_HAL_Driver/Src/stm32l4xx_ll_usb.o
                0x08008dfc                USB_SetCurrentMode
 .text.USB_DevInit
                0x08008e94      0x290 ./Drivers/STM32L4xx_HAL_Driver/Src/stm32l4xx_ll_usb.o
                0x08008e94                USB_DevInit
 .text.USB_FlushTxFifo
                0x08009124       0x64 ./Drivers/STM32L4xx_HAL_Driver/Src/stm32l4xx_ll_usb.o
                0x08009124                USB_FlushTxFifo
 .text.USB_FlushRxFifo
                0x08009188       0x5c ./Drivers/STM32L4xx_HAL_Driver/Src/stm32l4xx_ll_usb.o
                0x08009188                USB_FlushRxFifo
 .text.USB_SetDevSpeed
                0x080091e4       0x32 ./Drivers/STM32L4xx_HAL_Driver/Src/stm32l4xx_ll_usb.o
                0x080091e4                USB_SetDevSpeed
 .text.USB_GetDevSpeed
                0x08009216       0x3e ./Drivers/STM32L4xx_HAL_Driver/Src/stm32l4xx_ll_usb.o
                0x08009216                USB_GetDevSpeed
 .text.USB_ActivateEndpoint
                0x08009254      0x10e ./Drivers/STM32L4xx_HAL_Driver/Src/stm32l4xx_ll_usb.o
                0x08009254                USB_ActivateEndpoint
 *fill*         0x08009362        0x2 
 .text.USB_DeactivateEndpoint
                0x08009364      0x1b8 ./Drivers/STM32L4xx_HAL_Driver/Src/stm32l4xx_ll_usb.o
                0x08009364                USB_DeactivateEndpoint
 .text.USB_EPStartXfer
                0x0800951c      0x470 ./Drivers/STM32L4xx_HAL_Driver/Src/stm32l4xx_ll_usb.o
                0x0800951c                USB_EPStartXfer
 .text.USB_EPStopXfer
                0x0800998c      0x154 ./Drivers/STM32L4xx_HAL_Driver/Src/stm32l4xx_ll_usb.o
                0x0800998c                USB_EPStopXfer
 .text.USB_WritePacket
                0x08009ae0       0x74 ./Drivers/STM32L4xx_HAL_Driver/Src/stm32l4xx_ll_usb.o
                0x08009ae0                USB_WritePacket
 .text.USB_ReadPacket
                0x08009b54       0xb0 ./Drivers/STM32L4xx_HAL_Driver/Src/stm32l4xx_ll_usb.o
                0x08009b54                USB_ReadPacket
 .text.USB_EPSetStall
                0x08009c04       0xdc ./Drivers/STM32L4xx_HAL_Driver/Src/stm32l4xx_ll_usb.o
                0x08009c04                USB_EPSetStall
 .text.USB_EPClearStall
                0x08009ce0       0xcc ./Drivers/STM32L4xx_HAL_Driver/Src/stm32l4xx_ll_usb.o
                0x08009ce0                USB_EPClearStall
 .text.USB_SetDevAddress
                0x08009dac       0x4c ./Drivers/STM32L4xx_HAL_Driver/Src/stm32l4xx_ll_usb.o
                0x08009dac                USB_SetDevAddress
 .text.USB_DevConnect
                0x08009df8       0x42 ./Drivers/STM32L4xx_HAL_Driver/Src/stm32l4xx_ll_usb.o
                0x08009df8                USB_DevConnect
 .text.USB_DevDisconnect
                0x08009e3a       0x42 ./Drivers/STM32L4xx_HAL_Driver/Src/stm32l4xx_ll_usb.o
                0x08009e3a                USB_DevDisconnect
 .text.USB_ReadInterrupts
                0x08009e7c       0x26 ./Drivers/STM32L4xx_HAL_Driver/Src/stm32l4xx_ll_usb.o
                0x08009e7c                USB_ReadInterrupts
 .text.USB_ReadDevAllOutEpInterrupt
                0x08009ea2       0x34 ./Drivers/STM32L4xx_HAL_Driver/Src/stm32l4xx_ll_usb.o
                0x08009ea2                USB_ReadDevAllOutEpInterrupt
 .text.USB_ReadDevAllInEpInterrupt
                0x08009ed6       0x34 ./Drivers/STM32L4xx_HAL_Driver/Src/stm32l4xx_ll_usb.o
                0x08009ed6                USB_ReadDevAllInEpInterrupt
 .text.USB_ReadDevOutEPInterrupt
                0x08009f0a       0x3c ./Drivers/STM32L4xx_HAL_Driver/Src/stm32l4xx_ll_usb.o
                0x08009f0a                USB_ReadDevOutEPInterrupt
 .text.USB_ReadDevInEPInterrupt
                0x08009f46       0x5c ./Drivers/STM32L4xx_HAL_Driver/Src/stm32l4xx_ll_usb.o
                0x08009f46                USB_ReadDevInEPInterrupt
 .text.USB_GetMode
                0x08009fa2       0x1c ./Drivers/STM32L4xx_HAL_Driver/Src/stm32l4xx_ll_usb.o
                0x08009fa2                USB_GetMode
 .text.USB_ActivateSetup
                0x08009fbe       0x46 ./Drivers/STM32L4xx_HAL_Driver/Src/stm32l4xx_ll_usb.o
                0x08009fbe                USB_ActivateSetup
 .text.USB_EP0_OutStart
                0x0800a004       0x90 ./Drivers/STM32L4xx_HAL_Driver/Src/stm32l4xx_ll_usb.o
                0x0800a004                USB_EP0_OutStart
 .text.USB_CoreReset
                0x0800a094       0x62 ./Drivers/STM32L4xx_HAL_Driver/Src/stm32l4xx_ll_usb.o
 *fill*         0x0800a0f6        0x2 
 .text.USBD_CDC_Init
                0x0800a0f8      0x1f0 ./Middlewares/ST/STM32_USB_Device_Library/Class/CDC/Src/usbd_cdc.o
 .text.USBD_CDC_DeInit
                0x0800a2e8      0x104 ./Middlewares/ST/STM32_USB_Device_Library/Class/CDC/Src/usbd_cdc.o
 .text.USBD_CDC_Setup
                0x0800a3ec      0x1b8 ./Middlewares/ST/STM32_USB_Device_Library/Class/CDC/Src/usbd_cdc.o
 .text.USBD_CDC_DataIn
                0x0800a5a4       0xfe ./Middlewares/ST/STM32_USB_Device_Library/Class/CDC/Src/usbd_cdc.o
 .text.USBD_CDC_DataOut
                0x0800a6a2       0x70 ./Middlewares/ST/STM32_USB_Device_Library/Class/CDC/Src/usbd_cdc.o
 .text.USBD_CDC_EP0_RxReady
                0x0800a712       0x74 ./Middlewares/ST/STM32_USB_Device_Library/Class/CDC/Src/usbd_cdc.o
 *fill*         0x0800a786        0x2 
 .text.USBD_CDC_GetFSCfgDesc
                0x0800a788       0x70 ./Middlewares/ST/STM32_USB_Device_Library/Class/CDC/Src/usbd_cdc.o
 .text.USBD_CDC_GetHSCfgDesc
                0x0800a7f8       0x70 ./Middlewares/ST/STM32_USB_Device_Library/Class/CDC/Src/usbd_cdc.o
 .text.USBD_CDC_GetOtherSpeedCfgDesc
                0x0800a868       0x70 ./Middlewares/ST/STM32_USB_Device_Library/Class/CDC/Src/usbd_cdc.o
 .text.USBD_CDC_GetDeviceQualifierDescriptor
                0x0800a8d8       0x20 ./Middlewares/ST/STM32_USB_Device_Library/Class/CDC/Src/usbd_cdc.o
                0x0800a8d8                USBD_CDC_GetDeviceQualifierDescriptor
 .text.USBD_CDC_RegisterInterface
                0x0800a8f8       0x34 ./Middlewares/ST/STM32_USB_Device_Library/Class/CDC/Src/usbd_cdc.o
                0x0800a8f8                USBD_CDC_RegisterInterface
 .text.USBD_CDC_SetTxBuffer
                0x0800a92c       0x44 ./Middlewares/ST/STM32_USB_Device_Library/Class/CDC/Src/usbd_cdc.o
                0x0800a92c                USBD_CDC_SetTxBuffer
 .text.USBD_CDC_SetRxBuffer
                0x0800a970       0x3a ./Middlewares/ST/STM32_USB_Device_Library/Class/CDC/Src/usbd_cdc.o
                0x0800a970                USBD_CDC_SetRxBuffer
 *fill*         0x0800a9aa        0x2 
 .text.USBD_CDC_TransmitPacket
                0x0800a9ac       0x80 ./Middlewares/ST/STM32_USB_Device_Library/Class/CDC/Src/usbd_cdc.o
                0x0800a9ac                USBD_CDC_TransmitPacket
 .text.USBD_CDC_ReceivePacket
                0x0800aa2c       0x6c ./Middlewares/ST/STM32_USB_Device_Library/Class/CDC/Src/usbd_cdc.o
                0x0800aa2c                USBD_CDC_ReceivePacket
 .text.USBD_Init
                0x0800aa98       0x60 ./Middlewares/ST/STM32_USB_Device_Library/Core/Src/usbd_core.o
                0x0800aa98                USBD_Init
 .text.USBD_RegisterClass
                0x0800aaf8       0x6c ./Middlewares/ST/STM32_USB_Device_Library/Core/Src/usbd_core.o
                0x0800aaf8                USBD_RegisterClass
 .text.USBD_Start
                0x0800ab64       0x18 ./Middlewares/ST/STM32_USB_Device_Library/Core/Src/usbd_core.o
                0x0800ab64                USBD_Start
 .text.USBD_RunTestMode
                0x0800ab7c       0x16 ./Middlewares/ST/STM32_USB_Device_Library/Core/Src/usbd_core.o
                0x0800ab7c                USBD_RunTestMode
 .text.USBD_SetClassConfig
                0x0800ab92       0x38 ./Middlewares/ST/STM32_USB_Device_Library/Core/Src/usbd_core.o
                0x0800ab92                USBD_SetClassConfig
 .text.USBD_ClrClassConfig
                0x0800abca       0x34 ./Middlewares/ST/STM32_USB_Device_Library/Core/Src/usbd_core.o
                0x0800abca                USBD_ClrClassConfig
 .text.USBD_LL_SetupStage
                0x0800abfe       0xaa ./Middlewares/ST/STM32_USB_Device_Library/Core/Src/usbd_core.o
                0x0800abfe                USBD_LL_SetupStage
 .text.USBD_LL_DataOutStage
                0x0800aca8      0x166 ./Middlewares/ST/STM32_USB_Device_Library/Core/Src/usbd_core.o
                0x0800aca8                USBD_LL_DataOutStage
 .text.USBD_LL_DataInStage
                0x0800ae0e      0x164 ./Middlewares/ST/STM32_USB_Device_Library/Core/Src/usbd_core.o
                0x0800ae0e                USBD_LL_DataInStage
 .text.USBD_LL_Reset
                0x0800af72       0xa4 ./Middlewares/ST/STM32_USB_Device_Library/Core/Src/usbd_core.o
                0x0800af72                USBD_LL_Reset
 .text.USBD_LL_SetSpeed
                0x0800b016       0x20 ./Middlewares/ST/STM32_USB_Device_Library/Core/Src/usbd_core.o
                0x0800b016                USBD_LL_SetSpeed
 .text.USBD_LL_Suspend
                0x0800b036       0x38 ./Middlewares/ST/STM32_USB_Device_Library/Core/Src/usbd_core.o
                0x0800b036                USBD_LL_Suspend
 .text.USBD_LL_Resume
                0x0800b06e       0x30 ./Middlewares/ST/STM32_USB_Device_Library/Core/Src/usbd_core.o
                0x0800b06e                USBD_LL_Resume
 .text.USBD_LL_SOF
                0x0800b09e       0x40 ./Middlewares/ST/STM32_USB_Device_Library/Core/Src/usbd_core.o
                0x0800b09e                USBD_LL_SOF
 .text.USBD_LL_IsoINIncomplete
                0x0800b0de       0x64 ./Middlewares/ST/STM32_USB_Device_Library/Core/Src/usbd_core.o
                0x0800b0de                USBD_LL_IsoINIncomplete
 .text.USBD_LL_IsoOUTIncomplete
                0x0800b142       0x64 ./Middlewares/ST/STM32_USB_Device_Library/Core/Src/usbd_core.o
                0x0800b142                USBD_LL_IsoOUTIncomplete
 .text.USBD_LL_DevConnected
                0x0800b1a6       0x16 ./Middlewares/ST/STM32_USB_Device_Library/Core/Src/usbd_core.o
                0x0800b1a6                USBD_LL_DevConnected
 .text.USBD_LL_DevDisconnected
                0x0800b1bc       0x46 ./Middlewares/ST/STM32_USB_Device_Library/Core/Src/usbd_core.o
                0x0800b1bc                USBD_LL_DevDisconnected
 .text.USBD_CoreFindIF
                0x0800b202       0x1a ./Middlewares/ST/STM32_USB_Device_Library/Core/Src/usbd_core.o
                0x0800b202                USBD_CoreFindIF
 .text.USBD_CoreFindEP
                0x0800b21c       0x1a ./Middlewares/ST/STM32_USB_Device_Library/Core/Src/usbd_core.o
                0x0800b21c                USBD_CoreFindEP
 .text.USBD_GetEpDesc
                0x0800b236       0x70 ./Middlewares/ST/STM32_USB_Device_Library/Core/Src/usbd_core.o
                0x0800b236                USBD_GetEpDesc
 .text.USBD_GetNextDesc
                0x0800b2a6       0x38 ./Middlewares/ST/STM32_USB_Device_Library/Core/Src/usbd_core.o
                0x0800b2a6                USBD_GetNextDesc
 .text.SWAPBYTE
                0x0800b2de       0x3e ./Middlewares/ST/STM32_USB_Device_Library/Core/Src/usbd_ctlreq.o
 .text.USBD_StdDevReq
                0x0800b31c       0xe4 ./Middlewares/ST/STM32_USB_Device_Library/Core/Src/usbd_ctlreq.o
                0x0800b31c                USBD_StdDevReq
 .text.USBD_StdItfReq
                0x0800b400       0xd8 ./Middlewares/ST/STM32_USB_Device_Library/Core/Src/usbd_ctlreq.o
                0x0800b400                USBD_StdItfReq
 .text.USBD_StdEPReq
                0x0800b4d8      0x33a ./Middlewares/ST/STM32_USB_Device_Library/Core/Src/usbd_ctlreq.o
                0x0800b4d8                USBD_StdEPReq
 *fill*         0x0800b812        0x2 
 .text.USBD_GetDescriptor
                0x0800b814      0x328 ./Middlewares/ST/STM32_USB_Device_Library/Core/Src/usbd_ctlreq.o
 .text.USBD_SetAddress
                0x0800bb3c       0x88 ./Middlewares/ST/STM32_USB_Device_Library/Core/Src/usbd_ctlreq.o
 .text.USBD_SetConfig
                0x0800bbc4      0x154 ./Middlewares/ST/STM32_USB_Device_Library/Core/Src/usbd_ctlreq.o
 .text.USBD_GetConfig
                0x0800bd18       0x6c ./Middlewares/ST/STM32_USB_Device_Library/Core/Src/usbd_ctlreq.o
 .text.USBD_GetStatus
                0x0800bd84       0x68 ./Middlewares/ST/STM32_USB_Device_Library/Core/Src/usbd_ctlreq.o
 .text.USBD_SetFeature
                0x0800bdec       0x52 ./Middlewares/ST/STM32_USB_Device_Library/Core/Src/usbd_ctlreq.o
 .text.USBD_ClrFeature
                0x0800be3e       0x44 ./Middlewares/ST/STM32_USB_Device_Library/Core/Src/usbd_ctlreq.o
 .text.USBD_ParseSetupRequest
                0x0800be82       0x74 ./Middlewares/ST/STM32_USB_Device_Library/Core/Src/usbd_ctlreq.o
                0x0800be82                USBD_ParseSetupRequest
 .text.USBD_CtlError
                0x0800bef6       0x22 ./Middlewares/ST/STM32_USB_Device_Library/Core/Src/usbd_ctlreq.o
                0x0800bef6                USBD_CtlError
 .text.USBD_GetString
                0x0800bf18       0xa4 ./Middlewares/ST/STM32_USB_Device_Library/Core/Src/usbd_ctlreq.o
                0x0800bf18                USBD_GetString
 .text.USBD_GetLen
                0x0800bfbc       0x34 ./Middlewares/ST/STM32_USB_Device_Library/Core/Src/usbd_ctlreq.o
 .text.USBD_CtlSendData
                0x0800bff0       0x36 ./Middlewares/ST/STM32_USB_Device_Library/Core/Src/usbd_ioreq.o
                0x0800bff0                USBD_CtlSendData
 .text.USBD_CtlContinueSendData
                0x0800c026       0x22 ./Middlewares/ST/STM32_USB_Device_Library/Core/Src/usbd_ioreq.o
                0x0800c026                USBD_CtlContinueSendData
 .text.USBD_CtlPrepareRx
                0x0800c048       0x3a ./Middlewares/ST/STM32_USB_Device_Library/Core/Src/usbd_ioreq.o
                0x0800c048                USBD_CtlPrepareRx
 .text.USBD_CtlContinueRx
                0x0800c082       0x22 ./Middlewares/ST/STM32_USB_Device_Library/Core/Src/usbd_ioreq.o
                0x0800c082                USBD_CtlContinueRx
 .text.USBD_CtlSendStatus
                0x0800c0a4       0x26 ./Middlewares/ST/STM32_USB_Device_Library/Core/Src/usbd_ioreq.o
                0x0800c0a4                USBD_CtlSendStatus
 .text.USBD_CtlReceiveStatus
                0x0800c0ca       0x26 ./Middlewares/ST/STM32_USB_Device_Library/Core/Src/usbd_ioreq.o
                0x0800c0ca                USBD_CtlReceiveStatus
 .text.__NVIC_SetPriority
                0x0800c0f0       0x54 ./Middlewares/Third_Party/FreeRTOS/Source/CMSIS_RTOS_V2/cmsis_os2.o
 .text.SysTick_Handler
                0x0800c144       0x20 ./Middlewares/Third_Party/FreeRTOS/Source/CMSIS_RTOS_V2/cmsis_os2.o
                0x0800c144                SysTick_Handler
 .text.SVC_Setup
                0x0800c164       0x12 ./Middlewares/Third_Party/FreeRTOS/Source/CMSIS_RTOS_V2/cmsis_os2.o
 *fill*         0x0800c176        0x2 
 .text.osKernelInitialize
                0x0800c178       0x48 ./Middlewares/Third_Party/FreeRTOS/Source/CMSIS_RTOS_V2/cmsis_os2.o
                0x0800c178                osKernelInitialize
 .text.osKernelStart
                0x0800c1c0       0x4c ./Middlewares/Third_Party/FreeRTOS/Source/CMSIS_RTOS_V2/cmsis_os2.o
                0x0800c1c0                osKernelStart
 .text.osThreadNew
                0x0800c20c      0x124 ./Middlewares/Third_Party/FreeRTOS/Source/CMSIS_RTOS_V2/cmsis_os2.o
                0x0800c20c                osThreadNew
 .text.osDelay  0x0800c330       0x36 ./Middlewares/Third_Party/FreeRTOS/Source/CMSIS_RTOS_V2/cmsis_os2.o
                0x0800c330                osDelay
 *fill*         0x0800c366        0x2 
 .text.vApplicationGetIdleTaskMemory
                0x0800c368       0x34 ./Middlewares/Third_Party/FreeRTOS/Source/CMSIS_RTOS_V2/cmsis_os2.o
                0x0800c368                vApplicationGetIdleTaskMemory
 .text.vApplicationGetTimerTaskMemory
                0x0800c39c       0x34 ./Middlewares/Third_Party/FreeRTOS/Source/CMSIS_RTOS_V2/cmsis_os2.o
                0x0800c39c                vApplicationGetTimerTaskMemory
 .text.vListInitialise
                0x0800c3d0       0x40 ./Middlewares/Third_Party/FreeRTOS/Source/list.o
                0x0800c3d0                vListInitialise
 .text.vListInitialiseItem
                0x0800c410       0x1a ./Middlewares/Third_Party/FreeRTOS/Source/list.o
                0x0800c410                vListInitialiseItem
 .text.vListInsertEnd
                0x0800c42a       0x48 ./Middlewares/Third_Party/FreeRTOS/Source/list.o
                0x0800c42a                vListInsertEnd
 .text.vListInsert
                0x0800c472       0x72 ./Middlewares/Third_Party/FreeRTOS/Source/list.o
                0x0800c472                vListInsert
 .text.uxListRemove
                0x0800c4e4       0x54 ./Middlewares/Third_Party/FreeRTOS/Source/list.o
                0x0800c4e4                uxListRemove
 .text.xQueueGenericReset
                0x0800c538       0xd4 ./Middlewares/Third_Party/FreeRTOS/Source/queue.o
                0x0800c538                xQueueGenericReset
 .text.xQueueGenericCreateStatic
                0x0800c60c       0xfa ./Middlewares/Third_Party/FreeRTOS/Source/queue.o
                0x0800c60c                xQueueGenericCreateStatic
 .text.prvInitialiseNewQueue
                0x0800c706       0x46 ./Middlewares/Third_Party/FreeRTOS/Source/queue.o
 .text.xQueueGenericSend
                0x0800c74c      0x204 ./Middlewares/Third_Party/FreeRTOS/Source/queue.o
                0x0800c74c                xQueueGenericSend
 .text.xQueueGenericSendFromISR
                0x0800c950      0x13c ./Middlewares/Third_Party/FreeRTOS/Source/queue.o
                0x0800c950                xQueueGenericSendFromISR
 .text.xQueueReceive
                0x0800ca8c      0x1c4 ./Middlewares/Third_Party/FreeRTOS/Source/queue.o
                0x0800ca8c                xQueueReceive
 .text.prvCopyDataToQueue
                0x0800cc50       0xd4 ./Middlewares/Third_Party/FreeRTOS/Source/queue.o
 .text.prvCopyDataFromQueue
                0x0800cd24       0x4c ./Middlewares/Third_Party/FreeRTOS/Source/queue.o
 .text.prvUnlockQueue
                0x0800cd70       0xa4 ./Middlewares/Third_Party/FreeRTOS/Source/queue.o
 .text.prvIsQueueEmpty
                0x0800ce14       0x2c ./Middlewares/Third_Party/FreeRTOS/Source/queue.o
 .text.prvIsQueueFull
                0x0800ce40       0x30 ./Middlewares/Third_Party/FreeRTOS/Source/queue.o
 .text.vQueueAddToRegistry
                0x0800ce70       0x54 ./Middlewares/Third_Party/FreeRTOS/Source/queue.o
                0x0800ce70                vQueueAddToRegistry
 .text.vQueueWaitForMessageRestricted
                0x0800cec4       0x68 ./Middlewares/Third_Party/FreeRTOS/Source/queue.o
                0x0800cec4                vQueueWaitForMessageRestricted
 .text.xTaskCreateStatic
                0x0800cf2c       0xc0 ./Middlewares/Third_Party/FreeRTOS/Source/tasks.o
                0x0800cf2c                xTaskCreateStatic
 .text.xTaskCreate
                0x0800cfec       0x8a ./Middlewares/Third_Party/FreeRTOS/Source/tasks.o
                0x0800cfec                xTaskCreate
 *fill*         0x0800d076        0x2 
 .text.prvInitialiseNewTask
                0x0800d078      0x150 ./Middlewares/Third_Party/FreeRTOS/Source/tasks.o
 .text.prvAddNewTaskToReadyList
                0x0800d1c8       0xe0 ./Middlewares/Third_Party/FreeRTOS/Source/tasks.o
 .text.vTaskDelay
                0x0800d2a8       0x6c ./Middlewares/Third_Party/FreeRTOS/Source/tasks.o
                0x0800d2a8                vTaskDelay
 .text.vTaskStartScheduler
                0x0800d314       0xe0 ./Middlewares/Third_Party/FreeRTOS/Source/tasks.o
                0x0800d314                vTaskStartScheduler
 .text.vTaskSuspendAll
                0x0800d3f4       0x1c ./Middlewares/Third_Party/FreeRTOS/Source/tasks.o
                0x0800d3f4                vTaskSuspendAll
 .text.xTaskResumeAll
                0x0800d410      0x13c ./Middlewares/Third_Party/FreeRTOS/Source/tasks.o
                0x0800d410                xTaskResumeAll
 .text.xTaskGetTickCount
                0x0800d54c       0x20 ./Middlewares/Third_Party/FreeRTOS/Source/tasks.o
                0x0800d54c                xTaskGetTickCount
 .text.xTaskIncrementTick
                0x0800d56c      0x174 ./Middlewares/Third_Party/FreeRTOS/Source/tasks.o
                0x0800d56c                xTaskIncrementTick
 .text.vTaskSwitchContext
                0x0800d6e0       0xcc ./Middlewares/Third_Party/FreeRTOS/Source/tasks.o
                0x0800d6e0                vTaskSwitchContext
 .text.vTaskPlaceOnEventList
                0x0800d7ac       0x4c ./Middlewares/Third_Party/FreeRTOS/Source/tasks.o
                0x0800d7ac                vTaskPlaceOnEventList
 .text.vTaskPlaceOnEventListRestricted
                0x0800d7f8       0x58 ./Middlewares/Third_Party/FreeRTOS/Source/tasks.o
                0x0800d7f8                vTaskPlaceOnEventListRestricted
 .text.xTaskRemoveFromEventList
                0x0800d850       0xc8 ./Middlewares/Third_Party/FreeRTOS/Source/tasks.o
                0x0800d850                xTaskRemoveFromEventList
 .text.vTaskInternalSetTimeOutState
                0x0800d918       0x2c ./Middlewares/Third_Party/FreeRTOS/Source/tasks.o
                0x0800d918                vTaskInternalSetTimeOutState
 .text.xTaskCheckForTimeOut
                0x0800d944       0xc8 ./Middlewares/Third_Party/FreeRTOS/Source/tasks.o
                0x0800d944                xTaskCheckForTimeOut
 .text.vTaskMissedYield
                0x0800da0c       0x18 ./Middlewares/Third_Party/FreeRTOS/Source/tasks.o
                0x0800da0c                vTaskMissedYield
 .text.prvIdleTask
                0x0800da24       0x30 ./Middlewares/Third_Party/FreeRTOS/Source/tasks.o
 .text.prvInitialiseTaskLists
                0x0800da54       0x80 ./Middlewares/Third_Party/FreeRTOS/Source/tasks.o
 .text.prvCheckTasksWaitingTermination
                0x0800dad4       0x5c ./Middlewares/Third_Party/FreeRTOS/Source/tasks.o
 .text.prvDeleteTCB
                0x0800db30       0x6a ./Middlewares/Third_Party/FreeRTOS/Source/tasks.o
 *fill*         0x0800db9a        0x2 
 .text.prvResetNextTaskUnblockTime
                0x0800db9c       0x40 ./Middlewares/Third_Party/FreeRTOS/Source/tasks.o
 .text.xTaskGetSchedulerState
                0x0800dbdc       0x3c ./Middlewares/Third_Party/FreeRTOS/Source/tasks.o
                0x0800dbdc                xTaskGetSchedulerState
 .text.xTaskPriorityDisinherit
                0x0800dc18       0xe0 ./Middlewares/Third_Party/FreeRTOS/Source/tasks.o
                0x0800dc18                xTaskPriorityDisinherit
 .text.prvAddCurrentTaskToDelayedList
                0x0800dcf8       0xa8 ./Middlewares/Third_Party/FreeRTOS/Source/tasks.o
 .text.xTimerCreateTimerTask
                0x0800dda0       0x94 ./Middlewares/Third_Party/FreeRTOS/Source/timers.o
                0x0800dda0                xTimerCreateTimerTask
 .text.xTimerGenericCommand
                0x0800de34       0x9c ./Middlewares/Third_Party/FreeRTOS/Source/timers.o
                0x0800de34                xTimerGenericCommand
 .text.prvProcessExpiredTimer
                0x0800ded0       0x9c ./Middlewares/Third_Party/FreeRTOS/Source/timers.o
 .text.prvTimerTask
                0x0800df6c       0x26 ./Middlewares/Third_Party/FreeRTOS/Source/timers.o
 *fill*         0x0800df92        0x2 
 .text.prvProcessTimerOrBlockTask
                0x0800df94       0x9c ./Middlewares/Third_Party/FreeRTOS/Source/timers.o
 .text.prvGetNextExpireTime
                0x0800e030       0x48 ./Middlewares/Third_Party/FreeRTOS/Source/timers.o
 .text.prvSampleTimeNow
                0x0800e078       0x40 ./Middlewares/Third_Party/FreeRTOS/Source/timers.o
 .text.prvInsertTimerInActiveList
                0x0800e0b8       0x84 ./Middlewares/Third_Party/FreeRTOS/Source/timers.o
 .text.prvProcessReceivedCommands
                0x0800e13c      0x1cc ./Middlewares/Third_Party/FreeRTOS/Source/timers.o
 .text.prvSwitchTimerLists
                0x0800e308       0xcc ./Middlewares/Third_Party/FreeRTOS/Source/timers.o
 .text.prvCheckForValidListAndQueue
                0x0800e3d4       0x80 ./Middlewares/Third_Party/FreeRTOS/Source/timers.o
 .text.pxPortInitialiseStack
                0x0800e454       0x68 ./Middlewares/Third_Party/FreeRTOS/Source/portable/GCC/ARM_CM4F/port.o
                0x0800e454                pxPortInitialiseStack
 .text.prvTaskExitError
                0x0800e4bc       0x5c ./Middlewares/Third_Party/FreeRTOS/Source/portable/GCC/ARM_CM4F/port.o
 *fill*         0x0800e518        0x8 
 .text.SVC_Handler
                0x0800e520       0x28 ./Middlewares/Third_Party/FreeRTOS/Source/portable/GCC/ARM_CM4F/port.o
                0x0800e520                SVC_Handler
 .text.prvPortStartFirstTask
                0x0800e548       0x28 ./Middlewares/Third_Party/FreeRTOS/Source/portable/GCC/ARM_CM4F/port.o
 .text.xPortStartScheduler
                0x0800e570      0x148 ./Middlewares/Third_Party/FreeRTOS/Source/portable/GCC/ARM_CM4F/port.o
                0x0800e570                xPortStartScheduler
 .text.vPortEnterCritical
                0x0800e6b8       0x64 ./Middlewares/Third_Party/FreeRTOS/Source/portable/GCC/ARM_CM4F/port.o
                0x0800e6b8                vPortEnterCritical
 .text.vPortExitCritical
                0x0800e71c       0x54 ./Middlewares/Third_Party/FreeRTOS/Source/portable/GCC/ARM_CM4F/port.o
                0x0800e71c                vPortExitCritical
 .text.PendSV_Handler
                0x0800e770       0x68 ./Middlewares/Third_Party/FreeRTOS/Source/portable/GCC/ARM_CM4F/port.o
                0x0800e770                PendSV_Handler
 .text.xPortSysTickHandler
                0x0800e7d8       0x44 ./Middlewares/Third_Party/FreeRTOS/Source/portable/GCC/ARM_CM4F/port.o
                0x0800e7d8                xPortSysTickHandler
 .text.vPortSetupTimerInterrupt
                0x0800e81c       0x48 ./Middlewares/Third_Party/FreeRTOS/Source/portable/GCC/ARM_CM4F/port.o
                0x0800e81c                vPortSetupTimerInterrupt
 .text.vPortEnableVFP
                0x0800e864       0x14 ./Middlewares/Third_Party/FreeRTOS/Source/portable/GCC/ARM_CM4F/port.o
 .text.vPortValidateInterruptPriority
                0x0800e878       0x84 ./Middlewares/Third_Party/FreeRTOS/Source/portable/GCC/ARM_CM4F/port.o
                0x0800e878                vPortValidateInterruptPriority
 .text.pvPortMalloc
                0x0800e8fc      0x19c ./Middlewares/Third_Party/FreeRTOS/Source/portable/MemMang/heap_4.o
                0x0800e8fc                pvPortMalloc
 .text.vPortFree
                0x0800ea98       0xc8 ./Middlewares/Third_Party/FreeRTOS/Source/portable/MemMang/heap_4.o
                0x0800ea98                vPortFree
 .text.prvHeapInit
                0x0800eb60       0xc4 ./Middlewares/Third_Party/FreeRTOS/Source/portable/MemMang/heap_4.o
 .text.prvInsertBlockIntoFreeList
                0x0800ec24       0xb4 ./Middlewares/Third_Party/FreeRTOS/Source/portable/MemMang/heap_4.o
 .text.MX_USB_DEVICE_Init
                0x0800ecd8       0x60 ./USB_DEVICE/App/usb_device.o
                0x0800ecd8                MX_USB_DEVICE_Init
 .text.CDC_Init_FS
                0x0800ed38       0x28 ./USB_DEVICE/App/usbd_cdc_if.o
 .text.CDC_DeInit_FS
                0x0800ed60       0x10 ./USB_DEVICE/App/usbd_cdc_if.o
 .text.CDC_Control_FS
                0x0800ed70       0xe4 ./USB_DEVICE/App/usbd_cdc_if.o
 .text.CDC_Receive_FS
                0x0800ee54       0x28 ./USB_DEVICE/App/usbd_cdc_if.o
 .text.CDC_Transmit_FS
                0x0800ee7c       0x4c ./USB_DEVICE/App/usbd_cdc_if.o
                0x0800ee7c                CDC_Transmit_FS
 .text.CDC_TransmitCplt_FS
                0x0800eec8       0x22 ./USB_DEVICE/App/usbd_cdc_if.o
 *fill*         0x0800eeea        0x2 
 .text.USBD_FS_DeviceDescriptor
                0x0800eeec       0x24 ./USB_DEVICE/App/usbd_desc.o
                0x0800eeec                USBD_FS_DeviceDescriptor
 .text.USBD_FS_LangIDStrDescriptor
                0x0800ef10       0x24 ./USB_DEVICE/App/usbd_desc.o
                0x0800ef10                USBD_FS_LangIDStrDescriptor
 .text.USBD_FS_ProductStrDescriptor
                0x0800ef34       0x3c ./USB_DEVICE/App/usbd_desc.o
                0x0800ef34                USBD_FS_ProductStrDescriptor
 .text.USBD_FS_ManufacturerStrDescriptor
                0x0800ef70       0x28 ./USB_DEVICE/App/usbd_desc.o
                0x0800ef70                USBD_FS_ManufacturerStrDescriptor
 .text.USBD_FS_SerialStrDescriptor
                0x0800ef98       0x24 ./USB_DEVICE/App/usbd_desc.o
                0x0800ef98                USBD_FS_SerialStrDescriptor
 .text.USBD_FS_ConfigStrDescriptor
                0x0800efbc       0x3c ./USB_DEVICE/App/usbd_desc.o
                0x0800efbc                USBD_FS_ConfigStrDescriptor
 .text.USBD_FS_InterfaceStrDescriptor
                0x0800eff8       0x3c ./USB_DEVICE/App/usbd_desc.o
                0x0800eff8                USBD_FS_InterfaceStrDescriptor
 .text.USBD_FS_USR_BOSDescriptor
                0x0800f034       0x24 ./USB_DEVICE/App/usbd_desc.o
                0x0800f034                USBD_FS_USR_BOSDescriptor
 .text.Get_SerialNum
                0x0800f058       0x58 ./USB_DEVICE/App/usbd_desc.o
 .text.IntToUnicode
                0x0800f0b0       0x7e ./USB_DEVICE/App/usbd_desc.o
 *fill*         0x0800f12e        0x2 
 .text.HAL_PCD_MspInit
                0x0800f130      0x104 ./USB_DEVICE/Target/usbd_conf.o
                0x0800f130                HAL_PCD_MspInit
 .text.HAL_PCD_SetupStageCallback
                0x0800f234       0x24 ./USB_DEVICE/Target/usbd_conf.o
                0x0800f234                HAL_PCD_SetupStageCallback
 .text.HAL_PCD_DataOutStageCallback
                0x0800f258       0x36 ./USB_DEVICE/Target/usbd_conf.o
                0x0800f258                HAL_PCD_DataOutStageCallback
 .text.HAL_PCD_DataInStageCallback
                0x0800f28e       0x34 ./USB_DEVICE/Target/usbd_conf.o
                0x0800f28e                HAL_PCD_DataInStageCallback
 .text.HAL_PCD_SOFCallback
                0x0800f2c2       0x1c ./USB_DEVICE/Target/usbd_conf.o
                0x0800f2c2                HAL_PCD_SOFCallback
 .text.HAL_PCD_ResetCallback
                0x0800f2de       0x3c ./USB_DEVICE/Target/usbd_conf.o
                0x0800f2de                HAL_PCD_ResetCallback
 *fill*         0x0800f31a        0x2 
 .text.HAL_PCD_SuspendCallback
                0x0800f31c       0x4c ./USB_DEVICE/Target/usbd_conf.o
                0x0800f31c                HAL_PCD_SuspendCallback
 .text.HAL_PCD_ResumeCallback
                0x0800f368       0x50 ./USB_DEVICE/Target/usbd_conf.o
                0x0800f368                HAL_PCD_ResumeCallback
 .text.HAL_PCD_ISOOUTIncompleteCallback
                0x0800f3b8       0x24 ./USB_DEVICE/Target/usbd_conf.o
                0x0800f3b8                HAL_PCD_ISOOUTIncompleteCallback
 .text.HAL_PCD_ISOINIncompleteCallback
                0x0800f3dc       0x24 ./USB_DEVICE/Target/usbd_conf.o
                0x0800f3dc                HAL_PCD_ISOINIncompleteCallback
 .text.HAL_PCD_ConnectCallback
                0x0800f400       0x1c ./USB_DEVICE/Target/usbd_conf.o
                0x0800f400                HAL_PCD_ConnectCallback
 .text.HAL_PCD_DisconnectCallback
                0x0800f41c       0x1c ./USB_DEVICE/Target/usbd_conf.o
                0x0800f41c                HAL_PCD_DisconnectCallback
 .text.USBD_LL_Init
                0x0800f438       0x98 ./USB_DEVICE/Target/usbd_conf.o
                0x0800f438                USBD_LL_Init
 .text.USBD_LL_Start
                0x0800f4d0       0x64 ./USB_DEVICE/Target/usbd_conf.o
                0x0800f4d0                USBD_LL_Start
 .text.USBD_LL_OpenEP
                0x0800f534       0x7c ./USB_DEVICE/Target/usbd_conf.o
                0x0800f534                USBD_LL_OpenEP
 .text.USBD_LL_CloseEP
                0x0800f5b0       0x6c ./USB_DEVICE/Target/usbd_conf.o
                0x0800f5b0                USBD_LL_CloseEP
 .text.USBD_LL_StallEP
                0x0800f61c       0x6c ./USB_DEVICE/Target/usbd_conf.o
                0x0800f61c                USBD_LL_StallEP
 .text.USBD_LL_ClearStallEP
                0x0800f688       0x6c ./USB_DEVICE/Target/usbd_conf.o
                0x0800f688                USBD_LL_ClearStallEP
 .text.USBD_LL_IsStallEP
                0x0800f6f4       0x58 ./USB_DEVICE/Target/usbd_conf.o
                0x0800f6f4                USBD_LL_IsStallEP
 .text.USBD_LL_SetUSBAddress
                0x0800f74c       0x6c ./USB_DEVICE/Target/usbd_conf.o
                0x0800f74c                USBD_LL_SetUSBAddress
 .text.USBD_LL_Transmit
                0x0800f7b8       0x70 ./USB_DEVICE/Target/usbd_conf.o
                0x0800f7b8                USBD_LL_Transmit
 .text.USBD_LL_PrepareReceive
                0x0800f828       0x70 ./USB_DEVICE/Target/usbd_conf.o
                0x0800f828                USBD_LL_PrepareReceive
 .text.USBD_LL_GetRxDataSize
                0x0800f898       0x26 ./USB_DEVICE/Target/usbd_conf.o
                0x0800f898                USBD_LL_GetRxDataSize
 *fill*         0x0800f8be        0x2 
 .text.HAL_PCDEx_LPM_Callback
                0x0800f8c0       0x9c ./USB_DEVICE/Target/usbd_conf.o
                0x0800f8c0                HAL_PCDEx_LPM_Callback
 .text.USBD_static_malloc
                0x0800f95c       0x1c ./USB_DEVICE/Target/usbd_conf.o
                0x0800f95c                USBD_static_malloc
 .text.USBD_static_free
                0x0800f978       0x14 ./USB_DEVICE/Target/usbd_conf.o
                0x0800f978                USBD_static_free
 .text.SystemClockConfig_Resume
                0x0800f98c        0xe ./USB_DEVICE/Target/usbd_conf.o
 .text.__cvt    0x0800f99a       0xca /opt/stm32cubeide/plugins/com.st.stm32cube.ide.mcu.externaltools.gnu-tools-for-stm32.13.3.rel1.linux64_1.0.0.202410170706/tools/bin/../lib/gcc/arm-none-eabi/13.3.1/../../../../arm-none-eabi/lib/thumb/v7e-m+fp/hard/libc_nano.a(libc_a-nano-vfprintf_float.o)
                0x0800f99a                __cvt
 .text.__exponent
                0x0800fa64       0x74 /opt/stm32cubeide/plugins/com.st.stm32cube.ide.mcu.externaltools.gnu-tools-for-stm32.13.3.rel1.linux64_1.0.0.202410170706/tools/bin/../lib/gcc/arm-none-eabi/13.3.1/../../../../arm-none-eabi/lib/thumb/v7e-m+fp/hard/libc_nano.a(libc_a-nano-vfprintf_float.o)
                0x0800fa64                __exponent
 .text._printf_float
                0x0800fad8      0x454 /opt/stm32cubeide/plugins/com.st.stm32cube.ide.mcu.externaltools.gnu-tools-for-stm32.13.3.rel1.linux64_1.0.0.202410170706/tools/bin/../lib/gcc/arm-none-eabi/13.3.1/../../../../arm-none-eabi/lib/thumb/v7e-m+fp/hard/libc_nano.a(libc_a-nano-vfprintf_float.o)
                0x0800fad8                _printf_float
 .text._printf_common
                0x0800ff2c       0xda /opt/stm32cubeide/plugins/com.st.stm32cube.ide.mcu.externaltools.gnu-tools-for-stm32.13.3.rel1.linux64_1.0.0.202410170706/tools/bin/../lib/gcc/arm-none-eabi/13.3.1/../../../../arm-none-eabi/lib/thumb/v7e-m+fp/hard/libc_nano.a(libc_a-nano-vfprintf_i.o)
                0x0800ff2c                _printf_common
 *fill*         0x08010006        0x2 
 .text._printf_i
                0x08010008      0x23c /opt/stm32cubeide/plugins/com.st.stm32cube.ide.mcu.externaltools.gnu-tools-for-stm32.13.3.rel1.linux64_1.0.0.202410170706/tools/bin/../lib/gcc/arm-none-eabi/13.3.1/../../../../arm-none-eabi/lib/thumb/v7e-m+fp/hard/libc_nano.a(libc_a-nano-vfprintf_i.o)
                0x08010008                _printf_i
 .text.std      0x08010244       0x6c /opt/stm32cubeide/plugins/com.st.stm32cube.ide.mcu.externaltools.gnu-tools-for-stm32.13.3.rel1.linux64_1.0.0.202410170706/tools/bin/../lib/gcc/arm-none-eabi/13.3.1/../../../../arm-none-eabi/lib/thumb/v7e-m+fp/hard/libc_nano.a(libc_a-findfp.o)
 .text.stdio_exit_handler
                0x080102b0       0x18 /opt/stm32cubeide/plugins/com.st.stm32cube.ide.mcu.externaltools.gnu-tools-for-stm32.13.3.rel1.linux64_1.0.0.202410170706/tools/bin/../lib/gcc/arm-none-eabi/13.3.1/../../../../arm-none-eabi/lib/thumb/v7e-m+fp/hard/libc_nano.a(libc_a-findfp.o)
 .text.cleanup_stdio
                0x080102c8       0x40 /opt/stm32cubeide/plugins/com.st.stm32cube.ide.mcu.externaltools.gnu-tools-for-stm32.13.3.rel1.linux64_1.0.0.202410170706/tools/bin/../lib/gcc/arm-none-eabi/13.3.1/../../../../arm-none-eabi/lib/thumb/v7e-m+fp/hard/libc_nano.a(libc_a-findfp.o)
 .text.global_stdio_init.part.0
                0x08010308       0x3c /opt/stm32cubeide/plugins/com.st.stm32cube.ide.mcu.externaltools.gnu-tools-for-stm32.13.3.rel1.linux64_1.0.0.202410170706/tools/bin/../lib/gcc/arm-none-eabi/13.3.1/../../../../arm-none-eabi/lib/thumb/v7e-m+fp/hard/libc_nano.a(libc_a-findfp.o)
 .text.__sfp_lock_acquire
                0x08010344        0xc /opt/stm32cubeide/plugins/com.st.stm32cube.ide.mcu.externaltools.gnu-tools-for-stm32.13.3.rel1.linux64_1.0.0.202410170706/tools/bin/../lib/gcc/arm-none-eabi/13.3.1/../../../../arm-none-eabi/lib/thumb/v7e-m+fp/hard/libc_nano.a(libc_a-findfp.o)
                0x08010344                __sfp_lock_acquire
 .text.__sfp_lock_release
                0x08010350        0xc /opt/stm32cubeide/plugins/com.st.stm32cube.ide.mcu.externaltools.gnu-tools-for-stm32.13.3.rel1.linux64_1.0.0.202410170706/tools/bin/../lib/gcc/arm-none-eabi/13.3.1/../../../../arm-none-eabi/lib/thumb/v7e-m+fp/hard/libc_nano.a(libc_a-findfp.o)
                0x08010350                __sfp_lock_release
 .text.__sinit  0x0801035c       0x30 /opt/stm32cubeide/plugins/com.st.stm32cube.ide.mcu.externaltools.gnu-tools-for-stm32.13.3.rel1.linux64_1.0.0.202410170706/tools/bin/../lib/gcc/arm-none-eabi/13.3.1/../../../../arm-none-eabi/lib/thumb/v7e-m+fp/hard/libc_nano.a(libc_a-findfp.o)
                0x0801035c                __sinit
 .text._fwalk_sglue
                0x0801038c       0x3c /opt/stm32cubeide/plugins/com.st.stm32cube.ide.mcu.externaltools.gnu-tools-for-stm32.13.3.rel1.linux64_1.0.0.202410170706/tools/bin/../lib/gcc/arm-none-eabi/13.3.1/../../../../arm-none-eabi/lib/thumb/v7e-m+fp/hard/libc_nano.a(libc_a-fwalk.o)
                0x0801038c                _fwalk_sglue
 .text.__sread  0x080103c8       0x22 /opt/stm32cubeide/plugins/com.st.stm32cube.ide.mcu.externaltools.gnu-tools-for-stm32.13.3.rel1.linux64_1.0.0.202410170706/tools/bin/../lib/gcc/arm-none-eabi/13.3.1/../../../../arm-none-eabi/lib/thumb/v7e-m+fp/hard/libc_nano.a(libc_a-stdio.o)
                0x080103c8                __sread
 .text.__swrite
                0x080103ea       0x38 /opt/stm32cubeide/plugins/com.st.stm32cube.ide.mcu.externaltools.gnu-tools-for-stm32.13.3.rel1.linux64_1.0.0.202410170706/tools/bin/../lib/gcc/arm-none-eabi/13.3.1/../../../../arm-none-eabi/lib/thumb/v7e-m+fp/hard/libc_nano.a(libc_a-stdio.o)
                0x080103ea                __swrite
 .text.__sseek  0x08010422       0x24 /opt/stm32cubeide/plugins/com.st.stm32cube.ide.mcu.externaltools.gnu-tools-for-stm32.13.3.rel1.linux64_1.0.0.202410170706/tools/bin/../lib/gcc/arm-none-eabi/13.3.1/../../../../arm-none-eabi/lib/thumb/v7e-m+fp/hard/libc_nano.a(libc_a-stdio.o)
                0x08010422                __sseek
 .text.__sclose
                0x08010446        0x8 /opt/stm32cubeide/plugins/com.st.stm32cube.ide.mcu.externaltools.gnu-tools-for-stm32.13.3.rel1.linux64_1.0.0.202410170706/tools/bin/../lib/gcc/arm-none-eabi/13.3.1/../../../../arm-none-eabi/lib/thumb/v7e-m+fp/hard/libc_nano.a(libc_a-stdio.o)
                0x08010446                __sclose
 .text.memset   0x0801044e       0x10 /opt/stm32cubeide/plugins/com.st.stm32cube.ide.mcu.externaltools.gnu-tools-for-stm32.13.3.rel1.linux64_1.0.0.202410170706/tools/bin/../lib/gcc/arm-none-eabi/13.3.1/../../../../arm-none-eabi/lib/thumb/v7e-m+fp/hard/libc_nano.a(libc_a-memset.o)
                0x0801044e                memset
 *fill*         0x0801045e        0x2 
 .text._localeconv_r
                0x08010460        0x8 /opt/stm32cubeide/plugins/com.st.stm32cube.ide.mcu.externaltools.gnu-tools-for-stm32.13.3.rel1.linux64_1.0.0.202410170706/tools/bin/../lib/gcc/arm-none-eabi/13.3.1/../../../../arm-none-eabi/lib/thumb/v7e-m+fp/hard/libc_nano.a(libc_a-localeconv.o)
                0x08010460                _localeconv_r
 .text._close_r
                0x08010468       0x20 /opt/stm32cubeide/plugins/com.st.stm32cube.ide.mcu.externaltools.gnu-tools-for-stm32.13.3.rel1.linux64_1.0.0.202410170706/tools/bin/../lib/gcc/arm-none-eabi/13.3.1/../../../../arm-none-eabi/lib/thumb/v7e-m+fp/hard/libc_nano.a(libc_a-closer.o)
                0x08010468                _close_r
 .text._reclaim_reent
                0x08010488       0xbc /opt/stm32cubeide/plugins/com.st.stm32cube.ide.mcu.externaltools.gnu-tools-for-stm32.13.3.rel1.linux64_1.0.0.202410170706/tools/bin/../lib/gcc/arm-none-eabi/13.3.1/../../../../arm-none-eabi/lib/thumb/v7e-m+fp/hard/libc_nano.a(libc_a-reent.o)
                0x08010488                _reclaim_reent
 .text._lseek_r
                0x08010544       0x24 /opt/stm32cubeide/plugins/com.st.stm32cube.ide.mcu.externaltools.gnu-tools-for-stm32.13.3.rel1.linux64_1.0.0.202410170706/tools/bin/../lib/gcc/arm-none-eabi/13.3.1/../../../../arm-none-eabi/lib/thumb/v7e-m+fp/hard/libc_nano.a(libc_a-lseekr.o)
                0x08010544                _lseek_r
 .text._read_r  0x08010568       0x24 /opt/stm32cubeide/plugins/com.st.stm32cube.ide.mcu.externaltools.gnu-tools-for-stm32.13.3.rel1.linux64_1.0.0.202410170706/tools/bin/../lib/gcc/arm-none-eabi/13.3.1/../../../../arm-none-eabi/lib/thumb/v7e-m+fp/hard/libc_nano.a(libc_a-readr.o)
                0x08010568                _read_r
 .text._write_r
                0x0801058c       0x24 /opt/stm32cubeide/plugins/com.st.stm32cube.ide.mcu.externaltools.gnu-tools-for-stm32.13.3.rel1.linux64_1.0.0.202410170706/tools/bin/../lib/gcc/arm-none-eabi/13.3.1/../../../../arm-none-eabi/lib/thumb/v7e-m+fp/hard/libc_nano.a(libc_a-writer.o)
                0x0801058c                _write_r
 .text.__errno  0x080105b0        0xc /opt/stm32cubeide/plugins/com.st.stm32cube.ide.mcu.externaltools.gnu-tools-for-stm32.13.3.rel1.linux64_1.0.0.202410170706/tools/bin/../lib/gcc/arm-none-eabi/13.3.1/../../../../arm-none-eabi/lib/thumb/v7e-m+fp/hard/libc_nano.a(libc_a-errno.o)
                0x080105b0                __errno
 .text.__libc_init_array
                0x080105bc       0x48 /opt/stm32cubeide/plugins/com.st.stm32cube.ide.mcu.externaltools.gnu-tools-for-stm32.13.3.rel1.linux64_1.0.0.202410170706/tools/bin/../lib/gcc/arm-none-eabi/13.3.1/../../../../arm-none-eabi/lib/thumb/v7e-m+fp/hard/libc_nano.a(libc_a-init.o)
                0x080105bc                __libc_init_array
 .text.__retarget_lock_init_recursive
                0x08010604        0x2 /opt/stm32cubeide/plugins/com.st.stm32cube.ide.mcu.externaltools.gnu-tools-for-stm32.13.3.rel1.linux64_1.0.0.202410170706/tools/bin/../lib/gcc/arm-none-eabi/13.3.1/../../../../arm-none-eabi/lib/thumb/v7e-m+fp/hard/libc_nano.a(libc_a-lock.o)
                0x08010604                __retarget_lock_init_recursive
 .text.__retarget_lock_acquire_recursive
                0x08010606        0x2 /opt/stm32cubeide/plugins/com.st.stm32cube.ide.mcu.externaltools.gnu-tools-for-stm32.13.3.rel1.linux64_1.0.0.202410170706/tools/bin/../lib/gcc/arm-none-eabi/13.3.1/../../../../arm-none-eabi/lib/thumb/v7e-m+fp/hard/libc_nano.a(libc_a-lock.o)
                0x08010606                __retarget_lock_acquire_recursive
 .text.__retarget_lock_release_recursive
                0x08010608        0x2 /opt/stm32cubeide/plugins/com.st.stm32cube.ide.mcu.externaltools.gnu-tools-for-stm32.13.3.rel1.linux64_1.0.0.202410170706/tools/bin/../lib/gcc/arm-none-eabi/13.3.1/../../../../arm-none-eabi/lib/thumb/v7e-m+fp/hard/libc_nano.a(libc_a-lock.o)
                0x08010608                __retarget_lock_release_recursive
 .text.memcpy   0x0801060a       0x1c /opt/stm32cubeide/plugins/com.st.stm32cube.ide.mcu.externaltools.gnu-tools-for-stm32.13.3.rel1.linux64_1.0.0.202410170706/tools/bin/../lib/gcc/arm-none-eabi/13.3.1/../../../../arm-none-eabi/lib/thumb/v7e-m+fp/hard/libc_nano.a(libc_a-memcpy-stub.o)
                0x0801060a                memcpy
 .text.quorem   0x08010626      0x110 /opt/stm32cubeide/plugins/com.st.stm32cube.ide.mcu.externaltools.gnu-tools-for-stm32.13.3.rel1.linux64_1.0.0.202410170706/tools/bin/../lib/gcc/arm-none-eabi/13.3.1/../../../../arm-none-eabi/lib/thumb/v7e-m+fp/hard/libc_nano.a(libc_a-dtoa.o)
 *fill*         0x08010736        0x2 
 .text._dtoa_r  0x08010738      0xba0 /opt/stm32cubeide/plugins/com.st.stm32cube.ide.mcu.externaltools.gnu-tools-for-stm32.13.3.rel1.linux64_1.0.0.202410170706/tools/bin/../lib/gcc/arm-none-eabi/13.3.1/../../../../arm-none-eabi/lib/thumb/v7e-m+fp/hard/libc_nano.a(libc_a-dtoa.o)
                0x08010738                _dtoa_r
 .text._free_r  0x080112d8       0x94 /opt/stm32cubeide/plugins/com.st.stm32cube.ide.mcu.externaltools.gnu-tools-for-stm32.13.3.rel1.linux64_1.0.0.202410170706/tools/bin/../lib/gcc/arm-none-eabi/13.3.1/../../../../arm-none-eabi/lib/thumb/v7e-m+fp/hard/libc_nano.a(libc_a-freer.o)
                0x080112d8                _free_r
 .text.malloc   0x0801136c       0x10 /opt/stm32cubeide/plugins/com.st.stm32cube.ide.mcu.externaltools.gnu-tools-for-stm32.13.3.rel1.linux64_1.0.0.202410170706/tools/bin/../lib/gcc/arm-none-eabi/13.3.1/../../../../arm-none-eabi/lib/thumb/v7e-m+fp/hard/libc_nano.a(libc_a-malloc.o)
                0x0801136c                malloc
 .text.sbrk_aligned