Archive member included to satisfy reference by file (symbol)

C:/ST/STM32CubeIDE_1.16.0/STM32CubeIDE/plugins/com.st.stm32cube.ide.mcu.externaltools.gnu-tools-for-stm32.12.3.rel1.win32_1.0.200.202406191623/tools/bin/../lib/gcc/arm-none-eabi/12.3.1/../../../../arm-none-eabi/lib/thumb/v7e-m+fp/hard\libc_nano.a(libc_a-exit.o)
                              C:/ST/STM32CubeIDE_1.16.0/STM32CubeIDE/plugins/com.st.stm32cube.ide.mcu.externaltools.gnu-tools-for-stm32.12.3.rel1.win32_1.0.200.202406191623/tools/bin/../lib/gcc/arm-none-eabi/12.3.1/../../../../arm-none-eabi/lib/thumb/v7e-m+fp/hard/crt0.o (exit)
C:/ST/STM32CubeIDE_1.16.0/STM32CubeIDE/plugins/com.st.stm32cube.ide.mcu.externaltools.gnu-tools-for-stm32.12.3.rel1.win32_1.0.200.202406191623/tools/bin/../lib/gcc/arm-none-eabi/12.3.1/../../../../arm-none-eabi/lib/thumb/v7e-m+fp/hard\libc_nano.a(libc_a-findfp.o)
                              ./Middlewares/Third_Party/FreeRTOS/Source/tasks.o (__sf)
C:/ST/STM32CubeIDE_1.16.0/STM32CubeIDE/plugins/com.st.stm32cube.ide.mcu.externaltools.gnu-tools-for-stm32.12.3.rel1.win32_1.0.200.202406191623/tools/bin/../lib/gcc/arm-none-eabi/12.3.1/../../../../arm-none-eabi/lib/thumb/v7e-m+fp/hard\libc_nano.a(libc_a-fwalk.o)
                              C:/ST/STM32CubeIDE_1.16.0/STM32CubeIDE/plugins/com.st.stm32cube.ide.mcu.externaltools.gnu-tools-for-stm32.12.3.rel1.win32_1.0.200.202406191623/tools/bin/../lib/gcc/arm-none-eabi/12.3.1/../../../../arm-none-eabi/lib/thumb/v7e-m+fp/hard\libc_nano.a(libc_a-findfp.o) (_fwalk_sglue)
C:/ST/STM32CubeIDE_1.16.0/STM32CubeIDE/plugins/com.st.stm32cube.ide.mcu.externaltools.gnu-tools-for-stm32.12.3.rel1.win32_1.0.200.202406191623/tools/bin/../lib/gcc/arm-none-eabi/12.3.1/../../../../arm-none-eabi/lib/thumb/v7e-m+fp/hard\libc_nano.a(libc_a-stdio.o)
                              C:/ST/STM32CubeIDE_1.16.0/STM32CubeIDE/plugins/com.st.stm32cube.ide.mcu.externaltools.gnu-tools-for-stm32.12.3.rel1.win32_1.0.200.202406191623/tools/bin/../lib/gcc/arm-none-eabi/12.3.1/../../../../arm-none-eabi/lib/thumb/v7e-m+fp/hard\libc_nano.a(libc_a-findfp.o) (__sread)
C:/ST/STM32CubeIDE_1.16.0/STM32CubeIDE/plugins/com.st.stm32cube.ide.mcu.externaltools.gnu-tools-for-stm32.12.3.rel1.win32_1.0.200.202406191623/tools/bin/../lib/gcc/arm-none-eabi/12.3.1/../../../../arm-none-eabi/lib/thumb/v7e-m+fp/hard\libc_nano.a(libc_a-memset.o)
                              C:/ST/STM32CubeIDE_1.16.0/STM32CubeIDE/plugins/com.st.stm32cube.ide.mcu.externaltools.gnu-tools-for-stm32.12.3.rel1.win32_1.0.200.202406191623/tools/bin/../lib/gcc/arm-none-eabi/12.3.1/../../../../arm-none-eabi/lib/thumb/v7e-m+fp/hard/crt0.o (memset)
C:/ST/STM32CubeIDE_1.16.0/STM32CubeIDE/plugins/com.st.stm32cube.ide.mcu.externaltools.gnu-tools-for-stm32.12.3.rel1.win32_1.0.200.202406191623/tools/bin/../lib/gcc/arm-none-eabi/12.3.1/../../../../arm-none-eabi/lib/thumb/v7e-m+fp/hard\libc_nano.a(libc_a-closer.o)
                              C:/ST/STM32CubeIDE_1.16.0/STM32CubeIDE/plugins/com.st.stm32cube.ide.mcu.externaltools.gnu-tools-for-stm32.12.3.rel1.win32_1.0.200.202406191623/tools/bin/../lib/gcc/arm-none-eabi/12.3.1/../../../../arm-none-eabi/lib/thumb/v7e-m+fp/hard\libc_nano.a(libc_a-stdio.o) (_close_r)
C:/ST/STM32CubeIDE_1.16.0/STM32CubeIDE/plugins/com.st.stm32cube.ide.mcu.externaltools.gnu-tools-for-stm32.12.3.rel1.win32_1.0.200.202406191623/tools/bin/../lib/gcc/arm-none-eabi/12.3.1/../../../../arm-none-eabi/lib/thumb/v7e-m+fp/hard\libc_nano.a(libc_a-reent.o)
                              ./Middlewares/Third_Party/FreeRTOS/Source/tasks.o (_reclaim_reent)
C:/ST/STM32CubeIDE_1.16.0/STM32CubeIDE/plugins/com.st.stm32cube.ide.mcu.externaltools.gnu-tools-for-stm32.12.3.rel1.win32_1.0.200.202406191623/tools/bin/../lib/gcc/arm-none-eabi/12.3.1/../../../../arm-none-eabi/lib/thumb/v7e-m+fp/hard\libc_nano.a(libc_a-impure.o)
                              ./Middlewares/Third_Party/FreeRTOS/Source/tasks.o (_impure_ptr)
C:/ST/STM32CubeIDE_1.16.0/STM32CubeIDE/plugins/com.st.stm32cube.ide.mcu.externaltools.gnu-tools-for-stm32.12.3.rel1.win32_1.0.200.202406191623/tools/bin/../lib/gcc/arm-none-eabi/12.3.1/../../../../arm-none-eabi/lib/thumb/v7e-m+fp/hard\libc_nano.a(libc_a-lseekr.o)
                              C:/ST/STM32CubeIDE_1.16.0/STM32CubeIDE/plugins/com.st.stm32cube.ide.mcu.externaltools.gnu-tools-for-stm32.12.3.rel1.win32_1.0.200.202406191623/tools/bin/../lib/gcc/arm-none-eabi/12.3.1/../../../../arm-none-eabi/lib/thumb/v7e-m+fp/hard\libc_nano.a(libc_a-stdio.o) (_lseek_r)
C:/ST/STM32CubeIDE_1.16.0/STM32CubeIDE/plugins/com.st.stm32cube.ide.mcu.externaltools.gnu-tools-for-stm32.12.3.rel1.win32_1.0.200.202406191623/tools/bin/../lib/gcc/arm-none-eabi/12.3.1/../../../../arm-none-eabi/lib/thumb/v7e-m+fp/hard\libc_nano.a(libc_a-readr.o)
[...]
Memory Configuration

Name             Origin             Length             Attributes
RAM              0x20000000         0x00050000         xrw
RAM2             0x10000000         0x00010000         xrw
FLASH            0x08000000         0x00100000         xr
*default*        0x00000000         0xffffffff

Linker script and memory map

LOAD C:/ST/STM32CubeIDE_1.16.0/STM32CubeIDE/plugins/com.st.stm32cube.ide.mcu.externaltools.gnu-tools-for-stm32.12.3.rel1.win32_1.0.200.202406191623/tools/bin/../lib/gcc/arm-none-eabi/12.3.1/thumb/v7e-m+fp/hard/crti.o
LOAD C:/ST/STM32CubeIDE_1.16.0/STM32CubeIDE/plugins/com.st.stm32cube.ide.mcu.externaltools.gnu-tools-for-stm32.12.3.rel1.win32_1.0.200.202406191623/tools/bin/../lib/gcc/arm-none-eabi/12.3.1/thumb/v7e-m+fp/hard/crtbegin.o
LOAD C:/ST/STM32CubeIDE_1.16.0/STM32CubeIDE/plugins/com.st.stm32cube.ide.mcu.externaltools.gnu-tools-for-stm32.12.3.rel1.win32_1.0.200.202406191623/tools/bin/../lib/gcc/arm-none-eabi/12.3.1/../../../../arm-none-eabi/lib/thumb/v7e-m+fp/hard/crt0.o
LOAD ./Core/Src/ADS7138.o
LOAD ./Core/Src/User.o
LOAD ./Core/Src/freertos.o
LOAD ./Core/Src/main.o
LOAD ./Core/Src/stm32l4xx_hal_msp.o
LOAD ./Core/Src/stm32l4xx_hal_timebase_tim.o
LOAD ./Core/Src/stm32l4xx_it.o
LOAD ./Core/Src/syscalls.o
LOAD ./Core/Src/sysmem.o
LOAD ./Core/Src/system_stm32l4xx.o
LOAD ./Core/Startup/startup_stm32l496rgtx.o
LOAD ./Drivers/STM32L4xx_HAL_Driver/Src/stm32l4xx_hal.o
LOAD ./Drivers/STM32L4xx_HAL_Driver/Src/stm32l4xx_hal_can.o
LOAD ./Drivers/STM32L4xx_HAL_Driver/Src/stm32l4xx_hal_cortex.o
LOAD ./Drivers/STM32L4xx_HAL_Driver/Src/stm32l4xx_hal_dma.o
LOAD ./Drivers/STM32L4xx_HAL_Driver/Src/stm32l4xx_hal_dma_ex.o
LOAD ./Drivers/STM32L4xx_HAL_Driver/Src/stm32l4xx_hal_exti.o
LOAD ./Drivers/STM32L4xx_HAL_Driver/Src/stm32l4xx_hal_flash.o
LOAD ./Drivers/STM32L4xx_HAL_Driver/Src/stm32l4xx_hal_flash_ex.o
LOAD ./Drivers/STM32L4xx_HAL_Driver/Src/stm32l4xx_hal_flash_ramfunc.o
LOAD ./Drivers/STM32L4xx_HAL_Driver/Src/stm32l4xx_hal_gpio.o
LOAD ./Drivers/STM32L4xx_HAL_Driver/Src/stm32l4xx_hal_hcd.o
LOAD ./Drivers/STM32L4xx_HAL_Driver/Src/stm32l4xx_hal_i2c.o
LOAD ./Drivers/STM32L4xx_HAL_Driver/Src/stm32l4xx_hal_i2c_ex.o
LOAD ./Drivers/STM32L4xx_HAL_Driver/Src/stm32l4xx_hal_pwr.o
LOAD ./Drivers/STM32L4xx_HAL_Driver/Src/stm32l4xx_hal_pwr_ex.o
LOAD ./Drivers/STM32L4xx_HAL_Driver/Src/stm32l4xx_hal_rcc.o
LOAD ./Drivers/STM32L4xx_HAL_Driver/Src/stm32l4xx_hal_rcc_ex.o
LOAD ./Drivers/STM32L4xx_HAL_Driver/Src/stm32l4xx_hal_tim.o
LOAD ./Drivers/STM32L4xx_HAL_Driver/Src/stm32l4xx_hal_tim_ex.o
LOAD ./Drivers/STM32L4xx_HAL_Driver/Src/stm32l4xx_ll_usb.o
LOAD ./Middlewares/Third_Party/FreeRTOS/Source/CMSIS_RTOS_V2/cmsis_os2.o
LOAD ./Middlewares/Third_Party/FreeRTOS/Source/croutine.o
LOAD ./Middlewares/Third_Party/FreeRTOS/Source/event_groups.o
LOAD ./Middlewares/Third_Party/FreeRTOS/Source/list.o
LOAD ./Middlewares/Third_Party/FreeRTOS/Source/queue.o
LOAD ./Middlewares/Third_Party/FreeRTOS/Source/stream_buffer.o
LOAD ./Middlewares/Third_Party/FreeRTOS/Source/tasks.o
LOAD ./Middlewares/Third_Party/FreeRTOS/Source/timers.o
LOAD ./Middlewares/Third_Party/FreeRTOS/Source/portable/GCC/ARM_CM4F/port.o
LOAD ./Middlewares/Third_Party/FreeRTOS/Source/portable/MemMang/heap_4.o
START GROUP
LOAD C:/ST/STM32CubeIDE_1.16.0/STM32CubeIDE/plugins/com.st.stm32cube.ide.mcu.externaltools.gnu-tools-for-stm32.12.3.rel1.win32_1.0.200.202406191623/tools/bin/../lib/gcc/arm-none-eabi/12.3.1/../../../../arm-none-eabi/lib/thumb/v7e-m+fp/hard\libstdc++_nano.a
LOAD C:/ST/STM32CubeIDE_1.16.0/STM32CubeIDE/plugins/com.st.stm32cube.ide.mcu.externaltools.gnu-tools-for-stm32.12.3.rel1.win32_1.0.200.202406191623/tools/bin/../lib/gcc/arm-none-eabi/12.3.1/../../../../arm-none-eabi/lib/thumb/v7e-m+fp/hard\libsupc++_nano.a
END GROUP
LOAD C:/ST/STM32CubeIDE_1.16.0/STM32CubeIDE/plugins/com.st.stm32cube.ide.mcu.externaltools.gnu-tools-for-stm32.12.3.rel1.win32_1.0.200.202406191623/tools/bin/../lib/gcc/arm-none-eabi/12.3.1/../../../../arm-none-eabi/lib/thumb/v7e-m+fp/hard\libstdc++_nano.a
LOAD C:/ST/STM32CubeIDE_1.16.0/STM32CubeIDE/plugins/com.st.stm32cube.ide.mcu.externaltools.gnu-tools-for-stm32.12.3.rel1.win32_1.0.200.202406191623/tools/bin/../lib/gcc/arm-none-eabi/12.3.1/../../../../arm-none-eabi/lib/thumb/v7e-m+fp/hard\libm.a
LOAD C:/ST/STM32CubeIDE_1.16.0/STM32CubeIDE/plugins/com.st.stm32cube.ide.mcu.externaltools.gnu-tools-for-stm32.12.3.rel1.win32_1.0.200.202406191623/tools/bin/../lib/gcc/arm-none-eabi/12.3.1/../../../../arm-none-eabi/lib/thumb/v7e-m+fp/hard\libc_nano.a
START GROUP
LOAD C:/ST/STM32CubeIDE_1.16.0/STM32CubeIDE/plugins/com.st.stm32cube.ide.mcu.externaltools.gnu-tools-for-stm32.12.3.rel1.win32_1.0.200.202406191623/tools/bin/../lib/gcc/arm-none-eabi/12.3.1/thumb/v7e-m+fp/hard\libgcc.a
LOAD C:/ST/STM32CubeIDE_1.16.0/STM32CubeIDE/plugins/com.st.stm32cube.ide.mcu.externaltools.gnu-tools-for-stm32.12.3.rel1.win32_1.0.200.202406191623/tools/bin/../lib/gcc/arm-none-eabi/12.3.1/../../../../arm-none-eabi/lib/thumb/v7e-m+fp/hard\libc_nano.a
END GROUP
START GROUP
LOAD C:/ST/STM32CubeIDE_1.16.0/STM32CubeIDE/plugins/com.st.stm32cube.ide.mcu.externaltools.gnu-tools-for-stm32.12.3.rel1.win32_1.0.200.202406191623/tools/bin/../lib/gcc/arm-none-eabi/12.3.1/thumb/v7e-m+fp/hard\libgcc.a
LOAD C:/ST/STM32CubeIDE_1.16.0/STM32CubeIDE/plugins/com.st.stm32cube.ide.mcu.externaltools.gnu-tools-for-stm32.12.3.rel1.win32_1.0.200.202406191623/tools/bin/../lib/gcc/arm-none-eabi/12.3.1/../../../../arm-none-eabi/lib/thumb/v7e-m+fp/hard\libc_nano.a
END GROUP
LOAD C:/ST/STM32CubeIDE_1.16.0/STM32CubeIDE/plugins/com.st.stm32cube.ide.mcu.externaltools.gnu-tools-for-stm32.12.3.rel1.win32_1.0.200.202406191623/tools/bin/../lib/gcc/arm-none-eabi/12.3.1/thumb/v7e-m+fp/hard/crtend.o
LOAD C:/ST/STM32CubeIDE_1.16.0/STM32CubeIDE/plugins/com.st.stm32cube.ide.mcu.externaltools.gnu-tools-for-stm32.12.3.rel1.win32_1.0.200.202406191623/tools/bin/../lib/gcc/arm-none-eabi/12.3.1/thumb/v7e-m+fp/hard/crtn.o
                0x20050000                        _estack = (ORIGIN (RAM) + LENGTH (RAM))
                0x00000200                        _Min_Heap_Size = 0x200
                0x00000400                        _Min_Stack_Size = 0x400

.isr_vector     0x08000000      0x1ac
                0x08000000                        . = ALIGN (0x4)
 *(.isr_vector)
 .isr_vector    0x08000000      0x1ac ./Core/Startup/startup_stm32l496rgtx.o
                0x08000000                g_pfnVectors
                0x080001ac                        . = ALIGN (0x4)

.text           0x080001b0     0x8db0
                0x080001b0                        . = ALIGN (0x4)
 *(.text)
 .text          0x080001b0       0x40 C:/ST/STM32CubeIDE_1.16.0/STM32CubeIDE/plugins/com.st.stm32cube.ide.mcu.externaltools.gnu-tools-for-stm32.12.3.rel1.win32_1.0.200.202406191623/tools/bin/../lib/gcc/arm-none-eabi/12.3.1/thumb/v7e-m+fp/hard/crtbegin.o
 *(.text*)
 .text._ZN7ADS7138C2EP19__I2C_HandleTypeDefh
                0x080001f0       0x28 ./Core/Src/ADS7138.o
                0x080001f0                ADS7138::ADS7138(__I2C_HandleTypeDef*, unsigned char)
                0x080001f0                ADS7138::ADS7138(__I2C_HandleTypeDef*, unsigned char)
 .text._ZN7ADS71384InitEv
                0x08000218       0x7e ./Core/Src/ADS7138.o
                0x08000218                ADS7138::Init()
 .text._ZN7ADS713813ConfigureDataEb18DataCfg_AppendType
                0x08000296       0x8e ./Core/Src/ADS7138.o
                0x08000296                ADS7138::ConfigureData(bool, DataCfg_AppendType)
 .text._ZN7ADS713815ConfigureOpmodeEb13ConvMode_Type
                0x08000324       0x5a ./Core/Src/ADS7138.o
                0x08000324                ADS7138::ConfigureOpmode(bool, ConvMode_Type)
 .text._ZN7ADS713826ConversionReadAutoSequenceEPth
                0x0800037e       0xa4 ./Core/Src/ADS7138.o
                0x0800037e                ADS7138::ConversionReadAutoSequence(unsigned short*, unsigned char)
 .text._ZN7ADS71387ReadRegE16ADS7138_RegisterPh
                0x08000422       0x82 ./Core/Src/ADS7138.o
                0x08000422                ADS7138::ReadReg(ADS7138_Register, unsigned char*)
 .text._ZN7ADS71388WriteRegE16ADS7138_Registerh
                0x080004a4       0x64 ./Core/Src/ADS7138.o
                0x080004a4                ADS7138::WriteReg(ADS7138_Register, unsigned char)
 .text._ZN7ADS713818AutoSelectChannelsEh
                0x08000508       0x36 ./Core/Src/ADS7138.o
                0x08000508                ADS7138::AutoSelectChannels(unsigned char)
 *fill*         0x0800053e        0x2 
 .text._Z13CPP_UserSetupv
                0x08000540       0x64 ./Core/Src/User.o
                0x08000540                CPP_UserSetup()
 .text._Z16StartDefaultTaskPv
                0x080005a4       0x1e ./Core/Src/User.o
                0x080005a4                StartDefaultTask(void*)
 *fill*         0x080005c2        0x2 
 .text._Z11StartTask02Pv
                0x080005c4       0x3c ./Core/Src/User.o
                0x080005c4                StartTask02(void*)
 .text._Z11StartTask03Pv
                0x08000600       0x10 ./Core/Src/User.o
                0x08000600                StartTask03(void*)
 .text._Z11StartTask04Pv
                0x08000610       0x10 ./Core/Src/User.o
                0x08000610                StartTask04(void*)
 .text._Z11StartTask05Pv
                0x08000620       0xbc ./Core/Src/User.o
                0x08000620                StartTask05(void*)
 .text._Z11StartTask06Pv
                0x080006dc       0x5c ./Core/Src/User.o
                0x080006dc                StartTask06(void*)
 .text.HAL_CAN_RxFifo0MsgPendingCallback
                0x08000738       0x6c ./Core/Src/User.o
                0x08000738                HAL_CAN_RxFifo0MsgPendingCallback
 .text._Z13ADCToCurrentLt
                0x080007a4       0x3c ./Core/Src/User.o
                0x080007a4                ADCToCurrentL(unsigned short)
 .text._Z41__static_initialization_and_destruction_0ii
                0x080007e0       0x34 ./Core/Src/User.o
 .text._GLOBAL__sub_I_RxHeader
                0x08000814       0x10 ./Core/Src/User.o
 .text.main     0x08000824      0x110 ./Core/Src/main.o
                0x08000824                main
 .text._Z18SystemClock_Configv
                0x08000934       0xbe ./Core/Src/main.o
                0x08000934                SystemClock_Config()
 *fill*         0x080009f2        0x2 
 .text._ZL12MX_CAN1_Initv
                0x080009f4       0xac ./Core/Src/main.o
 .text._ZL12MX_CAN2_Initv
                0x08000aa0       0x74 ./Core/Src/main.o
 .text._ZL12MX_I2C2_Initv
                0x08000b14       0x9c ./Core/Src/main.o
 .text._ZL12MX_I2C3_Initv
                0x08000bb0       0x9c ./Core/Src/main.o
 .text._ZL12MX_I2C4_Initv
                0x08000c4c       0x9c ./Core/Src/main.o
 .text._ZL12MX_TIM2_Initv
                0x08000ce8       0xd0 ./Core/Src/main.o
 .text._ZL12MX_TIM3_Initv
                0x08000db8       0xd4 ./Core/Src/main.o
 .text._ZL22MX_USB_OTG_FS_HCD_Initv
                0x08000e8c       0x4c ./Core/Src/main.o
 .text._ZL12MX_GPIO_Initv
                0x08000ed8      0x15c ./Core/Src/main.o
 .text.HAL_TIM_PeriodElapsedCallback
                0x08001034       0x24 ./Core/Src/main.o
                0x08001034                HAL_TIM_PeriodElapsedCallback
 .text.Error_Handler
                0x08001058        0xc ./Core/Src/main.o
                0x08001058                Error_Handler
 .text.HAL_MspInit
                0x08001064       0x50 ./Core/Src/stm32l4xx_hal_msp.o
                0x08001064                HAL_MspInit
 .text.HAL_CAN_MspInit
                0x080010b4      0x158 ./Core/Src/stm32l4xx_hal_msp.o
                0x080010b4                HAL_CAN_MspInit
 .text.HAL_I2C_MspInit
                0x0800120c      0x1d4 ./Core/Src/stm32l4xx_hal_msp.o
                0x0800120c                HAL_I2C_MspInit
 .text.HAL_TIM_PWM_MspInit
                0x080013e0       0x64 ./Core/Src/stm32l4xx_hal_msp.o
                0x080013e0                HAL_TIM_PWM_MspInit
 .text.HAL_TIM_MspPostInit
                0x08001444       0xb8 ./Core/Src/stm32l4xx_hal_msp.o
                0x08001444                HAL_TIM_MspPostInit
 .text.HAL_HCD_MspInit
                0x080014fc      0x114 ./Core/Src/stm32l4xx_hal_msp.o
                0x080014fc                HAL_HCD_MspInit
 .text.HAL_InitTick
                0x08001610       0xdc ./Core/Src/stm32l4xx_hal_timebase_tim.o
                0x08001610                HAL_InitTick
 .text.NMI_Handler
                0x080016ec        0x8 ./Core/Src/stm32l4xx_it.o
                0x080016ec                NMI_Handler
 .text.HardFault_Handler
                0x080016f4        0x8 ./Core/Src/stm32l4xx_it.o
                0x080016f4                HardFault_Handler
 .text.MemManage_Handler
                0x080016fc        0x8 ./Core/Src/stm32l4xx_it.o
                0x080016fc                MemManage_Handler
 .text.BusFault_Handler
                0x08001704        0x8 ./Core/Src/stm32l4xx_it.o
                0x08001704                BusFault_Handler
 .text.UsageFault_Handler
                0x0800170c        0x8 ./Core/Src/stm32l4xx_it.o
                0x0800170c                UsageFault_Handler
 .text.DebugMon_Handler
                0x08001714        0xe ./Core/Src/stm32l4xx_it.o
                0x08001714                DebugMon_Handler
 .text.EXTI3_IRQHandler
                0x08001722        0xe ./Core/Src/stm32l4xx_it.o
                0x08001722                EXTI3_IRQHandler
 .text.CAN1_RX0_IRQHandler
                0x08001730       0x14 ./Core/Src/stm32l4xx_it.o
                0x08001730                CAN1_RX0_IRQHandler
 .text.EXTI9_5_IRQHandler
                0x08001744        0xe ./Core/Src/stm32l4xx_it.o
                0x08001744                EXTI9_5_IRQHandler
 *fill*         0x08001752        0x2 
 .text.TIM1_UP_TIM16_IRQHandler
                0x08001754       0x14 ./Core/Src/stm32l4xx_it.o
                0x08001754                TIM1_UP_TIM16_IRQHandler
 .text.SystemInit
                0x08001768       0x24 ./Core/Src/system_stm32l4xx.o
                0x08001768                SystemInit
 .text.Reset_Handler
                0x0800178c       0x50 ./Core/Startup/startup_stm32l496rgtx.o
                0x0800178c                Reset_Handler
 .text.Default_Handler
                0x080017dc        0x2 ./Core/Startup/startup_stm32l496rgtx.o
                0x080017dc                RTC_Alarm_IRQHandler
                0x080017dc                EXTI2_IRQHandler
                0x080017dc                TIM8_TRG_COM_IRQHandler
                0x080017dc                TIM8_CC_IRQHandler
                0x080017dc                TIM1_CC_IRQHandler
                0x080017dc                TSC_IRQHandler
                0x080017dc                TAMP_STAMP_IRQHandler
                0x080017dc                CAN2_RX1_IRQHandler
                0x080017dc                LPTIM2_IRQHandler
                0x080017dc                DFSDM1_FLT1_IRQHandler
                0x080017dc                I2C3_ER_IRQHandler
                0x080017dc                DFSDM1_FLT2_IRQHandler
                0x080017dc                EXTI0_IRQHandler
                0x080017dc                I2C2_EV_IRQHandler
                0x080017dc                FPU_IRQHandler
                0x080017dc                CAN2_SCE_IRQHandler
                0x080017dc                ADC1_2_IRQHandler
                0x080017dc                SPI1_IRQHandler
                0x080017dc                TIM6_DAC_IRQHandler
                0x080017dc                DCMI_IRQHandler
                0x080017dc                CAN2_RX0_IRQHandler
                0x080017dc                TIM8_UP_IRQHandler
                0x080017dc                DMA2_Channel2_IRQHandler
                0x080017dc                DMA1_Channel4_IRQHandler
                0x080017dc                SAI2_IRQHandler
                0x080017dc                DFSDM1_FLT3_IRQHandler
                0x080017dc                USART3_IRQHandler
                0x080017dc                DMA1_Channel7_IRQHandler
                0x080017dc                CAN1_RX1_IRQHandler
                0x080017dc                LCD_IRQHandler
                0x080017dc                UART5_IRQHandler
                0x080017dc                ADC3_IRQHandler
                0x080017dc                TIM4_IRQHandler
                0x080017dc                DMA2_Channel1_IRQHandler
                0x080017dc                QUADSPI_IRQHandler
                0x080017dc                I2C1_EV_IRQHandler
                0x080017dc                DMA1_Channel6_IRQHandler
                0x080017dc                UART4_IRQHandler
                0x080017dc                DMA2_Channel4_IRQHandler
                0x080017dc                TIM3_IRQHandler
                0x080017dc                RCC_IRQHandler
                0x080017dc                DMA1_Channel1_IRQHandler
                0x080017dc                Default_Handler
                0x080017dc                DMA2_Channel7_IRQHandler
                0x080017dc                EXTI15_10_IRQHandler
                0x080017dc                TIM7_IRQHandler
                0x080017dc                SDMMC1_IRQHandler
                0x080017dc                CAN2_TX_IRQHandler
                0x080017dc                TIM5_IRQHandler
                0x080017dc                I2C3_EV_IRQHandler
                0x080017dc                RTC_WKUP_IRQHandler
                0x080017dc                PVD_PVM_IRQHandler
                0x080017dc                SPI2_IRQHandler
                0x080017dc                CAN1_TX_IRQHandler
                0x080017dc                DMA2_Channel5_IRQHandler
                0x080017dc                CRS_IRQHandler
                0x080017dc                DMA1_Channel5_IRQHandler
                0x080017dc                EXTI4_IRQHandler
                0x080017dc                RNG_IRQHandler
                0x080017dc                TIM1_TRG_COM_TIM17_IRQHandler
                0x080017dc                DMA1_Channel3_IRQHandler
                0x080017dc                COMP_IRQHandler
                0x080017dc                WWDG_IRQHandler
                0x080017dc                I2C4_EV_IRQHandler
                0x080017dc                LPUART1_IRQHandler
                0x080017dc                DMA2_Channel6_IRQHandler
                0x080017dc                TIM2_IRQHandler
                0x080017dc                EXTI1_IRQHandler
                0x080017dc                USART2_IRQHandler
                0x080017dc                DFSDM1_FLT0_IRQHandler
                0x080017dc                I2C2_ER_IRQHandler
                0x080017dc                DMA1_Channel2_IRQHandler
                0x080017dc                TIM8_BRK_IRQHandler
                0x080017dc                CAN1_SCE_IRQHandler
                0x080017dc                FLASH_IRQHandler
                0x080017dc                USART1_IRQHandler
                0x080017dc                OTG_FS_IRQHandler
                0x080017dc                SPI3_IRQHandler
                0x080017dc                I2C1_ER_IRQHandler
                0x080017dc                FMC_IRQHandler
                0x080017dc                SWPMI1_IRQHandler
                0x080017dc                LPTIM1_IRQHandler
                0x080017dc                I2C4_ER_IRQHandler
                0x080017dc                SAI1_IRQHandler
                0x080017dc                DMA2_Channel3_IRQHandler
                0x080017dc                TIM1_BRK_TIM15_IRQHandler
 .text.HAL_Init
                0x080017de       0x30 ./Drivers/STM32L4xx_HAL_Driver/Src/stm32l4xx_hal.o
                0x080017de                HAL_Init
 *fill*         0x0800180e        0x2 
 .text.HAL_IncTick
                0x08001810       0x28 ./Drivers/STM32L4xx_HAL_Driver/Src/stm32l4xx_hal.o
                0x08001810                HAL_IncTick
 .text.HAL_GetTick
                0x08001838       0x18 ./Drivers/STM32L4xx_HAL_Driver/Src/stm32l4xx_hal.o
                0x08001838                HAL_GetTick
 .text.HAL_Delay
                0x08001850       0x48 ./Drivers/STM32L4xx_HAL_Driver/Src/stm32l4xx_hal.o
                0x08001850                HAL_Delay
 .text.HAL_CAN_Init
                0x08001898      0x1f6 ./Drivers/STM32L4xx_HAL_Driver/Src/stm32l4xx_hal_can.o
                0x08001898                HAL_CAN_Init
 *fill*         0x08001a8e        0x2 
 .text.HAL_CAN_ConfigFilter
                0x08001a90      0x1c0 ./Drivers/STM32L4xx_HAL_Driver/Src/stm32l4xx_hal_can.o
                0x08001a90                HAL_CAN_ConfigFilter
 .text.HAL_CAN_Start
                0x08001c50       0x88 ./Drivers/STM32L4xx_HAL_Driver/Src/stm32l4xx_hal_can.o
                0x08001c50                HAL_CAN_Start
 .text.HAL_CAN_AddTxMessage
                0x08001cd8      0x1a0 ./Drivers/STM32L4xx_HAL_Driver/Src/stm32l4xx_hal_can.o
                0x08001cd8                HAL_CAN_AddTxMessage
 .text.HAL_CAN_GetTxMailboxesFreeLevel
                0x08001e78       0x6a ./Drivers/STM32L4xx_HAL_Driver/Src/stm32l4xx_hal_can.o
                0x08001e78                HAL_CAN_GetTxMailboxesFreeLevel
 .text.HAL_CAN_GetRxMessage
                0x08001ee2      0x244 ./Drivers/STM32L4xx_HAL_Driver/Src/stm32l4xx_hal_can.o
                0x08001ee2                HAL_CAN_GetRxMessage
 .text.HAL_CAN_ActivateNotification
                0x08002126       0x4c ./Drivers/STM32L4xx_HAL_Driver/Src/stm32l4xx_hal_can.o
                0x08002126                HAL_CAN_ActivateNotification
 .text.HAL_CAN_IRQHandler
                0x08002172      0x36e ./Drivers/STM32L4xx_HAL_Driver/Src/stm32l4xx_hal_can.o
                0x08002172                HAL_CAN_IRQHandler
 .text.HAL_CAN_TxMailbox0CompleteCallback
                0x080024e0       0x14 ./Drivers/STM32L4xx_HAL_Driver/Src/stm32l4xx_hal_can.o
                0x080024e0                HAL_CAN_TxMailbox0CompleteCallback
 .text.HAL_CAN_TxMailbox1CompleteCallback
                0x080024f4       0x14 ./Drivers/STM32L4xx_HAL_Driver/Src/stm32l4xx_hal_can.o
                0x080024f4                HAL_CAN_TxMailbox1CompleteCallback
 .text.HAL_CAN_TxMailbox2CompleteCallback
                0x08002508       0x14 ./Drivers/STM32L4xx_HAL_Driver/Src/stm32l4xx_hal_can.o
                0x08002508                HAL_CAN_TxMailbox2CompleteCallback
 .text.HAL_CAN_TxMailbox0AbortCallback
                0x0800251c       0x14 ./Drivers/STM32L4xx_HAL_Driver/Src/stm32l4xx_hal_can.o
                0x0800251c                HAL_CAN_TxMailbox0AbortCallback
 .text.HAL_CAN_TxMailbox1AbortCallback
                0x08002530       0x14 ./Drivers/STM32L4xx_HAL_Driver/Src/stm32l4xx_hal_can.o
                0x08002530                HAL_CAN_TxMailbox1AbortCallback
 .text.HAL_CAN_TxMailbox2AbortCallback
                0x08002544       0x14 ./Drivers/STM32L4xx_HAL_Driver/Src/stm32l4xx_hal_can.o
                0x08002544                HAL_CAN_TxMailbox2AbortCallback
 .text.HAL_CAN_RxFifo0FullCallback
                0x08002558       0x14 ./Drivers/STM32L4xx_HAL_Driver/Src/stm32l4xx_hal_can.o
                0x08002558                HAL_CAN_RxFifo0FullCallback
 .text.HAL_CAN_RxFifo1MsgPendingCallback
                0x0800256c       0x14 ./Drivers/STM32L4xx_HAL_Driver/Src/stm32l4xx_hal_can.o
                0x0800256c                HAL_CAN_RxFifo1MsgPendingCallback
 .text.HAL_CAN_RxFifo1FullCallback
                0x08002580       0x14 ./Drivers/STM32L4xx_HAL_Driver/Src/stm32l4xx_hal_can.o
                0x08002580                HAL_CAN_RxFifo1FullCallback
 .text.HAL_CAN_SleepCallback
                0x08002594       0x14 ./Drivers/STM32L4xx_HAL_Driver/Src/stm32l4xx_hal_can.o
                0x08002594                HAL_CAN_SleepCallback
 .text.HAL_CAN_WakeUpFromRxMsgCallback
                0x080025a8       0x14 ./Drivers/STM32L4xx_HAL_Driver/Src/stm32l4xx_hal_can.o
                0x080025a8                HAL_CAN_WakeUpFromRxMsgCallback
 .text.HAL_CAN_ErrorCallback
                0x080025bc       0x14 ./Drivers/STM32L4xx_HAL_Driver/Src/stm32l4xx_hal_can.o
                0x080025bc                HAL_CAN_ErrorCallback
 .text.__NVIC_SetPriorityGrouping
                0x080025d0       0x48 ./Drivers/STM32L4xx_HAL_Driver/Src/stm32l4xx_hal_cortex.o
 .text.__NVIC_GetPriorityGrouping
                0x08002618       0x1c ./Drivers/STM32L4xx_HAL_Driver/Src/stm32l4xx_hal_cortex.o
 .text.__NVIC_EnableIRQ
                0x08002634       0x3c ./Drivers/STM32L4xx_HAL_Driver/Src/stm32l4xx_hal_cortex.o
 .text.__NVIC_SetPriority
                0x08002670       0x54 ./Drivers/STM32L4xx_HAL_Driver/Src/stm32l4xx_hal_cortex.o
 .text.NVIC_EncodePriority
                0x080026c4       0x66 ./Drivers/STM32L4xx_HAL_Driver/Src/stm32l4xx_hal_cortex.o
 .text.HAL_NVIC_SetPriorityGrouping
                0x0800272a       0x16 ./Drivers/STM32L4xx_HAL_Driver/Src/stm32l4xx_hal_cortex.o
                0x0800272a                HAL_NVIC_SetPriorityGrouping
 .text.HAL_NVIC_SetPriority
                0x08002740       0x38 ./Drivers/STM32L4xx_HAL_Driver/Src/stm32l4xx_hal_cortex.o
                0x08002740                HAL_NVIC_SetPriority
 .text.HAL_NVIC_EnableIRQ
                0x08002778       0x1c ./Drivers/STM32L4xx_HAL_Driver/Src/stm32l4xx_hal_cortex.o
                0x08002778                HAL_NVIC_EnableIRQ
 .text.HAL_GPIO_Init
                0x08002794      0x324 ./Drivers/STM32L4xx_HAL_Driver/Src/stm32l4xx_hal_gpio.o
                0x08002794                HAL_GPIO_Init
 .text.HAL_GPIO_WritePin
                0x08002ab8       0x30 ./Drivers/STM32L4xx_HAL_Driver/Src/stm32l4xx_hal_gpio.o
                0x08002ab8                HAL_GPIO_WritePin
 .text.HAL_GPIO_TogglePin
                0x08002ae8       0x34 ./Drivers/STM32L4xx_HAL_Driver/Src/stm32l4xx_hal_gpio.o
                0x08002ae8                HAL_GPIO_TogglePin
 .text.HAL_GPIO_EXTI_IRQHandler
                0x08002b1c       0x30 ./Drivers/STM32L4xx_HAL_Driver/Src/stm32l4xx_hal_gpio.o
                0x08002b1c                HAL_GPIO_EXTI_IRQHandler
 .text.HAL_GPIO_EXTI_Callback
                0x08002b4c       0x16 ./Drivers/STM32L4xx_HAL_Driver/Src/stm32l4xx_hal_gpio.o
                0x08002b4c                HAL_GPIO_EXTI_Callback
 .text.HAL_HCD_Init
                0x08002b62       0xc0 ./Drivers/STM32L4xx_HAL_Driver/Src/stm32l4xx_hal_hcd.o
                0x08002b62                HAL_HCD_Init
 .text.HAL_I2C_Init
                0x08002c22      0x136 ./Drivers/STM32L4xx_HAL_Driver/Src/stm32l4xx_hal_i2c.o
                0x08002c22                HAL_I2C_Init
 .text.HAL_I2C_Master_Transmit
                0x08002d58      0x230 ./Drivers/STM32L4xx_HAL_Driver/Src/stm32l4xx_hal_i2c.o
                0x08002d58                HAL_I2C_Master_Transmit
 .text.HAL_I2C_Master_Receive
                0x08002f88      0x1ec ./Drivers/STM32L4xx_HAL_Driver/Src/stm32l4xx_hal_i2c.o
                0x08002f88                HAL_I2C_Master_Receive
 .text.I2C_Flush_TXDR
                0x08003174       0x48 ./Drivers/STM32L4xx_HAL_Driver/Src/stm32l4xx_hal_i2c.o
 .text.I2C_WaitOnFlagUntilTimeout
                0x080031bc       0xb2 ./Drivers/STM32L4xx_HAL_Driver/Src/stm32l4xx_hal_i2c.o
 .text.I2C_WaitOnTXISFlagUntilTimeout
                0x0800326e       0x8e ./Drivers/STM32L4xx_HAL_Driver/Src/stm32l4xx_hal_i2c.o
 .text.I2C_WaitOnSTOPFlagUntilTimeout
                0x080032fc       0x86 ./Drivers/STM32L4xx_HAL_Driver/Src/stm32l4xx_hal_i2c.o
 *fill*         0x08003382        0x2 
 .text.I2C_WaitOnRXNEFlagUntilTimeout
                0x08003384      0x118 ./Drivers/STM32L4xx_HAL_Driver/Src/stm32l4xx_hal_i2c.o
 .text.I2C_IsErrorOccurred
                0x0800349c      0x1c0 ./Drivers/STM32L4xx_HAL_Driver/Src/stm32l4xx_hal_i2c.o
 .text.I2C_TransferConfig
                0x0800365c       0x64 ./Drivers/STM32L4xx_HAL_Driver/Src/stm32l4xx_hal_i2c.o
 .text.HAL_I2CEx_ConfigAnalogFilter
                0x080036c0       0x96 ./Drivers/STM32L4xx_HAL_Driver/Src/stm32l4xx_hal_i2c_ex.o
                0x080036c0                HAL_I2CEx_ConfigAnalogFilter
 .text.HAL_I2CEx_ConfigDigitalFilter
                0x08003756       0x98 ./Drivers/STM32L4xx_HAL_Driver/Src/stm32l4xx_hal_i2c_ex.o
                0x08003756                HAL_I2CEx_ConfigDigitalFilter
 *fill*         0x080037ee        0x2 
 .text.HAL_PWREx_GetVoltageRange
                0x080037f0       0x1c ./Drivers/STM32L4xx_HAL_Driver/Src/stm32l4xx_hal_pwr_ex.o
                0x080037f0                HAL_PWREx_GetVoltageRange
 .text.HAL_PWREx_ControlVoltageScaling
                0x0800380c       0xac ./Drivers/STM32L4xx_HAL_Driver/Src/stm32l4xx_hal_pwr_ex.o
                0x0800380c                HAL_PWREx_ControlVoltageScaling
 .text.HAL_PWREx_EnableVddUSB
                0x080038b8       0x20 ./Drivers/STM32L4xx_HAL_Driver/Src/stm32l4xx_hal_pwr_ex.o
                0x080038b8                HAL_PWREx_EnableVddUSB
 .text.HAL_RCC_OscConfig
                0x080038d8      0x834 ./Drivers/STM32L4xx_HAL_Driver/Src/stm32l4xx_hal_rcc.o
                0x080038d8                HAL_RCC_OscConfig
 .text.HAL_RCC_ClockConfig
                0x0800410c      0x200 ./Drivers/STM32L4xx_HAL_Driver/Src/stm32l4xx_hal_rcc.o
                0x0800410c                HAL_RCC_ClockConfig
 .text.HAL_RCC_GetSysClockFreq
                0x0800430c      0x114 ./Drivers/STM32L4xx_HAL_Driver/Src/stm32l4xx_hal_rcc.o
                0x0800430c                HAL_RCC_GetSysClockFreq
 .text.HAL_RCC_GetHCLKFreq
                0x08004420       0x18 ./Drivers/STM32L4xx_HAL_Driver/Src/stm32l4xx_hal_rcc.o
                0x08004420                HAL_RCC_GetHCLKFreq
 .text.HAL_RCC_GetPCLK2Freq
                0x08004438       0x2c ./Drivers/STM32L4xx_HAL_Driver/Src/stm32l4xx_hal_rcc.o
                0x08004438                HAL_RCC_GetPCLK2Freq
 .text.HAL_RCC_GetClockConfig
                0x08004464       0x64 ./Drivers/STM32L4xx_HAL_Driver/Src/stm32l4xx_hal_rcc.o
                0x08004464                HAL_RCC_GetClockConfig
 .text.RCC_SetFlashLatencyFromMSIRange
                0x080044c8       0xc0 ./Drivers/STM32L4xx_HAL_Driver/Src/stm32l4xx_hal_rcc.o
 .text.HAL_RCCEx_PeriphCLKConfig
                0x08004588      0x5f8 ./Drivers/STM32L4xx_HAL_Driver/Src/stm32l4xx_hal_rcc_ex.o
                0x08004588                HAL_RCCEx_PeriphCLKConfig
 .text.RCCEx_PLLSAI1_Config
                0x08004b80      0x1e4 ./Drivers/STM32L4xx_HAL_Driver/Src/stm32l4xx_hal_rcc_ex.o
 .text.RCCEx_PLLSAI2_Config
                0x08004d64      0x1b8 ./Drivers/STM32L4xx_HAL_Driver/Src/stm32l4xx_hal_rcc_ex.o
 .text.HAL_TIM_Base_Init
                0x08004f1c       0xae ./Drivers/STM32L4xx_HAL_Driver/Src/stm32l4xx_hal_tim.o
                0x08004f1c                HAL_TIM_Base_Init
 .text.HAL_TIM_Base_MspInit
                0x08004fca       0x14 ./Drivers/STM32L4xx_HAL_Driver/Src/stm32l4xx_hal_tim.o
                0x08004fca                HAL_TIM_Base_MspInit
 *fill*         0x08004fde        0x2 
 .text.HAL_TIM_Base_Start_IT
                0x08004fe0       0xe0 ./Drivers/STM32L4xx_HAL_Driver/Src/stm32l4xx_hal_tim.o
                0x08004fe0                HAL_TIM_Base_Start_IT
 .text.HAL_TIM_PWM_Init
                0x080050c0       0xae ./Drivers/STM32L4xx_HAL_Driver/Src/stm32l4xx_hal_tim.o
                0x080050c0                HAL_TIM_PWM_Init
 .text.HAL_TIM_IRQHandler
                0x0800516e      0x20e ./Drivers/STM32L4xx_HAL_Driver/Src/stm32l4xx_hal_tim.o
                0x0800516e                HAL_TIM_IRQHandler
 .text.HAL_TIM_PWM_ConfigChannel
                0x0800537c      0x228 ./Drivers/STM32L4xx_HAL_Driver/Src/stm32l4xx_hal_tim.o
                0x0800537c                HAL_TIM_PWM_ConfigChannel
 .text.HAL_TIM_OC_DelayElapsedCallback
                0x080055a4       0x14 ./Drivers/STM32L4xx_HAL_Driver/Src/stm32l4xx_hal_tim.o
                0x080055a4                HAL_TIM_OC_DelayElapsedCallback
 .text.HAL_TIM_IC_CaptureCallback
                0x080055b8       0x14 ./Drivers/STM32L4xx_HAL_Driver/Src/stm32l4xx_hal_tim.o
                0x080055b8                HAL_TIM_IC_CaptureCallback
 .text.HAL_TIM_PWM_PulseFinishedCallback
                0x080055cc       0x14 ./Drivers/STM32L4xx_HAL_Driver/Src/stm32l4xx_hal_tim.o
                0x080055cc                HAL_TIM_PWM_PulseFinishedCallback
 .text.HAL_TIM_TriggerCallback
                0x080055e0       0x14 ./Drivers/STM32L4xx_HAL_Driver/Src/stm32l4xx_hal_tim.o
                0x080055e0                HAL_TIM_TriggerCallback
 .text.TIM_Base_SetConfig
                0x080055f4      0x14c ./Drivers/STM32L4xx_HAL_Driver/Src/stm32l4xx_hal_tim.o
                0x080055f4                TIM_Base_SetConfig
 .text.TIM_OC1_SetConfig
                0x08005740      0x120 ./Drivers/STM32L4xx_HAL_Driver/Src/stm32l4xx_hal_tim.o
 .text.TIM_OC2_SetConfig
                0x08005860      0x114 ./Drivers/STM32L4xx_HAL_Driver/Src/stm32l4xx_hal_tim.o
                0x08005860                TIM_OC2_SetConfig
 .text.TIM_OC3_SetConfig
                0x08005974      0x110 ./Drivers/STM32L4xx_HAL_Driver/Src/stm32l4xx_hal_tim.o
 .text.TIM_OC4_SetConfig
                0x08005a84       0xd4 ./Drivers/STM32L4xx_HAL_Driver/Src/stm32l4xx_hal_tim.o
 .text.TIM_OC5_SetConfig
                0x08005b58       0xc8 ./Drivers/STM32L4xx_HAL_Driver/Src/stm32l4xx_hal_tim.o
 .text.TIM_OC6_SetConfig
                0x08005c20       0xcc ./Drivers/STM32L4xx_HAL_Driver/Src/stm32l4xx_hal_tim.o
 .text.HAL_TIMEx_MasterConfigSynchronization
                0x08005cec      0x110 ./Drivers/STM32L4xx_HAL_Driver/Src/stm32l4xx_hal_tim_ex.o
                0x08005cec                HAL_TIMEx_MasterConfigSynchronization
 .text.HAL_TIMEx_CommutCallback
                0x08005dfc       0x14 ./Drivers/STM32L4xx_HAL_Driver/Src/stm32l4xx_hal_tim_ex.o
                0x08005dfc                HAL_TIMEx_CommutCallback
 .text.HAL_TIMEx_BreakCallback
                0x08005e10       0x14 ./Drivers/STM32L4xx_HAL_Driver/Src/stm32l4xx_hal_tim_ex.o
                0x08005e10                HAL_TIMEx_BreakCallback
 .text.HAL_TIMEx_Break2Callback
                0x08005e24       0x14 ./Drivers/STM32L4xx_HAL_Driver/Src/stm32l4xx_hal_tim_ex.o
                0x08005e24                HAL_TIMEx_Break2Callback
 .text.USB_CoreInit
                0x08005e38       0x5a ./Drivers/STM32L4xx_HAL_Driver/Src/stm32l4xx_ll_usb.o
                0x08005e38                USB_CoreInit
 .text.USB_DisableGlobalInt
                0x08005e92       0x22 ./Drivers/STM32L4xx_HAL_Driver/Src/stm32l4xx_ll_usb.o
                0x08005e92                USB_DisableGlobalInt
 .text.USB_SetCurrentMode
                0x08005eb4       0x98 ./Drivers/STM32L4xx_HAL_Driver/Src/stm32l4xx_ll_usb.o
                0x08005eb4                USB_SetCurrentMode
 .text.USB_FlushTxFifo
                0x08005f4c       0x64 ./Drivers/STM32L4xx_HAL_Driver/Src/stm32l4xx_ll_usb.o
                0x08005f4c                USB_FlushTxFifo
 .text.USB_FlushRxFifo
                0x08005fb0       0x5c ./Drivers/STM32L4xx_HAL_Driver/Src/stm32l4xx_ll_usb.o
                0x08005fb0                USB_FlushRxFifo
 .text.USB_GetMode
                0x0800600c       0x1c ./Drivers/STM32L4xx_HAL_Driver/Src/stm32l4xx_ll_usb.o
                0x0800600c                USB_GetMode
 .text.USB_CoreReset
                0x08006028       0x62 ./Drivers/STM32L4xx_HAL_Driver/Src/stm32l4xx_ll_usb.o
 *fill*         0x0800608a        0x2 
 .text.USB_HostInit
                0x0800608c      0x108 ./Drivers/STM32L4xx_HAL_Driver/Src/stm32l4xx_ll_usb.o
                0x0800608c                USB_HostInit
 .text.__NVIC_SetPriority
                0x08006194       0x54 ./Middlewares/Third_Party/FreeRTOS/Source/CMSIS_RTOS_V2/cmsis_os2.o
 .text.SysTick_Handler
                0x080061e8       0x20 ./Middlewares/Third_Party/FreeRTOS/Source/CMSIS_RTOS_V2/cmsis_os2.o
                0x080061e8                SysTick_Handler
 .text.SVC_Setup
                0x08006208       0x12 ./Middlewares/Third_Party/FreeRTOS/Source/CMSIS_RTOS_V2/cmsis_os2.o
 *fill*         0x0800621a        0x2 
 .text.osKernelInitialize
                0x0800621c       0x48 ./Middlewares/Third_Party/FreeRTOS/Source/CMSIS_RTOS_V2/cmsis_os2.o
                0x0800621c                osKernelInitialize
 .text.osKernelStart
                0x08006264       0x4c ./Middlewares/Third_Party/FreeRTOS/Source/CMSIS_RTOS_V2/cmsis_os2.o
                0x08006264                osKernelStart
 .text.osThreadNew
                0x080062b0      0x124 ./Middlewares/Third_Party/FreeRTOS/Source/CMSIS_RTOS_V2/cmsis_os2.o
                0x080062b0                osThreadNew
 .text.osDelay  0x080063d4       0x36 ./Middlewares/Third_Party/FreeRTOS/Source/CMSIS_RTOS_V2/cmsis_os2.o
                0x080063d4                osDelay
 *fill*         0x0800640a        0x2 
 .text.vApplicationGetIdleTaskMemory
                0x0800640c       0x34 ./Middlewares/Third_Party/FreeRTOS/Source/CMSIS_RTOS_V2/cmsis_os2.o
                0x0800640c                vApplicationGetIdleTaskMemory
 .text.vApplicationGetTimerTaskMemory
                0x08006440       0x34 ./Middlewares/Third_Party/FreeRTOS/Source/CMSIS_RTOS_V2/cmsis_os2.o
                0x08006440                vApplicationGetTimerTaskMemory
 .text.vListInitialise
                0x08006474       0x40 ./Middlewares/Third_Party/FreeRTOS/Source/list.o
                0x08006474                vListInitialise
 .text.vListInitialiseItem
                0x080064b4       0x1a ./Middlewares/Third_Party/FreeRTOS/Source/list.o
                0x080064b4                vListInitialiseItem
 .text.vListInsertEnd
                0x080064ce       0x48 ./Middlewares/Third_Party/FreeRTOS/Source/list.o
                0x080064ce                vListInsertEnd
 .text.vListInsert
                0x08006516       0x72 ./Middlewares/Third_Party/FreeRTOS/Source/list.o
                0x08006516                vListInsert
 .text.uxListRemove
                0x08006588       0x54 ./Middlewares/Third_Party/FreeRTOS/Source/list.o
                0x08006588                uxListRemove
 .text.xQueueGenericReset
                0x080065dc       0xd4 ./Middlewares/Third_Party/FreeRTOS/Source/queue.o
                0x080065dc                xQueueGenericReset
 .text.xQueueGenericCreateStatic
                0x080066b0       0xfa ./Middlewares/Third_Party/FreeRTOS/Source/queue.o
                0x080066b0                xQueueGenericCreateStatic
 .text.prvInitialiseNewQueue
                0x080067aa       0x46 ./Middlewares/Third_Party/FreeRTOS/Source/queue.o
 .text.xQueueGenericSend
                0x080067f0      0x204 ./Middlewares/Third_Party/FreeRTOS/Source/queue.o
                0x080067f0                xQueueGenericSend
 .text.xQueueGenericSendFromISR
                0x080069f4      0x13c ./Middlewares/Third_Party/FreeRTOS/Source/queue.o
                0x080069f4                xQueueGenericSendFromISR
 .text.xQueueReceive
                0x08006b30      0x1c4 ./Middlewares/Third_Party/FreeRTOS/Source/queue.o
                0x08006b30                xQueueReceive
 .text.prvCopyDataToQueue
                0x08006cf4       0xd4 ./Middlewares/Third_Party/FreeRTOS/Source/queue.o
 .text.prvCopyDataFromQueue
                0x08006dc8       0x4c ./Middlewares/Third_Party/FreeRTOS/Source/queue.o
 .text.prvUnlockQueue
                0x08006e14       0xa4 ./Middlewares/Third_Party/FreeRTOS/Source/queue.o
 .text.prvIsQueueEmpty
                0x08006eb8       0x2c ./Middlewares/Third_Party/FreeRTOS/Source/queue.o
 .text.prvIsQueueFull
                0x08006ee4       0x30 ./Middlewares/Third_Party/FreeRTOS/Source/queue.o
 .text.vQueueAddToRegistry
                0x08006f14       0x54 ./Middlewares/Third_Party/FreeRTOS/Source/queue.o
                0x08006f14                vQueueAddToRegistry
 .text.vQueueWaitForMessageRestricted
                0x08006f68       0x68 ./Middlewares/Third_Party/FreeRTOS/Source/queue.o
                0x08006f68                vQueueWaitForMessageRestricted
 .text.xTaskCreateStatic
                0x08006fd0       0xc0 ./Middlewares/Third_Party/FreeRTOS/Source/tasks.o
                0x08006fd0                xTaskCreateStatic
 .text.xTaskCreate
                0x08007090       0x8a ./Middlewares/Third_Party/FreeRTOS/Source/tasks.o
                0x08007090                xTaskCreate
 *fill*         0x0800711a        0x2 
 .text.prvInitialiseNewTask
                0x0800711c      0x150 ./Middlewares/Third_Party/FreeRTOS/Source/tasks.o
 .text.prvAddNewTaskToReadyList
                0x0800726c       0xe0 ./Middlewares/Third_Party/FreeRTOS/Source/tasks.o
 .text.vTaskDelay
                0x0800734c       0x6c ./Middlewares/Third_Party/FreeRTOS/Source/tasks.o
                0x0800734c                vTaskDelay
 .text.vTaskStartScheduler
                0x080073b8       0xe0 ./Middlewares/Third_Party/FreeRTOS/Source/tasks.o
                0x080073b8                vTaskStartScheduler
 .text.vTaskSuspendAll
                0x08007498       0x1c ./Middlewares/Third_Party/FreeRTOS/Source/tasks.o
                0x08007498                vTaskSuspendAll
 .text.xTaskResumeAll
                0x080074b4      0x13c ./Middlewares/Third_Party/FreeRTOS/Source/tasks.o
                0x080074b4                xTaskResumeAll
 .text.xTaskGetTickCount
                0x080075f0       0x20 ./Middlewares/Third_Party/FreeRTOS/Source/tasks.o
                0x080075f0                xTaskGetTickCount
 .text.xTaskIncrementTick
                0x08007610      0x174 ./Middlewares/Third_Party/FreeRTOS/Source/tasks.o
                0x08007610                xTaskIncrementTick
 .text.vTaskSwitchContext
                0x08007784       0xcc ./Middlewares/Third_Party/FreeRTOS/Source/tasks.o
                0x08007784                vTaskSwitchContext
 .text.vTaskPlaceOnEventList
                0x08007850       0x4c ./Middlewares/Third_Party/FreeRTOS/Source/tasks.o
                0x08007850                vTaskPlaceOnEventList
 .text.vTaskPlaceOnEventListRestricted
                0x0800789c       0x58 ./Middlewares/Third_Party/FreeRTOS/Source/tasks.o
                0x0800789c                vTaskPlaceOnEventListRestricted
 .text.xTaskRemoveFromEventList
                0x080078f4       0xc8 ./Middlewares/Third_Party/FreeRTOS/Source/tasks.o
                0x080078f4                xTaskRemoveFromEventList
 .text.vTaskInternalSetTimeOutState
                0x080079bc       0x2c ./Middlewares/Third_Party/FreeRTOS/Source/tasks.o
                0x080079bc                vTaskInternalSetTimeOutState
 .text.xTaskCheckForTimeOut
                0x080079e8       0xc8 ./Middlewares/Third_Party/FreeRTOS/Source/tasks.o
                0x080079e8                xTaskCheckForTimeOut
 .text.vTaskMissedYield
                0x08007ab0       0x18 ./Middlewares/Third_Party/FreeRTOS/Source/tasks.o
                0x08007ab0                vTaskMissedYield
 .text.prvIdleTask
                0x08007ac8       0x30 ./Middlewares/Third_Party/FreeRTOS/Source/tasks.o
 .text.prvInitialiseTaskLists
                0x08007af8       0x80 ./Middlewares/Third_Party/FreeRTOS/Source/tasks.o
 .text.prvCheckTasksWaitingTermination
                0x08007b78       0x5c ./Middlewares/Third_Party/FreeRTOS/Source/tasks.o
 .text.prvDeleteTCB
                0x08007bd4       0x6a ./Middlewares/Third_Party/FreeRTOS/Source/tasks.o
 *fill*         0x08007c3e        0x2 
 .text.prvResetNextTaskUnblockTime
                0x08007c40       0x40 ./Middlewares/Third_Party/FreeRTOS/Source/tasks.o
 .text.xTaskGetSchedulerState
                0x08007c80       0x3c ./Middlewares/Third_Party/FreeRTOS/Source/tasks.o
                0x08007c80                xTaskGetSchedulerState
 .text.xTaskPriorityDisinherit
                0x08007cbc       0xe0 ./Middlewares/Third_Party/FreeRTOS/Source/tasks.o
                0x08007cbc                xTaskPriorityDisinherit
 .text.prvAddCurrentTaskToDelayedList
                0x08007d9c       0xa8 ./Middlewares/Third_Party/FreeRTOS/Source/tasks.o
 .text.xTimerCreateTimerTask
                0x08007e44       0x94 ./Middlewares/Third_Party/FreeRTOS/Source/timers.o
                0x08007e44                xTimerCreateTimerTask
 .text.xTimerGenericCommand
                0x08007ed8       0x9c ./Middlewares/Third_Party/FreeRTOS/Source/timers.o
                0x08007ed8                xTimerGenericCommand
 .text.prvProcessExpiredTimer
                0x08007f74       0x9c ./Middlewares/Third_Party/FreeRTOS/Source/timers.o
 .text.prvTimerTask
                0x08008010       0x26 ./Middlewares/Third_Party/FreeRTOS/Source/timers.o
 *fill*         0x08008036        0x2 
 .text.prvProcessTimerOrBlockTask
                0x08008038       0x9c ./Middlewares/Third_Party/FreeRTOS/Source/timers.o
 .text.prvGetNextExpireTime
                0x080080d4       0x48 ./Middlewares/Third_Party/FreeRTOS/Source/timers.o
 .text.prvSampleTimeNow
                0x0800811c       0x40 ./Middlewares/Third_Party/FreeRTOS/Source/timers.o
 .text.prvInsertTimerInActiveList
                0x0800815c       0x84 ./Middlewares/Third_Party/FreeRTOS/Source/timers.o
 .text.prvProcessReceivedCommands
                0x080081e0      0x1cc ./Middlewares/Third_Party/FreeRTOS/Source/timers.o
 .text.prvSwitchTimerLists
                0x080083ac       0xcc ./Middlewares/Third_Party/FreeRTOS/Source/timers.o
 .text.prvCheckForValidListAndQueue
                0x08008478       0x80 ./Middlewares/Third_Party/FreeRTOS/Source/timers.o
 .text.pxPortInitialiseStack
                0x080084f8       0x68 ./Middlewares/Third_Party/FreeRTOS/Source/portable/GCC/ARM_CM4F/port.o
                0x080084f8                pxPortInitialiseStack
 .text.prvTaskExitError
                0x08008560       0x5c ./Middlewares/Third_Party/FreeRTOS/Source/portable/GCC/ARM_CM4F/port.o
 *fill*         0x080085bc        0x4 
 .text.SVC_Handler
                0x080085c0       0x28 ./Middlewares/Third_Party/FreeRTOS/Source/portable/GCC/ARM_CM4F/port.o
                0x080085c0                SVC_Handler
 .text.prvPortStartFirstTask
                0x080085e8       0x28 ./Middlewares/Third_Party/FreeRTOS/Source/portable/GCC/ARM_CM4F/port.o
 .text.xPortStartScheduler
                0x08008610      0x148 ./Middlewares/Third_Party/FreeRTOS/Source/portable/GCC/ARM_CM4F/port.o
                0x08008610                xPortStartScheduler
 .text.vPortEnterCritical
                0x08008758       0x64 ./Middlewares/Third_Party/FreeRTOS/Source/portable/GCC/ARM_CM4F/port.o
                0x08008758                vPortEnterCritical
 .text.vPortExitCritical
                0x080087bc       0x54 ./Middlewares/Third_Party/FreeRTOS/Source/portable/GCC/ARM_CM4F/port.o
                0x080087bc                vPortExitCritical
 .text.PendSV_Handler
                0x08008810       0x68 ./Middlewares/Third_Party/FreeRTOS/Source/portable/GCC/ARM_CM4F/port.o
                0x08008810                PendSV_Handler
 .text.xPortSysTickHandler
                0x08008878       0x44 ./Middlewares/Third_Party/FreeRTOS/Source/portable/GCC/ARM_CM4F/port.o
                0x08008878                xPortSysTickHandler
 .text.vPortSetupTimerInterrupt
                0x080088bc       0x48 ./Middlewares/Third_Party/FreeRTOS/Source/portable/GCC/ARM_CM4F/port.o
                0x080088bc                vPortSetupTimerInterrupt
 .text.vPortEnableVFP
                0x08008904       0x14 ./Middlewares/Third_Party/FreeRTOS/Source/portable/GCC/ARM_CM4F/port.o
 .text.vPortValidateInterruptPriority
                0x08008918       0x84 ./Middlewares/Third_Party/FreeRTOS/Source/portable/GCC/ARM_CM4F/port.o
                0x08008918                vPortValidateInterruptPriority
 .text.pvPortMalloc
                0x0800899c      0x19c ./Middlewares/Third_Party/FreeRTOS/Source/portable/MemMang/heap_4.o
                0x0800899c                pvPortMalloc
 .text.vPortFree
                0x08008b38       0xc8 ./Middlewares/Third_Party/FreeRTOS/Source/portable/MemMang/heap_4.o
                0x08008b38                vPortFree
 .text.prvHeapInit
                0x08008c00       0xc4 ./Middlewares/Third_Party/FreeRTOS/Source/portable/MemMang/heap_4.o
 .text.prvInsertBlockIntoFreeList
                0x08008cc4       0xb4 ./Middlewares/Third_Party/FreeRTOS/Source/portable/MemMang/heap_4.o
 .text.memset   0x08008d78       0x10 C:/ST/STM32CubeIDE_1.16.0/STM32CubeIDE/plugins/com.st.stm32cube.ide.mcu.externaltools.gnu-tools-for-stm32.12.3.rel1.win32_1.0.200.202406191623/tools/bin/../lib/gcc/arm-none-eabi/12.3.1/../../../../arm-none-eabi/lib/thumb/v7e-m+fp/hard\libc_nano.a(libc_a-memset.o)
                0x08008d78                memset
 .text._reclaim_reent
                0x08008d88       0xac C:/ST/STM32CubeIDE_1.16.0/STM32CubeIDE/plugins/com.st.stm32cube.ide.mcu.externaltools.gnu-tools-for-stm32.12.3.rel1.win32_1.0.200.202406191623/tools/bin/../lib/gcc/arm-none-eabi/12.3.1/../../../../arm-none-eabi/lib/thumb/v7e-m+fp/hard\libc_nano.a(libc_a-reent.o)
                0x08008d88                _reclaim_reent
 .text.__libc_init_array
                0x08008e34       0x48 C:/ST/STM32CubeIDE_1.16.0/STM32CubeIDE/plugins/com.st.stm32cube.ide.mcu.externaltools.gnu-tools-for-stm32.12.3.rel1.win32_1.0.200.202406191623/tools/bin/../lib/gcc/arm-none-eabi/12.3.1/../../../../arm-none-eabi/lib/thumb/v7e-m+fp/hard\libc_nano.a(libc_a-init.o)
                0x08008e34                __libc_init_array
 .text.__retarget_lock_acquire_recursive
                0x08008e7c        0x2 C:/ST/STM32CubeIDE_1.16.0/STM32CubeIDE/plugins/com.st.stm32cube.ide.mcu.externaltools.gnu-tools-for-stm32.12.3.rel1.win32_1.0.200.202406191623/tools/bin/../lib/gcc/arm-none-eabi/12.3.1/../../../../arm-none-eabi/lib/thumb/v7e-m+fp/hard\libc_nano.a(libc_a-lock.o)
                0x08008e7c                __retarget_lock_acquire_recursive
 .text.__retarget_lock_release_recursive
                0x08008e7e        0x2 C:/ST/STM32CubeIDE_1.16.0/STM32CubeIDE/plugins/com.st.stm32cube.ide.mcu.externaltools.gnu-tools-for-stm32.12.3.rel1.win32_1.0.200.202406191623/tools/bin/../lib/gcc/arm-none-eabi/12.3.1/../../../../arm-none-eabi/lib/thumb/v7e-m+fp/hard\libc_nano.a(libc_a-lock.o)
                0x08008e7e                __retarget_lock_release_recursive
 .text.memcpy   0x08008e80       0x1c C:/ST/STM32CubeIDE_1.16.0/STM32CubeIDE/plugins/com.st.stm32cube.ide.mcu.externaltools.gnu-tools-for-stm32.12.3.rel1.win32_1.0.200.202406191623/tools/bin/../lib/gcc/arm-none-eabi/12.3.1/../../../../arm-none-eabi/lib/thumb/v7e-m+fp/hard\libc_nano.a(libc_a-memcpy-stub.o)
                0x08008e80                memcpy
 .text._free_r  0x08008e9c       0x94 C:/ST/STM32CubeIDE_1.16.0/STM32CubeIDE/plugins/com.st.stm32cube.ide.mcu.externaltools.gnu-tools-for-stm32.12.3.rel1.win32_1.0.200.202406191623/tools/bin/../lib/gcc/arm-none-eabi/12.3.1/../../../../arm-none-eabi/lib/thumb/v7e-m+fp/hard\libc_nano.a(libc_a-freer.o)
                0x08008e9c                _free_r
 .text.__malloc_lock
                0x08008f30        0xc C:/ST/STM32CubeIDE_1.16.0/STM32CubeIDE/plugins/com.st.stm32cube.ide.mcu.externaltools.gnu-tools-for-stm32.12.3.rel1.win32_1.0.200.202406191623/tools/bin/../lib/gcc/arm-none-eabi/12.3.1/../../../../arm-none-eabi/lib/thumb/v7e-m+fp/hard\libc_nano.a(libc_a-mlock.o)
                0x08008f30                __malloc_lock
 .text.__malloc_unlock
                0x08008f3c        0xc C:/ST/STM32CubeIDE_1.16.0/STM32CubeIDE/plugins/com.st.stm32cube.ide.mcu.externaltools.gnu-tools-for-stm32.12.3.rel1.win32_1.0.200.202406191623/tools/bin/../lib/gcc/arm-none-eabi/12.3.1/../../../../arm-none-eabi/lib/thumb/v7e-m+fp/hard\libc_nano.a(libc_a-mlock.o)
                0x08008f3c                __malloc_unlock
 *(.glue_7)
 .glue_7        0x08008f48        0x0 linker stubs
 *(.glue_7t)
 .glue_7t       0x08008f48        0x0 linker stubs
 *(.eh_frame)
 .eh_frame      0x08008f48        0x0 C:/ST/STM32CubeIDE_1.16.0/STM32CubeIDE/plugins/com.st.stm32cube.ide.mcu.externaltools.gnu-tools-for-stm32.12.3.rel1.win32_1.0.200.202406191623/tools/bin/../lib/gcc/arm-none-eabi/12.3.1/thumb/v7e-m+fp/hard/crtbegin.o
 *(.init)
 .init          0x08008f48        0x4 C:/ST/STM32CubeIDE_1.16.0/STM32CubeIDE/plugins/com.st.stm32cube.ide.mcu.externaltools.gnu-tools-for-stm32.12.3.rel1.win32_1.0.200.202406191623/tools/bin/../lib/gcc/arm-none-eabi/12.3.1/thumb/v7e-m+fp/hard/crti.o
                0x08008f48                _init
 .init          0x08008f4c        0x8 C:/ST/STM32CubeIDE_1.16.0/STM32CubeIDE/plugins/com.st.stm32cube.ide.mcu.externaltools.gnu-tools-for-stm32.12.3.rel1.win32_1.0.200.202406191623/tools/bin/../lib/gcc/arm-none-eabi/12.3.1/thumb/v7e-m+fp/hard/crtn.o
 *(.fini)
 .fini          0x08008f54        0x4 C:/ST/STM32CubeIDE_1.16.0/STM32CubeIDE/plugins/com.st.stm32cube.ide.mcu.externaltools.gnu-tools-for-stm32.12.3.rel1.win32_1.0.200.202406191623/tools/bin/../lib/gcc/arm-none-eabi/12.3.1/thumb/v7e-m+fp/hard/crti.o
                0x08008f54                _fini
 .fini          0x08008f58        0x8 C:/ST/STM32CubeIDE_1.16.0/STM32CubeIDE/plugins/com.st.stm32cube.ide.mcu.externaltools.gnu-tools-for-stm32.12.3.rel1.win32_1.0.200.202406191623/tools/bin/../lib/gcc/arm-none-eabi/12.3.1/thumb/v7e-m+fp/hard/crtn.o
                0x08008f60                        . = ALIGN (0x4)
                0x08008f60                        _etext = .

.vfp11_veneer   0x08008f60        0x0
 .vfp11_veneer  0x08008f60        0x0 linker stubs

.v4_bx          0x08008f60        0x0
 .v4_bx         0x08008f60        0x0 linker stubs

.iplt           0x08008f60        0x0
 .iplt          0x08008f60        0x0 C:/ST/STM32CubeIDE_1.16.0/STM32CubeIDE/plugins/com.st.stm32cube.ide.mcu.externaltools.gnu-tools-for-stm32.12.3.rel1.win32_1.0.200.202406191623/tools/bin/../lib/gcc/arm-none-eabi/12.3.1/thumb/v7e-m+fp/hard/crtbegin.o

.rodata         0x08008f60      0x194
                0x08008f60                        . = ALIGN (0x4)
 *(.rodata)
 .rodata        0x08008f60       0x5c ./Core/Src/main.o
 .rodata        0x08008fbc        0x5 ./Middlewares/Third_Party/FreeRTOS/Source/tasks.o
 *fill*         0x08008fc1        0x3 
 .rodata        0x08008fc4        0xd ./Middlewares/Third_Party/FreeRTOS/Source/timers.o
 *(.rodata*)
 *fill*         0x08008fd1        0x3 
 .rodata._ZL22defaultTask_attributes
                0x08008fd4       0x24 ./Core/Src/main.o
 .rodata._ZL26Voltage_Monitor_attributes
                0x08008ff8       0x24 ./Core/Src/main.o
 .rodata._ZL26Temp_Monitoring_attributes
                0x0800901c       0x24 ./Core/Src/main.o
 .rodata._ZL26Current_Monitor_attributes
                0x08009040       0x24 ./Core/Src/main.o
 .rodata._ZL26Battery_Data_Tr_attributes
                0x08009064       0x24 ./Core/Src/main.o
 .rodata._ZL26Update_Fan_Spee_attributes
                0x08009088       0x24 ./Core/Src/main.o
 .rodata.AHBPrescTable
                0x080090ac       0x10 ./Core/Src/system_stm32l4xx.o
                0x080090ac                AHBPrescTable
 .rodata.APBPrescTable
                0x080090bc        0x8 ./Core/Src/system_stm32l4xx.o
                0x080090bc                APBPrescTable
 .rodata.MSIRangeTable
                0x080090c4       0x30 ./Core/Src/system_stm32l4xx.o
                0x080090c4                MSIRangeTable
                0x080090f4                        . = ALIGN (0x4)

.ARM.extab      0x080090f4        0x0
                0x080090f4                        . = ALIGN (0x4)
 *(.ARM.extab* .gnu.linkonce.armextab.*)
                0x080090f4                        . = ALIGN (0x4)

.ARM            0x080090f4        0x0
                0x080090f4                        . = ALIGN (0x4)
                0x080090f4                        __exidx_start = .
 *(.ARM.exidx*)
                0x080090f4                        __exidx_end = .
                0x080090f4                        . = ALIGN (0x4)

.preinit_array  0x080090f4        0x0
                0x080090f4                        . = ALIGN (0x4)
                0x080090f4                        PROVIDE (__preinit_array_start = .)
 *(.preinit_array*)
                0x080090f4                        PROVIDE (__preinit_array_end = .)
                0x080090f4                        . = ALIGN (0x4)

.init_array     0x080090f4        0x8
                0x080090f4                        . = ALIGN (0x4)
                0x080090f4                        PROVIDE (__init_array_start = .)
 *(SORT_BY_NAME(.init_array.*))
 *(.init_array*)
 .init_array    0x080090f4        0x4 C:/ST/STM32CubeIDE_1.16.0/STM32CubeIDE/plugins/com.st.stm32cube.ide.mcu.externaltools.gnu-tools-for-stm32.12.3.rel1.win32_1.0.200.202406191623/tools/bin/../lib/gcc/arm-none-eabi/12.3.1/thumb/v7e-m+fp/hard/crtbegin.o
 .init_array    0x080090f8        0x4 ./Core/Src/User.o
                0x080090fc                        PROVIDE (__init_array_end = .)
                0x080090fc                        . = ALIGN (0x4)

.fini_array     0x080090fc        0x4
                0x080090fc                        . = ALIGN (0x4)
                [!provide]                        PROVIDE (__fini_array_start = .)
 *(SORT_BY_NAME(.fini_array.*))
 *(.fini_array*)
 .fini_array    0x080090fc        0x4 C:/ST/STM32CubeIDE_1.16.0/STM32CubeIDE/plugins/com.st.stm32cube.ide.mcu.externaltools.gnu-tools-for-stm32.12.3.rel1.win32_1.0.200.202406191623/tools/bin/../lib/gcc/arm-none-eabi/12.3.1/thumb/v7e-m+fp/hard/crtbegin.o
                [!provide]                        PROVIDE (__fini_array_end = .)
                0x08009100                        . = ALIGN (0x4)
                0x08009100                        _sidata = LOADADDR (.data)

.rel.dyn        0x08009100        0x0
 .rel.iplt      0x08009100        0x0 C:/ST/STM32CubeIDE_1.16.0/STM32CubeIDE/plugins/com.st.stm32cube.ide.mcu.externaltools.gnu-tools-for-stm32.12.3.rel1.win32_1.0.200.202406191623/tools/bin/../lib/gcc/arm-none-eabi/12.3.1/thumb/v7e-m+fp/hard/crtbegin.o

.data           0x20000000       0x60 load address 0x08009100
                0x20000000                        . = ALIGN (0x4)
                0x20000000                        _sdata = .
 *(.data)
 *(.data*)
 .data.SystemCoreClock
                0x20000000        0x4 ./Core/Src/system_stm32l4xx.o
                0x20000000                SystemCoreClock
 .data.uwTickPrio
                0x20000004        0x4 ./Drivers/STM32L4xx_HAL_Driver/Src/stm32l4xx_hal.o
                0x20000004                uwTickPrio
 .data.uwTickFreq
                0x20000008        0x1 ./Drivers/STM32L4xx_HAL_Driver/Src/stm32l4xx_hal.o
                0x20000008                uwTickFreq
 *fill*         0x20000009        0x3 
 .data.uxCriticalNesting
                0x2000000c        0x4 ./Middlewares/Third_Party/FreeRTOS/Source/portable/GCC/ARM_CM4F/port.o
 .data._impure_ptr
                0x20000010        0x4 C:/ST/STM32CubeIDE_1.16.0/STM32CubeIDE/plugins/com.st.stm32cube.ide.mcu.externaltools.gnu-tools-for-stm32.12.3.rel1.win32_1.0.200.202406191623/tools/bin/../lib/gcc/arm-none-eabi/12.3.1/../../../../arm-none-eabi/lib/thumb/v7e-m+fp/hard\libc_nano.a(libc_a-impure.o)
                0x20000010                _impure_ptr
 .data._impure_data
                0x20000014       0x4c C:/ST/STM32CubeIDE_1.16.0/STM32CubeIDE/plugins/com.st.stm32cube.ide.mcu.externaltools.gnu-tools-for-stm32.12.3.rel1.win32_1.0.200.202406191623/tools/bin/../lib/gcc/arm-none-eabi/12.3.1/../../../../arm-none-eabi/lib/thumb/v7e-m+fp/hard\libc_nano.a(libc_a-impure.o)
                0x20000014                _impure_data
 *(.RamFunc)
 *(.RamFunc*)
                0x20000060                        . = ALIGN (0x4)
                0x20000060                        _edata = .

.igot.plt       0x20000060        0x0 load address 0x08009160
 .igot.plt      0x20000060        0x0 C:/ST/STM32CubeIDE_1.16.0/STM32CubeIDE/plugins/com.st.stm32cube.ide.mcu.externaltools.gnu-tools-for-stm32.12.3.rel1.win32_1.0.200.202406191623/tools/bin/../lib/gcc/arm-none-eabi/12.3.1/thumb/v7e-m+fp/hard/crtbegin.o
                0x20000060                        . = ALIGN (0x4)

.bss            0x20000060     0x2870 load address 0x08009160
                0x20000060                        _sbss = .
                0x20000060                        __bss_start__ = _sbss
 *(.bss)
 .bss           0x20000060       0x1c C:/ST/STM32CubeIDE_1.16.0/STM32CubeIDE/plugins/com.st.stm32cube.ide.mcu.externaltools.gnu-tools-for-stm32.12.3.rel1.win32_1.0.200.202406191623/tools/bin/../lib/gcc/arm-none-eabi/12.3.1/thumb/v7e-m+fp/hard/crtbegin.o
 *(.bss*)
 .bss.RxHeader  0x2000007c       0x1c ./Core/Src/User.o
                0x2000007c                RxHeader
 .bss.RxData    0x20000098        0x8 ./Core/Src/User.o
                0x20000098                RxData
 .bss.contactors_on
                0x200000a0        0x1 ./Core/Src/User.o
                0x200000a0                contactors_on
 *fill*         0x200000a1        0x3 
 .bss.adc       0x200000a4        0x8 ./Core/Src/User.o
                0x200000a4                adc
 .bss.fb        0x200000ac        0x4 ./Core/Src/User.o
                0x200000ac                fb
 .bss.hcan1     0x200000b0       0x28 ./Core/Src/main.o
                0x200000b0                hcan1
 .bss.hcan2     0x200000d8       0x28 ./Core/Src/main.o
                0x200000d8                hcan2
 .bss.hi2c2     0x20000100       0x54 ./Core/Src/main.o
                0x20000100                hi2c2
 .bss.hi2c3     0x20000154       0x54 ./Core/Src/main.o
                0x20000154                hi2c3
 .bss.hi2c4     0x200001a8       0x54 ./Core/Src/main.o
                0x200001a8                hi2c4
 .bss.htim2     0x200001fc       0x4c ./Core/Src/main.o
                0x200001fc                htim2
 .bss.htim3     0x20000248       0x4c ./Core/Src/main.o
                0x20000248                htim3
 .bss.hhcd_USB_OTG_FS
                0x20000294      0x320 ./Core/Src/main.o
                0x20000294                hhcd_USB_OTG_FS
 .bss.defaultTaskHandle
                0x200005b4        0x4 ./Core/Src/main.o
                0x200005b4                defaultTaskHandle
 .bss.Voltage_MonitorHandle
                0x200005b8        0x4 ./Core/Src/main.o
                0x200005b8                Voltage_MonitorHandle
 .bss.Temp_MonitoringHandle
                0x200005bc        0x4 ./Core/Src/main.o
                0x200005bc                Temp_MonitoringHandle
 .bss.Current_MonitorHandle
                0x200005c0        0x4 ./Core/Src/main.o
                0x200005c0                Current_MonitorHandle
 .bss.Battery_Data_TrHandle
                0x200005c4        0x4 ./Core/Src/main.o
                0x200005c4                Battery_Data_TrHandle
 .bss.Update_Fan_SpeeHandle
                0x200005c8        0x4 ./Core/Src/main.o
                0x200005c8                Update_Fan_SpeeHandle
 .bss.HAL_RCC_CAN1_CLK_ENABLED
                0x200005cc        0x4 ./Core/Src/stm32l4xx_hal_msp.o
 .bss.htim1     0x200005d0       0x4c ./Core/Src/stm32l4xx_hal_timebase_tim.o
                0x200005d0                htim1
 .bss.uwTick    0x2000061c        0x4 ./Drivers/STM32L4xx_HAL_Driver/Src/stm32l4xx_hal.o
                0x2000061c                uwTick
 .bss.KernelState
                0x20000620        0x4 ./Middlewares/Third_Party/FreeRTOS/Source/CMSIS_RTOS_V2/cmsis_os2.o
 .bss.Idle_TCB.3
                0x20000624       0xa8 ./Middlewares/Third_Party/FreeRTOS/Source/CMSIS_RTOS_V2/cmsis_os2.o
 .bss.Idle_Stack.2
                0x200006cc      0x200 ./Middlewares/Third_Party/FreeRTOS/Source/CMSIS_RTOS_V2/cmsis_os2.o
 .bss.Timer_TCB.1
                0x200008cc       0xa8 ./Middlewares/Third_Party/FreeRTOS/Source/CMSIS_RTOS_V2/cmsis_os2.o
 .bss.Timer_Stack.0
                0x20000974      0x400 ./Middlewares/Third_Party/FreeRTOS/Source/CMSIS_RTOS_V2/cmsis_os2.o
 .bss.xQueueRegistry
                0x20000d74       0x40 ./Middlewares/Third_Party/FreeRTOS/Source/queue.o
                0x20000d74                xQueueRegistry
 .bss.pxCurrentTCB
                0x20000db4        0x4 ./Middlewares/Third_Party/FreeRTOS/Source/tasks.o
                0x20000db4                pxCurrentTCB
 .bss.pxReadyTasksLists
                0x20000db8      0x460 ./Middlewares/Third_Party/FreeRTOS/Source/tasks.o
 .bss.xDelayedTaskList1
                0x20001218       0x14 ./Middlewares/Third_Party/FreeRTOS/Source/tasks.o
 .bss.xDelayedTaskList2
                0x2000122c       0x14 ./Middlewares/Third_Party/FreeRTOS/Source/tasks.o
 .bss.pxDelayedTaskList
                0x20001240        0x4 ./Middlewares/Third_Party/FreeRTOS/Source/tasks.o
 .bss.pxOverflowDelayedTaskList
                0x20001244        0x4 ./Middlewares/Third_Party/FreeRTOS/Source/tasks.o
 .bss.xPendingReadyList
                0x20001248       0x14 ./Middlewares/Third_Party/FreeRTOS/Source/tasks.o
 .bss.xTasksWaitingTermination
                0x2000125c       0x14 ./Middlewares/Third_Party/FreeRTOS/Source/tasks.o
 .bss.uxDeletedTasksWaitingCleanUp
                0x20001270        0x4 ./Middlewares/Third_Party/FreeRTOS/Source/tasks.o
 .bss.xSuspendedTaskList
                0x20001274       0x14 ./Middlewares/Third_Party/FreeRTOS/Source/tasks.o
 .bss.uxCurrentNumberOfTasks
                0x20001288        0x4 ./Middlewares/Third_Party/FreeRTOS/Source/tasks.o
 .bss.xTickCount
                0x2000128c        0x4 ./Middlewares/Third_Party/FreeRTOS/Source/tasks.o
 .bss.uxTopReadyPriority
                0x20001290        0x4 ./Middlewares/Third_Party/FreeRTOS/Source/tasks.o
 .bss.xSchedulerRunning
                0x20001294        0x4 ./Middlewares/Third_Party/FreeRTOS/Source/tasks.o
 .bss.xPendedTicks
                0x20001298        0x4 ./Middlewares/Third_Party/FreeRTOS/Source/tasks.o
 .bss.xYieldPending
                0x2000129c        0x4 ./Middlewares/Third_Party/FreeRTOS/Source/tasks.o
 .bss.xNumOfOverflows
                0x200012a0        0x4 ./Middlewares/Third_Party/FreeRTOS/Source/tasks.o
 .bss.uxTaskNumber
                0x200012a4        0x4 ./Middlewares/Third_Party/FreeRTOS/Source/tasks.o
 .bss.xNextTaskUnblockTime
                0x200012a8        0x4 ./Middlewares/Third_Party/FreeRTOS/Source/tasks.o
 .bss.xIdleTaskHandle
                0x200012ac        0x4 ./Middlewares/Third_Party/FreeRTOS/Source/tasks.o
 .bss.uxSchedulerSuspended
                0x200012b0        0x4 ./Middlewares/Third_Party/FreeRTOS/Source/tasks.o
 .bss.xActiveTimerList1
                0x200012b4       0x14 ./Middlewares/Third_Party/FreeRTOS/Source/timers.o
 .bss.xActiveTimerList2
                0x200012c8       0x14 ./Middlewares/Third_Party/FreeRTOS/Source/timers.o
 .bss.pxCurrentTimerList
                0x200012dc        0x4 ./Middlewares/Third_Party/FreeRTOS/Source/timers.o
 .bss.pxOverflowTimerList
                0x200012e0        0x4 ./Middlewares/Third_Party/FreeRTOS/Source/timers.o
 .bss.xTimerQueue
                0x200012e4        0x4 ./Middlewares/Third_Party/FreeRTOS/Source/timers.o
 .bss.xTimerTaskHandle
                0x200012e8        0x4 ./Middlewares/Third_Party/FreeRTOS/Source/timers.o
 .bss.xLastTime.2
                0x200012ec        0x4 ./Middlewares/Third_Party/FreeRTOS/Source/timers.o
 .bss.ucStaticTimerQueueStorage.1
                0x200012f0       0xa0 ./Middlewares/Third_Party/FreeRTOS/Source/timers.o
 .bss.xStaticTimerQueue.0
                0x20001390       0x50 ./Middlewares/Third_Party/FreeRTOS/Source/timers.o
 .bss.ucMaxSysCallPriority
                0x200013e0        0x1 ./Middlewares/Third_Party/FreeRTOS/Source/portable/GCC/ARM_CM4F/port.o
 *fill*         0x200013e1        0x3 
 .bss.ulMaxPRIGROUPValue
                0x200013e4        0x4 ./Middlewares/Third_Party/FreeRTOS/Source/portable/GCC/ARM_CM4F/port.o
 .bss.ucHeap    0x200013e8     0x1388 ./Middlewares/Third_Party/FreeRTOS/Source/portable/MemMang/heap_4.o
 .bss.xStart    0x20002770        0x8 ./Middlewares/Third_Party/FreeRTOS/Source/portable/MemMang/heap_4.o
 .bss.pxEnd     0x20002778        0x4 ./Middlewares/Third_Party/FreeRTOS/Source/portable/MemMang/heap_4.o
 .bss.xFreeBytesRemaining
                0x2000277c        0x4 ./Middlewares/Third_Party/FreeRTOS/Source/portable/MemMang/heap_4.o
 .bss.xMinimumEverFreeBytesRemaining
                0x20002780        0x4 ./Middlewares/Third_Party/FreeRTOS/Source/portable/MemMang/heap_4.o
 .bss.xNumberOfSuccessfulAllocations
                0x20002784        0x4 ./Middlewares/Third_Party/FreeRTOS/Source/portable/MemMang/heap_4.o
 .bss.xNumberOfSuccessfulFrees
                0x20002788        0x4 ./Middlewares/Third_Party/FreeRTOS/Source/portable/MemMang/heap_4.o
 .bss.xBlockAllocatedBit
                0x2000278c        0x4 ./Middlewares/Third_Party/FreeRTOS/Source/portable/MemMang/heap_4.o
 .bss.__sf      0x20002790      0x138 C:/ST/STM32CubeIDE_1.16.0/STM32CubeIDE/plugins/com.st.stm32cube.ide.mcu.externaltools.gnu-tools-for-stm32.12.3.rel1.win32_1.0.200.202406191623/tools/bin/../lib/gcc/arm-none-eabi/12.3.1/../../../../arm-none-eabi/lib/thumb/v7e-m+fp/hard\libc_nano.a(libc_a-findfp.o)
                0x20002790                __sf
 .bss.__lock___malloc_recursive_mutex
                0x200028c8        0x1 C:/ST/STM32CubeIDE_1.16.0/STM32CubeIDE/plugins/com.st.stm32cube.ide.mcu.externaltools.gnu-tools-for-stm32.12.3.rel1.win32_1.0.200.202406191623/tools/bin/../lib/gcc/arm-none-eabi/12.3.1/../../../../arm-none-eabi/lib/thumb/v7e-m+fp/hard\libc_nano.a(libc_a-lock.o)
                0x200028c8                __lock___malloc_recursive_mutex
 *fill*         0x200028c9        0x3 
 .bss.__malloc_free_list
                0x200028cc        0x4 C:/ST/STM32CubeIDE_1.16.0/STM32CubeIDE/plugins/com.st.stm32cube.ide.mcu.externaltools.gnu-tools-for-stm32.12.3.rel1.win32_1.0.200.202406191623/tools/bin/../lib/gcc/arm-none-eabi/12.3.1/../../../../arm-none-eabi/lib/thumb/v7e-m+fp/hard\libc_nano.a(libc_a-mallocr.o)
                0x200028cc                __malloc_free_list
 *(COMMON)
                0x200028d0                        . = ALIGN (0x4)
                0x200028d0                        _ebss = .
                0x200028d0                        __bss_end__ = _ebss

._user_heap_stack
                0x200028d0      0x600 load address 0x08009160
                0x200028d0                        . = ALIGN (0x8)
                [!provide]                        PROVIDE (end = .)
                0x200028d0                        PROVIDE (_end = .)
                0x20002ad0                        . = (. + _Min_Heap_Size)
 *fill*         0x200028d0      0x200 
                0x20002ed0                        . = (. + _Min_Stack_Size)
 *fill*         0x20002ad0      0x400 
                0x20002ed0                        . = ALIGN (0x8)

/DISCARD/
 libc.a(*)
 libm.a(*)
 libgcc.a(*)

.ARM.attributes
                0x00000000       0x30
 *(.ARM.attributes)
 .ARM.attributes
                0x00000000       0x22 C:/ST/STM32CubeIDE_1.16.0/STM32CubeIDE/plugins/com.st.stm32cube.ide.mcu.externaltools.gnu-tools-for-stm32.12.3.rel1.win32_1.0.200.202406191623/tools/bin/../lib/gcc/arm-none-eabi/12.3.1/thumb/v7e-m+fp/hard/crti.o
 .ARM.attributes
                0x00000022       0x34 C:/ST/STM32CubeIDE_1.16.0/STM32CubeIDE/plugins/com.st.stm32cube.ide.mcu.externaltools.gnu-tools-for-stm32.12.3.rel1.win32_1.0.200.202406191623/tools/bin/../lib/gcc/arm-none-eabi/12.3.1/thumb/v7e-m+fp/hard/crtbegin.o
 .ARM.attributes
                0x00000056       0x34 ./Core/Src/ADS7138.o
 .ARM.attributes
                0x0000008a       0x34 ./Core/Src/User.o
 .ARM.attributes
                0x000000be       0x34 ./Core/Src/main.o
 .ARM.attributes
                0x000000f2       0x34 ./Core/Src/stm32l4xx_hal_msp.o
 .ARM.attributes
                0x00000126       0x34 ./Core/Src/stm32l4xx_hal_timebase_tim.o
 .ARM.attributes
                0x0000015a       0x34 ./Core/Src/stm32l4xx_it.o
 .ARM.attributes
                0x0000018e       0x34 ./Core/Src/system_stm32l4xx.o
 .ARM.attributes
                0x000001c2       0x21 ./Core/Startup/startup_stm32l496rgtx.o
 .ARM.attributes
                0x000001e3       0x34 ./Drivers/STM32L4xx_HAL_Driver/Src/stm32l4xx_hal.o
 .ARM.attributes
                0x00000217       0x34 ./Drivers/STM32L4xx_HAL_Driver/Src/stm32l4xx_hal_can.o
 .ARM.attributes
                0x0000024b       0x34 ./Drivers/STM32L4xx_HAL_Driver/Src/stm32l4xx_hal_cortex.o
 .ARM.attributes
                0x0000027f       0x34 ./Drivers/STM32L4xx_HAL_Driver/Src/stm32l4xx_hal_gpio.o
 .ARM.attributes
                0x000002b3       0x34 ./Drivers/STM32L4xx_HAL_Driver/Src/stm32l4xx_hal_hcd.o
 .ARM.attributes
                0x000002e7       0x34 ./Drivers/STM32L4xx_HAL_Driver/Src/stm32l4xx_hal_i2c.o
 .ARM.attributes
                0x0000031b       0x34 ./Drivers/STM32L4xx_HAL_Driver/Src/stm32l4xx_hal_i2c_ex.o
 .ARM.attributes
                0x0000034f       0x34 ./Drivers/STM32L4xx_HAL_Driver/Src/stm32l4xx_hal_pwr_ex.o
 .ARM.attributes
                0x00000383       0x34 ./Drivers/STM32L4xx_HAL_Driver/Src/stm32l4xx_hal_rcc.o
 .ARM.attributes
                0x000003b7       0x34 ./Drivers/STM32L4xx_HAL_Driver/Src/stm32l4xx_hal_rcc_ex.o
 .ARM.attributes
                0x000003eb       0x34 ./Drivers/STM32L4xx_HAL_Driver/Src/stm32l4xx_hal_tim.o
 .ARM.attributes
                0x0000041f       0x34 ./Drivers/STM32L4xx_HAL_Driver/Src/stm32l4xx_hal_tim_ex.o
 .ARM.attributes
                0x00000453       0x34 ./Drivers/STM32L4xx_HAL_Driver/Src/stm32l4xx_ll_usb.o
 .ARM.attributes
                0x00000487       0x34 ./Middlewares/Third_Party/FreeRTOS/Source/CMSIS_RTOS_V2/cmsis_os2.o
 .ARM.attributes
                0x000004bb       0x34 ./Middlewares/Third_Party/FreeRTOS/Source/list.o
 .ARM.attributes
                0x000004ef       0x34 ./Middlewares/Third_Party/FreeRTOS/Source/queue.o
 .ARM.attributes
                0x00000523       0x34 ./Middlewares/Third_Party/FreeRTOS/Source/tasks.o
 .ARM.attributes
                0x00000557       0x34 ./Middlewares/Third_Party/FreeRTOS/Source/timers.o
 .ARM.attributes
                0x0000058b       0x34 ./Middlewares/Third_Party/FreeRTOS/Source/portable/GCC/ARM_CM4F/port.o
 .ARM.attributes
                0x000005bf       0x34 ./Middlewares/Third_Party/FreeRTOS/Source/portable/MemMang/heap_4.o
 .ARM.attributes
                0x000005f3       0x34 C:/ST/STM32CubeIDE_1.16.0/STM32CubeIDE/plugins/com.st.stm32cube.ide.mcu.externaltools.gnu-tools-for-stm32.12.3.rel1.win32_1.0.200.202406191623/tools/bin/../lib/gcc/arm-none-eabi/12.3.1/../../../../arm-none-eabi/lib/thumb/v7e-m+fp/hard\libc_nano.a(libc_a-findfp.o)
 .ARM.attributes
                0x00000627       0x34 C:/ST/STM32CubeIDE_1.16.0/STM32CubeIDE/plugins/com.st.stm32cube.ide.mcu.externaltools.gnu-tools-for-stm32.12.3.rel1.win32_1.0.200.202406191623/tools/bin/../lib/gcc/arm-none-eabi/12.3.1/../../../../arm-none-eabi/lib/thumb/v7e-m+fp/hard\libc_nano.a(libc_a-memset.o)
 .ARM.attributes
                0x0000065b       0x34 C:/ST/STM32CubeIDE_1.16.0/STM32CubeIDE/plugins/com.st.stm32cube.ide.mcu.externaltools.gnu-tools-for-stm32.12.3.rel1.win32_1.0.200.202406191623/tools/bin/../lib/gcc/arm-none-eabi/12.3.1/../../../../arm-none-eabi/lib/thumb/v7e-m+fp/hard\libc_nano.a(libc_a-reent.o)
 .ARM.attributes
                0x0000068f       0x34 C:/ST/STM32CubeIDE_1.16.0/STM32CubeIDE/plugins/com.st.stm32cube.ide.mcu.externaltools.gnu-tools-for-stm32.12.3.rel1.win32_1.0.200.202406191623/tools/bin/../lib/gcc/arm-none-eabi/12.3.1/../../../../arm-none-eabi/lib/thumb/v7e-m+fp/hard\libc_nano.a(libc_a-impure.o)
 .ARM.attributes
                0x000006c3       0x34 C:/ST/STM32CubeIDE_1.16.0/STM32CubeIDE/plugins/com.st.stm32cube.ide.mcu.externaltools.gnu-tools-for-stm32.12.3.rel1.win32_1.0.200.202406191623/tools/bin/../lib/gcc/arm-none-eabi/12.3.1/../../../../arm-none-eabi/lib/thumb/v7e-m+fp/hard\libc_nano.a(libc_a-init.o)
 .ARM.attributes
                0x000006f7       0x34 C:/ST/STM32CubeIDE_1.16.0/STM32CubeIDE/plugins/com.st.stm32cube.ide.mcu.externaltools.gnu-tools-for-stm32.12.3.rel1.win32_1.0.200.202406191623/tools/bin/../lib/gcc/arm-none-eabi/12.3.1/../../../../arm-none-eabi/lib/thumb/v7e-m+fp/hard\libc_nano.a(libc_a-lock.o)
 .ARM.attributes
                0x0000072b       0x34 C:/ST/STM32CubeIDE_1.16.0/STM32CubeIDE/plugins/com.st.stm32cube.ide.mcu.externaltools.gnu-tools-for-stm32.12.3.rel1.win32_1.0.200.202406191623/tools/bin/../lib/gcc/arm-none-eabi/12.3.1/../../../../arm-none-eabi/lib/thumb/v7e-m+fp/hard\libc_nano.a(libc_a-memcpy-stub.o)
 .ARM.attributes
                0x0000075f       0x34 C:/ST/STM32CubeIDE_1.16.0/STM32CubeIDE/plugins/com.st.stm32cube.ide.mcu.externaltools.gnu-tools-for-stm32.12.3.rel1.win32_1.0.200.202406191623/tools/bin/../lib/gcc/arm-none-eabi/12.3.1/../../../../arm-none-eabi/lib/thumb/v7e-m+fp/hard\libc_nano.a(libc_a-freer.o)
 .ARM.attributes
                0x00000793       0x34 C:/ST/STM32CubeIDE_1.16.0/STM32CubeIDE/plugins/com.st.stm32cube.ide.mcu.externaltools.gnu-tools-for-stm32.12.3.rel1.win32_1.0.200.202406191623/tools/bin/../lib/gcc/arm-none-eabi/12.3.1/../../../../arm-none-eabi/lib/thumb/v7e-m+fp/hard\libc_nano.a(libc_a-mallocr.o)
 .ARM.attributes
                0x000007c7       0x34 C:/ST/STM32CubeIDE_1.16.0/STM32CubeIDE/plugins/com.st.stm32cube.ide.mcu.externaltools.gnu-tools-for-stm32.12.3.rel1.win32_1.0.200.202406191623/tools/bin/../lib/gcc/arm-none-eabi/12.3.1/../../../../arm-none-eabi/lib/thumb/v7e-m+fp/hard\libc_nano.a(libc_a-mlock.o)
 .ARM.attributes
                0x000007fb       0x22 C:/ST/STM32CubeIDE_1.16.0/STM32CubeIDE/plugins/com.st.stm32cube.ide.mcu.externaltools.gnu-tools-for-stm32.12.3.rel1.win32_1.0.200.202406191623/tools/bin/../lib/gcc/arm-none-eabi/12.3.1/thumb/v7e-m+fp/hard/crtn.o
OUTPUT(BMS2025.elf elf32-littlearm)
LOAD linker stubs
LOAD C:/ST/STM32CubeIDE_1.16.0/STM32CubeIDE/plugins/com.st.stm32cube.ide.mcu.externaltools.gnu-tools-for-stm32.12.3.rel1.win32_1.0.200.202406191623/tools/bin/../lib/gcc/arm-none-eabi/12.3.1/../../../../arm-none-eabi/lib/thumb/v7e-m+fp/hard\libc.a
LOAD C:/ST/STM32CubeIDE_1.16.0/STM32CubeIDE/plugins/com.st.stm32cube.ide.mcu.externaltools.gnu-tools-for-stm32.12.3.rel1.win32_1.0.200.202406191623/tools/bin/../lib/gcc/arm-none-eabi/12.3.1/../../../../arm-none-eabi/lib/thumb/v7e-m+fp/hard\libm.a
LOAD C:/ST/STM32CubeIDE_1.16.0/STM32CubeIDE/plugins/com.st.stm32cube.ide.mcu.externaltools.gnu-tools-for-stm32.12.3.rel1.win32_1.0.200.202406191623/tools/bin/../lib/gcc/arm-none-eabi/12.3.1/thumb/v7e-m+fp/hard\libgcc.a

.debug_info     0x00000000    0x22f28
 .debug_info    0x00000000     0x17c4 ./Core/Src/ADS7138.o
 .debug_info    0x000017c4     0x19b9 ./Core/Src/User.o
 .debug_info    0x0000317d     0x26f2 ./Core/Src/main.o
 .debug_info    0x0000586f     0x1f42 ./Core/Src/stm32l4xx_hal_msp.o
 .debug_info    0x000077b1      0xcc3 ./Core/Src/stm32l4xx_hal_timebase_tim.o
 .debug_info    0x00008474      0xb16 ./Core/Src/stm32l4xx_it.o
 .debug_info    0x00008f8a      0x5cd ./Core/Src/system_stm32l4xx.o
 .debug_info    0x00009557       0x30 ./Core/Startup/startup_stm32l496rgtx.o
 .debug_info    0x00009587      0xb4b ./Drivers/STM32L4xx_HAL_Driver/Src/stm32l4xx_hal.o
 .debug_info    0x0000a0d2      0xf17 ./Drivers/STM32L4xx_HAL_Driver/Src/stm32l4xx_hal_can.o
 .debug_info    0x0000afe9      0xdb7 ./Drivers/STM32L4xx_HAL_Driver/Src/stm32l4xx_hal_cortex.o
 .debug_info    0x0000bda0      0x76f ./Drivers/STM32L4xx_HAL_Driver/Src/stm32l4xx_hal_gpio.o
 .debug_info    0x0000c50f     0x1121 ./Drivers/STM32L4xx_HAL_Driver/Src/stm32l4xx_hal_hcd.o
 .debug_info    0x0000d630     0x20d2 ./Drivers/STM32L4xx_HAL_Driver/Src/stm32l4xx_hal_i2c.o
 .debug_info    0x0000f702      0x999 ./Drivers/STM32L4xx_HAL_Driver/Src/stm32l4xx_hal_i2c_ex.o
 .debug_info    0x0001009b      0x996 ./Drivers/STM32L4xx_HAL_Driver/Src/stm32l4xx_hal_pwr_ex.o
 .debug_info    0x00010a31      0xc3b ./Drivers/STM32L4xx_HAL_Driver/Src/stm32l4xx_hal_rcc.o
 .debug_info    0x0001166c     0x10c1 ./Drivers/STM32L4xx_HAL_Driver/Src/stm32l4xx_hal_rcc_ex.o
 .debug_info    0x0001272d     0x2a9a ./Drivers/STM32L4xx_HAL_Driver/Src/stm32l4xx_hal_tim.o
 .debug_info    0x000151c7     0x169e ./Drivers/STM32L4xx_HAL_Driver/Src/stm32l4xx_hal_tim_ex.o
 .debug_info    0x00016865     0x1994 ./Drivers/STM32L4xx_HAL_Driver/Src/stm32l4xx_ll_usb.o
 .debug_info    0x000181f9     0x4143 ./Middlewares/Third_Party/FreeRTOS/Source/CMSIS_RTOS_V2/cmsis_os2.o
 .debug_info    0x0001c33c      0x2af ./Middlewares/Third_Party/FreeRTOS/Source/list.o
 .debug_info    0x0001c5eb     0x1b79 ./Middlewares/Third_Party/FreeRTOS/Source/queue.o
 .debug_info    0x0001e164     0x28c1 ./Middlewares/Third_Party/FreeRTOS/Source/tasks.o
 .debug_info    0x00020a25     0x1b50 ./Middlewares/Third_Party/FreeRTOS/Source/timers.o
 .debug_info    0x00022575      0x4de ./Middlewares/Third_Party/FreeRTOS/Source/portable/GCC/ARM_CM4F/port.o
 .debug_info    0x00022a53      0x4d5 ./Middlewares/Third_Party/FreeRTOS/Source/portable/MemMang/heap_4.o

.debug_abbrev   0x00000000     0x4770
 .debug_abbrev  0x00000000      0x32d ./Core/Src/ADS7138.o
 .debug_abbrev  0x0000032d      0x3e3 ./Core/Src/User.o
 .debug_abbrev  0x00000710      0x38b ./Core/Src/main.o
 .debug_abbrev  0x00000a9b      0x2b9 ./Core/Src/stm32l4xx_hal_msp.o
 .debug_abbrev  0x00000d54      0x1f4 ./Core/Src/stm32l4xx_hal_timebase_tim.o
 .debug_abbrev  0x00000f48      0x1b3 ./Core/Src/stm32l4xx_it.o
 .debug_abbrev  0x000010fb      0x11a ./Core/Src/system_stm32l4xx.o
 .debug_abbrev  0x00001215       0x24 ./Core/Startup/startup_stm32l496rgtx.o
 .debug_abbrev  0x00001239      0x242 ./Drivers/STM32L4xx_HAL_Driver/Src/stm32l4xx_hal.o
 .debug_abbrev  0x0000147b      0x26f ./Drivers/STM32L4xx_HAL_Driver/Src/stm32l4xx_hal_can.o
 .debug_abbrev  0x000016ea      0x31c ./Drivers/STM32L4xx_HAL_Driver/Src/stm32l4xx_hal_cortex.o
 .debug_abbrev  0x00001a06      0x1cb ./Drivers/STM32L4xx_HAL_Driver/Src/stm32l4xx_hal_gpio.o
 .debug_abbrev  0x00001bd1      0x296 ./Drivers/STM32L4xx_HAL_Driver/Src/stm32l4xx_hal_hcd.o
 .debug_abbrev  0x00001e67      0x261 ./Drivers/STM32L4xx_HAL_Driver/Src/stm32l4xx_hal_i2c.o
 .debug_abbrev  0x000020c8      0x1c3 ./Drivers/STM32L4xx_HAL_Driver/Src/stm32l4xx_hal_i2c_ex.o
 .debug_abbrev  0x0000228b      0x1f9 ./Drivers/STM32L4xx_HAL_Driver/Src/stm32l4xx_hal_pwr_ex.o
 .debug_abbrev  0x00002484      0x2cb ./Drivers/STM32L4xx_HAL_Driver/Src/stm32l4xx_hal_rcc.o
 .debug_abbrev  0x0000274f      0x2a3 ./Drivers/STM32L4xx_HAL_Driver/Src/stm32l4xx_hal_rcc_ex.o
 .debug_abbrev  0x000029f2      0x278 ./Drivers/STM32L4xx_HAL_Driver/Src/stm32l4xx_hal_tim.o
 .debug_abbrev  0x00002c6a      0x283 ./Drivers/STM32L4xx_HAL_Driver/Src/stm32l4xx_hal_tim_ex.o
 .debug_abbrev  0x00002eed      0x2b1 ./Drivers/STM32L4xx_HAL_Driver/Src/stm32l4xx_ll_usb.o
 .debug_abbrev  0x0000319e      0x548 ./Middlewares/Third_Party/FreeRTOS/Source/CMSIS_RTOS_V2/cmsis_os2.o
 .debug_abbrev  0x000036e6       0xf5 ./Middlewares/Third_Party/FreeRTOS/Source/list.o
 .debug_abbrev  0x000037db      0x3b6 ./Middlewares/Third_Party/FreeRTOS/Source/queue.o
 .debug_abbrev  0x00003b91      0x3fe ./Middlewares/Third_Party/FreeRTOS/Source/tasks.o
 .debug_abbrev  0x00003f8f      0x368 ./Middlewares/Third_Party/FreeRTOS/Source/timers.o
 .debug_abbrev  0x000042f7      0x25c ./Middlewares/Third_Party/FreeRTOS/Source/portable/GCC/ARM_CM4F/port.o
 .debug_abbrev  0x00004553      0x21d ./Middlewares/Third_Party/FreeRTOS/Source/portable/MemMang/heap_4.o

.debug_aranges  0x00000000     0x1cf8
 .debug_aranges
                0x00000000       0xe0 ./Core/Src/ADS7138.o
 .debug_aranges
                0x000000e0       0x78 ./Core/Src/User.o
 .debug_aranges
                0x00000158       0x80 ./Core/Src/main.o
 .debug_aranges
                0x000001d8       0x68 ./Core/Src/stm32l4xx_hal_msp.o
 .debug_aranges
                0x00000240       0x30 ./Core/Src/stm32l4xx_hal_timebase_tim.o
 .debug_aranges
                0x00000270       0x68 ./Core/Src/stm32l4xx_it.o
 .debug_aranges
                0x000002d8       0x28 ./Core/Src/system_stm32l4xx.o
 .debug_aranges
                0x00000300       0x28 ./Core/Startup/startup_stm32l496rgtx.o
 .debug_aranges
                0x00000328      0x130 ./Drivers/STM32L4xx_HAL_Driver/Src/stm32l4xx_hal.o
 .debug_aranges
                0x00000458      0x138 ./Drivers/STM32L4xx_HAL_Driver/Src/stm32l4xx_hal_can.o
 .debug_aranges
                0x00000590      0x128 ./Drivers/STM32L4xx_HAL_Driver/Src/stm32l4xx_hal_cortex.o
 .debug_aranges
                0x000006b8       0x58 ./Drivers/STM32L4xx_HAL_Driver/Src/stm32l4xx_hal_gpio.o
 .debug_aranges
                0x00000710      0x100 ./Drivers/STM32L4xx_HAL_Driver/Src/stm32l4xx_hal_hcd.o
 .debug_aranges
                0x00000810      0x2a0 ./Drivers/STM32L4xx_HAL_Driver/Src/stm32l4xx_hal_i2c.o
 .debug_aranges
                0x00000ab0       0x48 ./Drivers/STM32L4xx_HAL_Driver/Src/stm32l4xx_hal_i2c_ex.o
 .debug_aranges
                0x00000af8      0x150 ./Drivers/STM32L4xx_HAL_Driver/Src/stm32l4xx_hal_pwr_ex.o
 .debug_aranges
                0x00000c48       0x90 ./Drivers/STM32L4xx_HAL_Driver/Src/stm32l4xx_hal_rcc.o
 .debug_aranges
                0x00000cd8      0x108 ./Drivers/STM32L4xx_HAL_Driver/Src/stm32l4xx_hal_rcc_ex.o
 .debug_aranges
                0x00000de0      0x3e0 ./Drivers/STM32L4xx_HAL_Driver/Src/stm32l4xx_hal_tim.o
 .debug_aranges
                0x000011c0      0x180 ./Drivers/STM32L4xx_HAL_Driver/Src/stm32l4xx_hal_tim_ex.o
 .debug_aranges
                0x00001340      0x1a0 ./Drivers/STM32L4xx_HAL_Driver/Src/stm32l4xx_ll_usb.o
 .debug_aranges
                0x000014e0      0x2b0 ./Middlewares/Third_Party/FreeRTOS/Source/CMSIS_RTOS_V2/cmsis_os2.o
 .debug_aranges
                0x00001790       0x40 ./Middlewares/Third_Party/FreeRTOS/Source/list.o
 .debug_aranges
                0x000017d0      0x158 ./Middlewares/Third_Party/FreeRTOS/Source/queue.o
 .debug_aranges
                0x00001928      0x208 ./Middlewares/Third_Party/FreeRTOS/Source/tasks.o
 .debug_aranges
                0x00001b30       0xf0 ./Middlewares/Third_Party/FreeRTOS/Source/timers.o
 .debug_aranges
                0x00001c20       0x80 ./Middlewares/Third_Party/FreeRTOS/Source/portable/GCC/ARM_CM4F/port.o
 .debug_aranges
                0x00001ca0       0x58 ./Middlewares/Third_Party/FreeRTOS/Source/portable/MemMang/heap_4.o

.debug_rnglists
                0x00000000     0x1671
 .debug_rnglists
                0x00000000       0xaa ./Core/Src/ADS7138.o
 .debug_rnglists
                0x000000aa       0x56 ./Core/Src/User.o
 .debug_rnglists
                0x00000100       0x64 ./Core/Src/main.o
 .debug_rnglists
                0x00000164       0x4f ./Core/Src/stm32l4xx_hal_msp.o
 .debug_rnglists
                0x000001b3       0x20 ./Core/Src/stm32l4xx_hal_timebase_tim.o
 .debug_rnglists
                0x000001d3       0x49 ./Core/Src/stm32l4xx_it.o
 .debug_rnglists
                0x0000021c       0x1a ./Core/Src/system_stm32l4xx.o
 .debug_rnglists
                0x00000236       0x19 ./Core/Startup/startup_stm32l496rgtx.o
 .debug_rnglists
                0x0000024f       0xdf ./Drivers/STM32L4xx_HAL_Driver/Src/stm32l4xx_hal.o
 .debug_rnglists
                0x0000032e       0xee ./Drivers/STM32L4xx_HAL_Driver/Src/stm32l4xx_hal_can.o
 .debug_rnglists
                0x0000041c       0xda ./Drivers/STM32L4xx_HAL_Driver/Src/stm32l4xx_hal_cortex.o
 .debug_rnglists
                0x000004f6       0x3f ./Drivers/STM32L4xx_HAL_Driver/Src/stm32l4xx_hal_gpio.o
 .debug_rnglists
                0x00000535       0xc3 ./Drivers/STM32L4xx_HAL_Driver/Src/stm32l4xx_hal_hcd.o
 .debug_rnglists
                0x000005f8      0x228 ./Drivers/STM32L4xx_HAL_Driver/Src/stm32l4xx_hal_i2c.o
 .debug_rnglists
                0x00000820       0x35 ./Drivers/STM32L4xx_HAL_Driver/Src/stm32l4xx_hal_i2c_ex.o
 .debug_rnglists
                0x00000855       0xfd ./Drivers/STM32L4xx_HAL_Driver/Src/stm32l4xx_hal_pwr_ex.o
 .debug_rnglists
                0x00000952       0x6d ./Drivers/STM32L4xx_HAL_Driver/Src/stm32l4xx_hal_rcc.o
 .debug_rnglists
                0x000009bf       0xce ./Drivers/STM32L4xx_HAL_Driver/Src/stm32l4xx_hal_rcc_ex.o
 .debug_rnglists
                0x00000a8d      0x328 ./Drivers/STM32L4xx_HAL_Driver/Src/stm32l4xx_hal_tim.o
 .debug_rnglists
                0x00000db5      0x139 ./Drivers/STM32L4xx_HAL_Driver/Src/stm32l4xx_hal_tim_ex.o
 .debug_rnglists
                0x00000eee      0x146 ./Drivers/STM32L4xx_HAL_Driver/Src/stm32l4xx_ll_usb.o
 .debug_rnglists
                0x00001034      0x212 ./Middlewares/Third_Party/FreeRTOS/Source/CMSIS_RTOS_V2/cmsis_os2.o
 .debug_rnglists
                0x00001246       0x2b ./Middlewares/Third_Party/FreeRTOS/Source/list.o
 .debug_rnglists
                0x00001271      0x109 ./Middlewares/Third_Party/FreeRTOS/Source/queue.o
 .debug_rnglists
                0x0000137a      0x1a0 ./Middlewares/Third_Party/FreeRTOS/Source/tasks.o
 .debug_rnglists
                0x0000151a       0xb8 ./Middlewares/Third_Party/FreeRTOS/Source/timers.o
 .debug_rnglists
                0x000015d2       0x5d ./Middlewares/Third_Party/FreeRTOS/Source/portable/GCC/ARM_CM4F/port.o
 .debug_rnglists
                0x0000162f       0x42 ./Middlewares/Third_Party/FreeRTOS/Source/portable/MemMang/heap_4.o

.debug_macro    0x00000000    0x2cb6d
 .debug_macro   0x00000000      0x2fa ./Core/Src/ADS7138.o
 .debug_macro   0x000002fa      0xb8c ./Core/Src/ADS7138.o
 .debug_macro   0x00000e86      0x1b3 ./Core/Src/ADS7138.o
 .debug_macro   0x00001039       0x2e ./Core/Src/ADS7138.o
 .debug_macro   0x00001067       0x28 ./Core/Src/ADS7138.o
 .debug_macro   0x0000108f       0x1c ./Core/Src/ADS7138.o
 .debug_macro   0x000010ab       0x22 ./Core/Src/ADS7138.o
 .debug_macro   0x000010cd       0x8e ./Core/Src/ADS7138.o
 .debug_macro   0x0000115b       0x51 ./Core/Src/ADS7138.o
 .debug_macro   0x000011ac      0x103 ./Core/Src/ADS7138.o
 .debug_macro   0x000012af       0x6a ./Core/Src/ADS7138.o
 .debug_macro   0x00001319      0x1df ./Core/Src/ADS7138.o
 .debug_macro   0x000014f8       0x1c ./Core/Src/ADS7138.o
 .debug_macro   0x00001514       0x22 ./Core/Src/ADS7138.o
 .debug_macro   0x00001536       0xfb ./Core/Src/ADS7138.o
 .debug_macro   0x00001631     0x1011 ./Core/Src/ADS7138.o
 .debug_macro   0x00002642      0x11f ./Core/Src/ADS7138.o
 .debug_macro   0x00002761    0x1c1e2 ./Core/Src/ADS7138.o
 .debug_macro   0x0001e943       0x6d ./Core/Src/ADS7138.o
 .debug_macro   0x0001e9b0     0x38fb ./Core/Src/ADS7138.o
 .debug_macro   0x000222ab      0x190 ./Core/Src/ADS7138.o
 .debug_macro   0x0002243b       0x5c ./Core/Src/ADS7138.o
 .debug_macro   0x00022497     0x187d ./Core/Src/ADS7138.o
 .debug_macro   0x00023d14      0x773 ./Core/Src/ADS7138.o
 .debug_macro   0x00024487      0x1b9 ./Core/Src/ADS7138.o
 .debug_macro   0x00024640      0x202 ./Core/Src/ADS7138.o
 .debug_macro   0x00024842      0x26b ./Core/Src/ADS7138.o
 .debug_macro   0x00024aad      0x23d ./Core/Src/ADS7138.o
 .debug_macro   0x00024cea      0x40f ./Core/Src/ADS7138.o
 .debug_macro   0x000250f9      0x241 ./Core/Src/ADS7138.o
 .debug_macro   0x0002533a      0x3ad ./Core/Src/ADS7138.o
 .debug_macro   0x000256e7       0xe4 ./Core/Src/ADS7138.o
 .debug_macro   0x000257cb      0x215 ./Core/Src/ADS7138.o
 .debug_macro   0x000259e0       0x7d ./Core/Src/ADS7138.o
 .debug_macro   0x00025a5d      0x22c ./Core/Src/ADS7138.o
 .debug_macro   0x00025c89       0x61 ./Core/Src/ADS7138.o
 .debug_macro   0x00025cea       0xa5 ./Core/Src/ADS7138.o
 .debug_macro   0x00025d8f      0x122 ./Core/Src/ADS7138.o
 .debug_macro   0x00025eb1      0x3ef ./Core/Src/ADS7138.o
 .debug_macro   0x000262a0      0xa98 ./Core/Src/ADS7138.o
 .debug_macro   0x00026d38      0x1fb ./Core/Src/ADS7138.o
 .debug_macro   0x00026f33      0x433 ./Core/Src/ADS7138.o
 .debug_macro   0x00027366       0x12 ./Core/Src/ADS7138.o
 .debug_macro   0x00027378      0x1d6 ./Core/Src/ADS7138.o
 .debug_macro   0x0002754e       0x10 ./Core/Src/ADS7138.o
 .debug_macro   0x0002755e      0x417 ./Core/Src/ADS7138.o
 .debug_macro   0x00027975       0x61 ./Core/Src/ADS7138.o
 .debug_macro   0x000279d6       0x2a ./Core/Src/ADS7138.o
 .debug_macro   0x00027a00       0x43 ./Core/Src/ADS7138.o
 .debug_macro   0x00027a43       0x34 ./Core/Src/ADS7138.o
 .debug_macro   0x00027a77       0x16 ./Core/Src/ADS7138.o
 .debug_macro   0x00027a8d       0x43 ./Core/Src/ADS7138.o
 .debug_macro   0x00027ad0       0x34 ./Core/Src/ADS7138.o
 .debug_macro   0x00027b04       0x10 ./Core/Src/ADS7138.o
 .debug_macro   0x00027b14       0x58 ./Core/Src/ADS7138.o
 .debug_macro   0x00027b6c       0x8e ./Core/Src/ADS7138.o
 .debug_macro   0x00027bfa       0x16 ./Core/Src/ADS7138.o
 .debug_macro   0x00027c10      0x177 ./Core/Src/ADS7138.o
 .debug_macro   0x00027d87      0x38c ./Core/Src/ADS7138.o
 .debug_macro   0x00028113       0x10 ./Core/Src/ADS7138.o
 .debug_macro   0x00028123       0x35 ./Core/Src/ADS7138.o
 .debug_macro   0x00028158       0x20 ./Core/Src/ADS7138.o
 .debug_macro   0x00028178       0x8e ./Core/Src/ADS7138.o
 .debug_macro   0x00028206      0x344 ./Core/Src/User.o
 .debug_macro   0x0002854a       0x16 ./Core/Src/User.o
 .debug_macro   0x00028560      0x16f ./Core/Src/User.o
 .debug_macro   0x000286cf      0x15a ./Core/Src/User.o
 .debug_macro   0x00028829       0xc9 ./Core/Src/User.o
 .debug_macro   0x000288f2       0x1c ./Core/Src/User.o
 .debug_macro   0x0002890e       0x26 ./Core/Src/User.o
 .debug_macro   0x00028934       0x10 ./Core/Src/User.o
 .debug_macro   0x00028944      0x4bf ./Core/Src/User.o
 .debug_macro   0x00028e03       0xb5 ./Core/Src/User.o
 .debug_macro   0x00028eb8       0xaa ./Core/Src/User.o
 .debug_macro   0x00028f62       0x66 ./Core/Src/User.o
 .debug_macro   0x00028fc8       0x74 ./Core/Src/User.o
 .debug_macro   0x0002903c       0xdd ./Core/Src/User.o
 .debug_macro   0x00029119      0x348 ./Core/Src/main.o
 .debug_macro   0x00029461      0x1f2 ./Core/Src/stm32l4xx_hal_msp.o
 .debug_macro   0x00029653      0x1e8 ./Core/Src/stm32l4xx_hal_timebase_tim.o
 .debug_macro   0x0002983b      0x1fc ./Core/Src/stm32l4xx_it.o
 .debug_macro   0x00029a37      0x1e8 ./Core/Src/system_stm32l4xx.o
 .debug_macro   0x00029c1f      0x236 ./Drivers/STM32L4xx_HAL_Driver/Src/stm32l4xx_hal.o
 .debug_macro   0x00029e55      0x1f7 ./Drivers/STM32L4xx_HAL_Driver/Src/stm32l4xx_hal_can.o
 .debug_macro   0x0002a04c      0x1e8 ./Drivers/STM32L4xx_HAL_Driver/Src/stm32l4xx_hal_cortex.o
 .debug_macro   0x0002a234      0x1ef ./Drivers/STM32L4xx_HAL_Driver/Src/stm32l4xx_hal_gpio.o