../Core/Src/ADS7138.cpp:6:1:ADS7138::ADS7138()	16	static
../Core/Src/ADS7138.cpp:14:6:void ADS7138::begin(I2C_HandleTypeDef*, uint8_t)	24	static
../Core/Src/ADS7138.cpp:22:6:void ADS7138::setReferenceVoltage(uint32_t)	16	static
../Core/Src/ADS7138.cpp:26:6:void ADS7138::writeRegister8(uint8_t, uint8_t)	32	static
../Core/Src/ADS7138.cpp:31:6:void ADS7138::configureOpMode(ADS7138__OSC_SEL, ADS7138__CONV_MODE, ADS7138__CONV_ON_ERR)	24	static
../Core/Src/ADS7138.cpp:36:6:void ADS7138::configureSequenceMode(ADS7138__SEQ_MODE, ADS7138__SEQ_START)	24	static
../Core/Src/ADS7138.cpp:41:6:void ADS7138::configureOsr(ADS7138__OSR)	16	static
../Core/Src/ADS7138.cpp:46:6:void ADS7138::selectChannel(ADS7138__MANUAL_CHID)	16	static
../Core/Src/ADS7138.cpp:51:10:uint16_t ADS7138::read()	32	static
../Core/Src/ADS7138.cpp:64:10:uint16_t ADS7138::readChannel(ADS7138__MANUAL_CHID)	16	static
../Core/Src/ADS7138.cpp:71:10:uint32_t ADS7138::readVoltage()	24	static
../Core/Src/ADS7138.cpp:76:10:uint32_t ADS7138::readChannelVoltage(ADS7138__MANUAL_CHID)	16	static
