../Core/Src/BMSClass.cpp:13:1:BMSClass::BMSClass(BQ76952*, BQ76952*)	24	static
../Core/Src/BMSClass.cpp:19:19:HAL_StatusTypeDef BMSClass::readVoltages()	32	static
../Core/Src/BMSClass.cpp:49:19:HAL_StatusTypeDef BMSClass::readCurrents()	32	static
../Core/Src/BMSClass.cpp:70:19:HAL_StatusTypeDef BMSClass::readTemperatures()	16	static
../Core/Src/BMSClass.cpp:76:9:int16_t BMSClass::getCellVoltage(BMSCellID)	16	static
../Core/Src/BMSClass.cpp:80:6:void BMSClass::getAll29CellVoltages(int16_t*)	16	static
../Core/Src/BMSClass.cpp:84:9:int16_t BMSClass::getTotalVoltage()	16	static
../Core/Src/BMSClass.cpp:87:9:int16_t BMSClass::getAverageVoltage()	16	static
../Core/Src/BMSClass.cpp:90:9:int16_t BMSClass::getMaxVoltage()	16	static
../Core/Src/BMSClass.cpp:93:9:int16_t BMSClass::getMinVoltage()	16	static
../Core/Src/BMSClass.cpp:98:6:void BMSClass::getPrevCurrents(int16_t*)	16	static
../Core/Src/BMSClass.cpp:101:9:int16_t BMSClass::getRollingAvgCurrent()	16	static
../Core/Src/BMSClass.cpp:106:10:uint16_t BMSClass::getCellTemperature(BMSCellID)	16	static
../Core/Src/BMSClass.cpp:110:6:void BMSClass::getAll29CellTemperatures(uint16_t*)	16	static
../Core/Src/BMSClass.cpp:114:10:uint16_t BMSClass::getMiscTemp1()	16	static
../Core/Src/BMSClass.cpp:118:10:uint16_t BMSClass::getMiscTemp2()	16	static
../Core/Src/BMSClass.cpp:122:10:uint16_t BMSClass::getMiscTemp3()	16	static
../Core/Src/BMSClass.cpp:126:10:uint16_t BMSClass::getAvgCellTemp()	16	static
../Core/Src/BMSClass.cpp:130:10:uint16_t BMSClass::getMaxCellTemp()	16	static
../Core/Src/BMSClass.cpp:134:10:uint16_t BMSClass::getMinCellTemp()	16	static
