../Core/Src/User.cpp:51:6:void CPP_UserSetup()	16	static
../Core/Src/User.cpp:76:6:void StartDefaultTask(void*)	16	static
../Core/Src/User.cpp:89:6:void StartTask02(void*)	24	static
../Core/Src/User.cpp:110:6:void StartTask03(void*)	88	static
../Core/Src/User.cpp:137:6:void StartTask04(void*)	16	static
../Core/Src/User.cpp:154:6:void StartTask05(void*)	80	static
../Core/Src/User.cpp:201:6:void StartTask06(void*)	16	static
../Core/Src/User.cpp:224:6:void HAL_CAN_RxFifo0MsgPendingCallback(CAN_HandleTypeDef*)	16	static
../Core/Src/User.cpp:251:7:float ADCToCurrentL(uint16_t)	16	static
../Core/Src/User.cpp:263:7:float ADCToCurrentH(uint16_t)	16	static
../Core/Src/User.cpp:275:7:float ADCToTemperature(uint16_t)	24	static
../Core/Src/User.cpp:284:1:void __static_initialization_and_destruction_0()	8	static
../Core/Src/User.cpp:284:1:cpp)	8	static
