/opt/stm32cubeide/plugins/com.st.stm32cube.ide.mcu.externaltools.gnu-tools-for-stm32.13.3.rel1.linux64_1.0.0.202410170706/tools/arm-none-eabi/include/c++/13.3.1/bits/std_abs.h:75:3:constexpr float std::abs(float)	16	static
../Core/Inc/BMS.hpp:28:8:BMSData::BMSData()	16	static
../Core/Src/User.cpp:80:6:void CPP_UserSetup()	16	static
../Core/Src/User.cpp:140:6:void StartDefaultTask(void*)	16	static
../Core/Src/User.cpp:153:6:void StartTask02(void*)	24	static
../Core/Src/User.cpp:188:6:void StartTask03(void*)	96	static
../Core/Src/User.cpp:251:6:void StartTask04(void*)	176	static
../Core/Src/User.cpp:318:6:void StartTask05(void*)	56	static
../Core/Src/User.cpp:362:6:void StartTask06(void*)	24	static
../Core/Src/User.cpp:395:6:void HAL_CAN_RxFifo0MsgPendingCallback(CAN_HandleTypeDef*)	16	static
../Core/Src/User.cpp:418:7:float ADCToCurrentL(uint32_t)	16	static
../Core/Src/User.cpp:430:7:float ADCToCurrentH(uint32_t)	16	static
../Core/Src/User.cpp:442:7:float ADCToTemperature(uint32_t)	24	static
../Core/Src/User.cpp:453:7:float ADCToTemp(uint32_t)	16	static
../Core/Src/User.cpp:466:6:void setUpCAN1(CAN_TxHeaderTypeDef&, uint8_t*)	16	static
../Core/Src/User.cpp:484:6:void setUpCAN2(CAN_TxHeaderTypeDef&, uint8_t*)	24	static
../Core/Src/User.cpp:501:6:void setUpCAN3(CAN_TxHeaderTypeDef&, uint8_t*)	16	static
../Core/Src/User.cpp:516:6:void send_bms_data(uint16_t*, float*, float)	32	static
../Core/Src/User.cpp:528:1:void __static_initialization_and_destruction_0()	16	static
../Core/Src/User.cpp:528:1:cpp)	8	static
