../Core/Src/User.cpp:37:6:void CPP_UserSetup()	16	static
../Core/Src/User.cpp:62:6:void StartDefaultTask(void*)	16	static
../Core/Src/User.cpp:75:6:void StartTask02(void*)	24	static
../Core/Src/User.cpp:96:6:void StartTask03(void*)	16	static
../Core/Src/User.cpp:113:6:void StartTask04(void*)	16	static
../Core/Src/User.cpp:130:6:void StartTask05(void*)	80	static
../Core/Src/User.cpp:177:6:void StartTask06(void*)	16	static
../Core/Src/User.cpp:200:6:void HAL_CAN_RxFifo0MsgPendingCallback(CAN_HandleTypeDef*)	16	static
../Core/Src/User.cpp:227:7:float ADCToCurrentL(uint16_t)	16	static
../Core/Src/User.cpp:239:7:float ADCToCurrentH(uint16_t)	16	static
../Core/Src/User.cpp:248:1:void __static_initialization_and_destruction_0()	8	static
../Core/Src/User.cpp:248:1:cpp)	8	static
