../Core/Src/User.cpp:31:6:void CPP_UserSetup()	8	static
../Core/Src/User.cpp:48:6:void StartDefaultTask(void*)	16	static
../Core/Src/User.cpp:61:6:void StartTask02(void*)	24	static
../Core/Src/User.cpp:81:6:void StartTask03(void*)	16	static
../Core/Src/User.cpp:97:6:void StartTask04(void*)	16	static
../Core/Src/User.cpp:114:6:void StartTask05(void*)	80	static
../Core/Src/User.cpp:160:6:void StartTask06(void*)	16	static
../Core/Src/User.cpp:183:6:void HAL_CAN_RxFifo0MsgPendingCallback(CAN_HandleTypeDef*)	16	static
../Core/Src/User.cpp:210:7:float ADCToCurrentL(uint16_t)	16	static
../Core/Src/User.cpp:222:7:float ADCToCurrentH(uint16_t)	16	static
../Core/Src/User.cpp:231:1:void __static_initialization_and_destruction_0(int, int)	16	static
../Core/Src/User.cpp:231:1:cpp)	8	static
