../Core/Src/User.cpp:45:6:void CPP_UserSetup()	16	static
../Core/Src/User.cpp:79:6:void StartDefaultTask(void*)	16	static
../Core/Src/User.cpp:92:6:void StartTask02(void*)	24	static
../Core/Src/User.cpp:112:6:void StartTask03(void*)	80	static
../Core/Src/User.cpp:130:6:void StartTask04(void*)	24	static
../Core/Src/User.cpp:151:6:void StartTask05(void*)	80	static
../Core/Src/User.cpp:198:6:void StartTask06(void*)	16	static
../Core/Src/User.cpp:221:6:void HAL_CAN_RxFifo0MsgPendingCallback(CAN_HandleTypeDef*)	16	static
../Core/Src/User.cpp:248:7:float ADCToCurrentL(uint16_t)	16	static
../Core/Src/User.cpp:260:7:float ADCToCurrentH(uint16_t)	16	static
../Core/Src/User.cpp:271:7:float ADCToTemp(uint16_t)	24	static
../Core/Src/User.cpp:286:1:void __static_initialization_and_destruction_0()	16	static
../Core/Src/User.cpp:286:1:cpp)	8	static
