../Core/Src/User.cpp:38:6:void CPP_UserSetup()	16	static
../Core/Src/User.cpp:63:6:void StartDefaultTask(void*)	16	static
../Core/Src/User.cpp:76:6:void StartTask02(void*)	24	static
../Core/Src/User.cpp:97:6:void StartTask03(void*)	80	static
../Core/Src/User.cpp:115:6:void StartTask04(void*)	16	static
../Core/Src/User.cpp:132:6:void StartTask05(void*)	80	static
../Core/Src/User.cpp:179:6:void StartTask06(void*)	16	static
../Core/Src/User.cpp:202:6:void HAL_CAN_RxFifo0MsgPendingCallback(CAN_HandleTypeDef*)	16	static
../Core/Src/User.cpp:229:7:float ADCToCurrentL(uint16_t)	16	static
../Core/Src/User.cpp:241:7:float ADCToCurrentH(uint16_t)	16	static
../Core/Src/User.cpp:250:1:void __static_initialization_and_destruction_0()	8	static
../Core/Src/User.cpp:250:1:cpp)	8	static
